TAP version 13
# Subtest: 2.1.0 Rapor Merkezi BANKALI veriyle: bütün para raporları × bütün süzgeçler × ekran/PDF/Excel, bağımsız beklenenle
    # Subtest: Nakit Akış: başlangıç = Nakit + Gerçek Banka (K10: Hesabı Atanmamış POS 900 hariç)
    ok 1 - Nakit Akış: başlangıç = Nakit + Gerçek Banka (K10: Hesabı Atanmamış POS 900 hariç)
      ---
      duration_ms: 123.407447
      type: 'test'
      ...
    # Subtest: Nakit Akış (90 gün): beklenen giriş/çıkış bağımsız (taksit, portföydeki senet, verilen çek); başlangıç Kasa + Banka (+ bugün POS)
    ok 2 - Nakit Akış (90 gün): beklenen giriş/çıkış bağımsız (taksit, portföydeki senet, verilen çek); başlangıç Kasa + Banka (+ bugün POS)
      ---
      duration_ms: 8.128018
      type: 'test'
      ...
    1..2
ok 1 - 2.1.0 Rapor Merkezi BANKALI veriyle: bütün para raporları × bütün süzgeçler × ekran/PDF/Excel, bağımsız beklenenle
  ---
  duration_ms: 1574.928249
  type: 'suite'
  ...
1..1
# tests 2
# suites 1
# pass 2
# fail 0
# cancelled 0
# skipped 0
# todo 0
# duration_ms 2050.085879
