TAP version 13
# Subtest: GG2 — kart borcu ve kredi varlık göstergelerine karışmaz
    # Subtest: yalnız Ziraat 100.000: beş gösterge 100.000
    ok 1 - yalnız Ziraat 100.000: beş gösterge 100.000
      ---
      duration_ms: 51.762474
      type: 'test'
      ...
    # Subtest: kurumsal kart açılış borcu 5.000: göstergeler değişmez; POS görünümünde kart borcu yok
    ok 2 - kurumsal kart açılış borcu 5.000: göstergeler değişmez; POS görünümünde kart borcu yok
      ---
      duration_ms: 187.415848
      type: 'test'
      ...
    # Subtest: kredi kullanımı 30.000 ve kart borcu ödemesi 2.000: varlık 128.000, borç 33.000
    ok 3 - kredi kullanımı 30.000 ve kart borcu ödemesi 2.000: varlık 128.000, borç 33.000
      ---
      duration_ms: 157.93673
      type: 'test'
      ...
    1..3
ok 1 - GG2 — kart borcu ve kredi varlık göstergelerine karışmaz
  ---
  duration_ms: 884.982117
  type: 'suite'
  ...
# Subtest: GG2 — Banka ve POS Hareketleri: açılış ve Devir Kapanışı para hareketi değildir; kaynak ve açıklama
    # Subtest: sihirbaz → Geri Al → açılış 0 → hesap sil döngüsünden sonra dönem giriş/çıkış değişmez (5.000 / 0)
    ok 1 - sihirbaz → Geri Al → açılış 0 → hesap sil döngüsünden sonra dönem giriş/çıkış değişmez (5.000 / 0)
      ---
      duration_ms: 157.325682
      type: 'test'
      ...
    # Subtest: Banka Fişi satırında Kaynak 'Banka Fişi', açıklamasız fişte işlem türü ve İşlem No
    ok 2 - Banka Fişi satırında Kaynak 'Banka Fişi', açıklamasız fişte işlem türü ve İşlem No
      ---
      duration_ms: 52.89418
      type: 'test'
      ...
    1..2
ok 2 - GG2 — Banka ve POS Hareketleri: açılış ve Devir Kapanışı para hareketi değildir; kaynak ve açıklama
  ---
  duration_ms: 612.594611
  type: 'suite'
  ...
# Subtest: 2.0.23 Bulgu 2: taksit kartı ↔ fatura kapama
    # Subtest: A: önce fatura, sonra ayrı kart — kartın tahsilatı faturayı kapatmaz
    ok 1 - A: önce fatura, sonra ayrı kart — kartın tahsilatı faturayı kapatmaz
      ---
      duration_ms: 162.39551
      type: 'test'
      ...
    # Subtest: B: önce kart, sonra fatura — cari kartından alınan tahsilat faturaya sayılır, kaybolmaz
    ok 2 - B: önce kart, sonra fatura — cari kartından alınan tahsilat faturaya sayılır, kaybolmaz
      ---
      duration_ms: 113.810753
      type: 'test'
      ...
    # Subtest: C: fatura hiç ödenmedi, kart tamamen ödendi — fatura 'Ödendi' görünmez
    ok 3 - C: fatura hiç ödenmedi, kart tamamen ödendi — fatura 'Ödendi' görünmez
      ---
      duration_ms: 117.586588
      type: 'test'
      ...
    # Subtest: G: ayrı kartı kapatmak (kalanı silmek) ödenmemiş faturayı kapatmaz
    ok 4 - G: ayrı kartı kapatmak (kalanı silmek) ödenmemiş faturayı kapatmaz
      ---
      duration_ms: 114.551358
      type: 'test'
      ...
    # Subtest: ayrı kartın borcunu aşan tahsilat artanı faturaya sayılır (para kaybolmaz)
    ok 5 - ayrı kartın borcunu aşan tahsilat artanı faturaya sayılır (para kaybolmaz)
      ---
      duration_ms: 126.286824
      type: 'test'
      ...
    # Subtest: D: Mevcut Borç kartına bölünen fatura — fatura ve kart tutarlı; yaşlandırma, nakit akış, vade takip ve takvim bir kez sayar
    ok 6 - D: Mevcut Borç kartına bölünen fatura — fatura ve kart tutarlı; yaşlandırma, nakit akış, vade takip ve takvim bir kez sayar
      ---
      duration_ms: 156.849307
      type: 'test'
      ...
    # Subtest: D (çok cari): 12 caride Mevcut Borç kartı — toplu bakiye yolu da her borcu bir kez sayar
    ok 7 - D (çok cari): 12 caride Mevcut Borç kartı — toplu bakiye yolu da her borcu bir kez sayar
      ---
      duration_ms: 1059.991274
      type: 'test'
      ...
    # Subtest: E: taksitli fatura + cari kartından bağsız tahsilat — fatura açığı = kendi kartının kalanı
    ok 8 - E: taksitli fatura + cari kartından bağsız tahsilat — fatura açığı = kendi kartının kalanı
      ---
      duration_ms: 79.239305
      type: 'test'
      ...
    # Subtest: F: taksitli faturaya 'Kapatılacak Fatura' bağı reddedilir; liste taksitli faturayı ayırt eder
    ok 9 - F: taksitli faturaya 'Kapatılacak Fatura' bağı reddedilir; liste taksitli faturayı ayırt eder
      ---
      duration_ms: 68.975734
      type: 'test'
      ...
    # Subtest: taksitli fatura kendi kartından tahsil edilince fatura da kapanır (eski davranış korunur)
    ok 10 - taksitli fatura kendi kartından tahsil edilince fatura da kapanır (eski davranış korunur)
      ---
      duration_ms: 73.705594
      type: 'test'
      ...
    # Subtest: Bulgu 4: Banka ve POS Hareketleri raporunda Yol süzgeci uygulanır
    ok 11 - Bulgu 4: Banka ve POS Hareketleri raporunda Yol süzgeci uygulanır
      ---
      duration_ms: 116.348241
      type: 'test'
      ...
    1..11
ok 3 - 2.0.23 Bulgu 2: taksit kartı ↔ fatura kapama
  ---
  duration_ms: 2719.998146
  type: 'suite'
  ...
# Subtest: 2.0.23 Bulgu 2: kapama kuralı (saf fonksiyon)
    # Subtest: taksitli faturaya cari kartından bağ (eski veri) yok sayılır; fatura kendi kartının tahsilatıyla kapanır
    ok 1 - taksitli faturaya cari kartından bağ (eski veri) yok sayılır; fatura kendi kartının tahsilatıyla kapanır
      ---
      duration_ms: 0.652107
      type: 'test'
      ...
    # Subtest: ayrı kartın satırları fatura sırasına girmez; artan ödeme havuza düşer
    ok 2 - ayrı kartın satırları fatura sırasına girmez; artan ödeme havuza düşer
      ---
      duration_ms: 0.283252
      type: 'test'
      ...
    1..2
ok 4 - 2.0.23 Bulgu 2: kapama kuralı (saf fonksiyon)
  ---
  duration_ms: 1.142392
  type: 'suite'
  ...
# Subtest: 2.0.23: PDF özet kutusunda uzun başlık kesilmez
    # Subtest: Kasa Hareketleri gibi 6 kutulu özette 'Güncel Kasa (tüm hareketler)' iki satıra iner, '…' ile kesilmez
    ok 1 - Kasa Hareketleri gibi 6 kutulu özette 'Güncel Kasa (tüm hareketler)' iki satıra iner, '…' ile kesilmez
      ---
      duration_ms: 49.259389
      type: 'test'
      ...
    # Subtest: dar kutuda (8 kutu, dikey) uzun sözcük harf ortasından bölünmez: küçülür ya da tireyle bölünür (gözden geçirme)
    ok 2 - dar kutuda (8 kutu, dikey) uzun sözcük harf ortasından bölünmez: küçülür ya da tireyle bölünür (gözden geçirme)
      ---
      duration_ms: 14.786602
      type: 'test'
      ...
    1..2
ok 5 - 2.0.23: PDF özet kutusunda uzun başlık kesilmez
  ---
  duration_ms: 64.24471
  type: 'suite'
  ...
# Subtest: 2.0.23 gözden geçirme: kapamanın kalan yolları
    # Subtest: \#2: Mevcut Borç kartından SONRA kesilen fatura karta bölünmüş sayılmaz (Alacak Yaz)
    ok 1 - \#2: Mevcut Borç kartından SONRA kesilen fatura karta bölünmüş sayılmaz (Alacak Yaz)
      ---
      duration_ms: 132.563816
      type: 'test'
      ...
    # Subtest: \#2: Mevcut Borç kartından SONRA kesilen fatura karta bölünmüş sayılmaz (alış faturası)
    ok 2 - \#2: Mevcut Borç kartından SONRA kesilen fatura karta bölünmüş sayılmaz (alış faturası)
      ---
      duration_ms: 126.943866
      type: 'test'
      ...
    # Subtest: \#4: stoktan taksitli satışın kartı tahsil edilince ilgisiz eski fatura 'Ödendi' olmaz
    ok 3 - \#4: stoktan taksitli satışın kartı tahsil edilince ilgisiz eski fatura 'Ödendi' olmaz
      ---
      duration_ms: 137.14666
      type: 'test'
      ...
    # Subtest: D (peşinatlı): peşinatı alınmış fatura Mevcut Borç kartına bölünür; fatura açığı = kart kalanı
    ok 4 - D (peşinatlı): peşinatı alınmış fatura Mevcut Borç kartına bölünür; fatura açığı = kart kalanı
      ---
      duration_ms: 110.419387
      type: 'test'
      ...
    # Subtest: \#9: taksitli faturanın kendi kartında taksit iadesi faturayı da yeniden açar
    ok 5 - \#9: taksitli faturanın kendi kartında taksit iadesi faturayı da yeniden açar
      ---
      duration_ms: 116.032912
      type: 'test'
      ...
    # Subtest: \#9: faturanın kendi taksit kartının tutarı Taksitler'den değiştirilemez (fatura ile kart ayrışmasın)
    ok 6 - \#9: faturanın kendi taksit kartının tutarı Taksitler'den değiştirilemez (fatura ile kart ayrışmasın)
      ---
      duration_ms: 95.39114
      type: 'test'
      ...
    # Subtest: \#5: taksitli fatura mahsup edilemez (fatura ile kendi kartı ayrışmasın)
    ok 7 - \#5: taksitli fatura mahsup edilemez (fatura ile kendi kartı ayrışmasın)
      ---
      duration_ms: 89.330436
      type: 'test'
      ...
    # Subtest: \#6: eski veride taksitli faturaya bağlı cari tahsilatı düzeltilebilir (bağ değişmeden)
    ok 8 - \#6: eski veride taksitli faturaya bağlı cari tahsilatı düzeltilebilir (bağ değişmeden)
      ---
      duration_ms: 127.981968
      type: 'test'
      ...
    # Subtest: \#7: kısmen ödenmiş açık fatura sonradan taksitlendirilemez; neden ve doğru yol söylenir
    ok 9 - \#7: kısmen ödenmiş açık fatura sonradan taksitlendirilemez; neden ve doğru yol söylenir
      ---
      duration_ms: 69.532345
      type: 'test'
      ...
    # Subtest: 2. tur: kapsanan fatura iptal edilince kartın kapsamı eski, ödenmiş faturaya kaymaz
    ok 10 - 2. tur: kapsanan fatura iptal edilince kartın kapsamı eski, ödenmiş faturaya kaymaz
      ---
      duration_ms: 151.790174
      type: 'test'
      ...
    # Subtest: 2. tur: kapsanan fatura düzenlenip küçülünce kapsam ödenmiş faturaya kaymaz
    ok 11 - 2. tur: kapsanan fatura düzenlenip küçülünce kapsam ödenmiş faturaya kaymaz
      ---
      duration_ms: 170.45762
      type: 'test'
      ...
    # Subtest: 2. tur: kapsanan Borç Yaz silinince kapsam ödenmiş faturaya kaymaz
    ok 12 - 2. tur: kapsanan Borç Yaz silinince kapsam ödenmiş faturaya kaymaz
      ---
      duration_ms: 221.189128
      type: 'test'
      ...
    # Subtest: 2. tur: geriye tarihli borç girilince kart, açık kalan faturayı kapsar; tahsilat başka faturaya kaymaz
    ok 13 - 2. tur: geriye tarihli borç girilince kart, açık kalan faturayı kapsar; tahsilat başka faturaya kaymaz
      ---
      duration_ms: 134.448661
      type: 'test'
      ...
    # Subtest: 2. tur: peşin ödenmiş yeni fatura varken kart, açık eski faturayı kapsar (yaşlandırmada bir kez)
    ok 14 - 2. tur: peşin ödenmiş yeni fatura varken kart, açık eski faturayı kapsar (yaşlandırmada bir kez)
      ---
      duration_ms: 178.46288
      type: 'test'
      ...
    # Subtest: 2. tur: Otomatik Dağıt Mevcut Borç kartını carinin borcundan büyütemez (Düzenle'deki denetim)
    ok 15 - 2. tur: Otomatik Dağıt Mevcut Borç kartını carinin borcundan büyütemez (Düzenle'deki denetim)
      ---
      duration_ms: 182.777146
      type: 'test'
      ...
    # Subtest: 2. tur: Otomatik Dağıt faturanın kendi taksit kartının tutarını değiştiremez
    ok 16 - 2. tur: Otomatik Dağıt faturanın kendi taksit kartının tutarını değiştiremez
      ---
      duration_ms: 122.614974
      type: 'test'
      ...
    # Subtest: 2. tur: Otomatik Dağıt kilitli dönemdeki yeni borç kartının tutarını değiştiremez
    ok 17 - 2. tur: Otomatik Dağıt kilitli dönemdeki yeni borç kartının tutarını değiştiremez
      ---
      duration_ms: 97.174037
      type: 'test'
      ...
    # Subtest: 2. tur \#1: taksitleri girilmemiş ('Şimdilik yok') Mevcut Borç kartında borç birleşik listelerden düşmez
    ok 18 - 2. tur \#1: taksitleri girilmemiş ('Şimdilik yok') Mevcut Borç kartında borç birleşik listelerden düşmez
      ---
      duration_ms: 83.244186
      type: 'test'
      ...
    # Subtest: 2. tur \#1: elle tek taksit (500) girilen 2.000'lik kartta kalan 1.500 faturada görünür
    ok 19 - 2. tur \#1: elle tek taksit (500) girilen 2.000'lik kartta kalan 1.500 faturada görünür
      ---
      duration_ms: 151.442726
      type: 'test'
      ...
    # Subtest: 2. tur \#1: tutarı Düzenle ile küçültülen kartta (taksitler aynı) borç bir kez sayılır
    ok 20 - 2. tur \#1: tutarı Düzenle ile küçültülen kartta (taksitler aynı) borç bir kez sayılır
      ---
      duration_ms: 87.969107
      type: 'test'
      ...
    # Subtest: 2. tur \#2: geriye tarihli stoktan taksitli satışın kartı, kendi satışını kapsar (ilgisiz fatura ödenmiş görünmez)
    ok 21 - 2. tur \#2: geriye tarihli stoktan taksitli satışın kartı, kendi satışını kapsar (ilgisiz fatura ödenmiş görünmez)
      ---
      duration_ms: 227.805445
      type: 'test'
      ...
    # Subtest: 2. tur \#3 / 3. tur: Mevcut Borç kartı büyütülemez (Düzenle ve Otomatik Dağıt); yeni borç kartın dışında, bir kez sayılır
    ok 22 - 2. tur \#3 / 3. tur: Mevcut Borç kartı büyütülemez (Düzenle ve Otomatik Dağıt); yeni borç kartın dışında, bir kez sayılır
      ---
      duration_ms: 354.926173
      type: 'test'
      ...
    # Subtest: 3. tur: borcu olmayan caride (yalnız ödeme yapılmış) açılan kart sonradan kesilen faturayı yutmaz
    ok 23 - 3. tur: borcu olmayan caride (yalnız ödeme yapılmış) açılan kart sonradan kesilen faturayı yutmaz
      ---
      duration_ms: 138.989422
      type: 'test'
      ...
    # Subtest: 2. tur \#4: silinen Mevcut Borç kartı, taksitlendirdiği borç bu arada ödenmişse geri yüklenmez (ödenmiş fatura açılmaz)
    ok 24 - 2. tur \#4: silinen Mevcut Borç kartı, taksitlendirdiği borç bu arada ödenmişse geri yüklenmez (ödenmiş fatura açılmaz)
      ---
      duration_ms: 126.107086
      type: 'test'
      ...
    # Subtest: 3. tur: kartın kendi tahsilatı olan silinmiş kart, borç bu arada azaldıysa geri yüklenmez; borç varsa geri yüklenir
    ok 25 - 3. tur: kartın kendi tahsilatı olan silinmiş kart, borç bu arada azaldıysa geri yüklenmez; borç varsa geri yüklenir
      ---
      duration_ms: 283.882162
      type: 'test'
      ...
    1..25
ok 6 - 2.0.23 gözden geçirme: kapamanın kalan yolları
  ---
  duration_ms: 4118.300003
  type: 'suite'
  ...
# Subtest: çek/senet kural motoru (saf)
    # Subtest: durum geçişleri: izinli olanlar geçer, diğerleri okunur nedenle reddedilir
    ok 1 - durum geçişleri: izinli olanlar geçer, diğerleri okunur nedenle reddedilir
      ---
      duration_ms: 3.209761
      type: 'test'
      ...
    # Subtest: defter etkileri: alınan → cariye alacak ya da taksite tahsilat; ciro → tedarikçiye borç; karşılıksız → geri çevirme
    ok 2 - defter etkileri: alınan → cariye alacak ya da taksite tahsilat; ciro → tedarikçiye borç; karşılıksız → geri çevirme
      ---
      duration_ms: 0.917158
      type: 'test'
      ...
    # Subtest: portföy özeti vadeye göre (geçmiş / bugün / 7 gün)
    ok 3 - portföy özeti vadeye göre (geçmiş / bugün / 7 gün)
      ---
      duration_ms: 1.032413
      type: 'test'
      ...
    # Subtest: Excel başlıkları ve hücre değerleri
    ok 4 - Excel başlıkları ve hücre değerleri
      ---
      duration_ms: 2.64161
      type: 'test'
      ...
    1..4
ok 7 - çek/senet kural motoru (saf)
  ---
  duration_ms: 9.265696
  type: 'suite'
  ...
# Subtest: rapor motoru (saf): mizan, ekstre, nakit akışı
    # Subtest: mizan: devir + dönem borç/alacak = bakiye; hareketsiz cari istenmezse yazılmaz
    ok 1 - mizan: devir + dönem borç/alacak = bakiye; hareketsiz cari istenmezse yazılmaz
      ---
      duration_ms: 1.11878
      type: 'test'
      ...
    # Subtest: ekstre: devir satırı ve yürüyen bakiye
    ok 2 - ekstre: devir satırı ve yürüyen bakiye
      ---
      duration_ms: 6.892725
      type: 'test'
      ...
    # Subtest: nakit akışı: gecikmişler ayrı, aynı gün önce çıkış, en düşük bakiye, başlangıç bugünden sonraysa aradakiler taşınır
    ok 3 - nakit akışı: gecikmişler ayrı, aynı gün önce çıkış, en düşük bakiye, başlangıç bugünden sonraysa aradakiler taşınır
      ---
      duration_ms: 1.580992
      type: 'test'
      ...
    # Subtest: hazır aralıklar takvim günüyle (ay sonu, artık yıl, yıl dönümü)
    ok 4 - hazır aralıklar takvim günüyle (ay sonu, artık yıl, yıl dönümü)
      ---
      duration_ms: 0.828197
      type: 'test'
      ...
    1..4
ok 8 - rapor motoru (saf): mizan, ekstre, nakit akışı
  ---
  duration_ms: 11.161922
  type: 'suite'
  ...
# Subtest: çek/senet: Cari, Taksit ve Kasa ile işlem bütünlüğü
    # Subtest: alınan çek: carinin borcu düşer, Kasa değişmez; toplam alacak değişmez (cariden portföye geçer)
    ok 1 - alınan çek: carinin borcu düşer, Kasa değişmez; toplam alacak değişmez (cariden portföye geçer)
      ---
      duration_ms: 77.053755
      type: 'test'
      ...
    # Subtest: tahsil: Kasa artar, cari değişmez; geri al: Kasa eski haline döner
    ok 2 - tahsil: Kasa artar, cari değişmez; geri al: Kasa eski haline döner
      ---
      duration_ms: 117.971642
      type: 'test'
      ...
    # Subtest: ciro → tedarikçi borcu düşer; karşılıksız → müşteri yeniden borçlanır, ciro geri alınır; geri al hepsini çevirir
    ok 3 - ciro → tedarikçi borcu düşer; karşılıksız → müşteri yeniden borçlanır, ciro geri alınır; geri al hepsini çevirir
      ---
      duration_ms: 118.358323
      type: 'test'
      ...
    # Subtest: verilen çek: tedarikçi borcu düşer, toplam borç korunur; ödenince Kasa'dan çıkar ve borç kapanır
    ok 4 - verilen çek: tedarikçi borcu düşer, toplam borç korunur; ödenince Kasa'dan çıkar ve borç kapanır
      ---
      duration_ms: 112.043158
      type: 'test'
      ...
    # Subtest: taksite sayılan çek: taksit ödenmiş olur, Kasa değişmez; karşılıksız taksiti yeniden açar; kart silinemez, tahsilat karttan düzeltilemez
    ok 5 - taksite sayılan çek: taksit ödenmiş olur, Kasa değişmez; karşılıksız taksiti yeniden açar; kart silinemez, tahsilat karttan düzeltilemez
      ---
      duration_ms: 141.588399
      type: 'test'
      ...
    # Subtest: silme etkileri geri alır; Silinenler'den geri yükleme yeniden yazar; işlem görmüş evrak silinmez
    ok 6 - silme etkileri geri alır; Silinenler'den geri yükleme yeniden yazar; işlem görmüş evrak silinmez
      ---
      duration_ms: 93.374686
      type: 'test'
      ...
    # Subtest: doğrulama: tutar, tarih, kişi, çift seri no, işlem tarihi; personel çek göremez
    ok 7 - doğrulama: tutar, tarih, kişi, çift seri no, işlem tarihi; personel çek göremez
      ---
      duration_ms: 167.279145
      type: 'test'
      ...
    # Subtest: kısmi yazma geri alınır (ROLLBACK): ikinci etki başarısız olursa ilk etki de yazılmaz
    ok 8 - kısmi yazma geri alınır (ROLLBACK): ikinci etki başarısız olursa ilk etki de yazılmaz
      ---
      duration_ms: 72.817801
      type: 'test'
      ...
    # Subtest: Excel/Sheets'ten portföy: kapı raporu; varsayılan carilere dokunmaz, 'carilere işle' ile yazar; kapanmış ve çift satır alınmaz
    ok 9 - Excel/Sheets'ten portföy: kapı raporu; varsayılan carilere dokunmaz, 'carilere işle' ile yazar; kapanmış ve çift satır alınmaz
      ---
      duration_ms: 56.830346
      type: 'test'
      ...
    # Subtest: PDF ve Excel çıktıları: portföy, mizan, ekstre, nakit akışı
    ok 10 - PDF ve Excel çıktıları: portföy, mizan, ekstre, nakit akışı
      ---
      duration_ms: 138.098591
      type: 'test'
      ...
    1..10
ok 9 - çek/senet: Cari, Taksit ve Kasa ile işlem bütünlüğü
  ---
  duration_ms: 1990.300995
  type: 'suite'
  ...
# Subtest: ANLIK DURUM: karttaki rakamlar ekranlarla birebir aynı (rastgele 400 işlem)
    # Subtest: Kasa, alacak, borç, kritik stok, mizan ve nakit akışı her adımda tutarlı
    ok 1 - Kasa, alacak, borç, kritik stok, mizan ve nakit akışı her adımda tutarlı
      ---
      duration_ms: 7631.99853
      type: 'test'
      ...
    # Subtest: para ya da stok değişince herkese (işlemi yapan dahil) tek 'overview.changed' olayı gider
    ok 2 - para ya da stok değişince herkese (işlemi yapan dahil) tek 'overview.changed' olayı gider
      ---
      duration_ms: 331.519925
      type: 'test'
      ...
    # Subtest: kart yalnız yöneticide; kişiye verilen finans raporları yetkisi raporları açar, kartı açmaz; geri alınınca kapanır
    ok 3 - kart yalnız yöneticide; kişiye verilen finans raporları yetkisi raporları açar, kartı açmaz; geri alınınca kapanır
      ---
      duration_ms: 365.12546
      type: 'test'
      ...
    1..3
ok 10 - ANLIK DURUM: karttaki rakamlar ekranlarla birebir aynı (rastgele 400 işlem)
  ---
  duration_ms: 8579.965984
  type: 'suite'
  ...
# Subtest: rapor merkezi: programdaki her bilgi ön izleme, PDF ve Excel olarak alınır
    # Subtest: katalogdaki her rapor çalışır; PDF ve Excel üretilir; yetkisiz kişi göremez
    ok 1 - katalogdaki her rapor çalışır; PDF ve Excel üretilir; yetkisiz kişi göremez
      ---
      duration_ms: 1141.356654
      type: 'test'
      ...
    1..1
ok 11 - rapor merkezi: programdaki her bilgi ön izleme, PDF ve Excel olarak alınır
  ---
  duration_ms: 1646.967896
  type: 'suite'
  ...
# Subtest: iş akışı (v2.0.7)
    # Subtest: A. Boş veri: ekranlar hata vermeden açılır
    ok 1 - A. Boş veri: ekranlar hata vermeden açılır
      ---
      duration_ms: 259.309384
      type: 'test'
      ...
    # Subtest: B. Sıra bağımsız bütünlük: kayıt önce / cari önce / taksit önce
    ok 2 - B. Sıra bağımsız bütünlük: kayıt önce / cari önce / taksit önce
      ---
      duration_ms: 235.715066
      type: 'test'
      ...
    # Subtest: C. Aynı adlı iki kişi
    ok 3 - C. Aynı adlı iki kişi
      ---
      duration_ms: 97.989259
      type: 'test'
      ...
    # Subtest: D. Kasa: ileri tarihli hareket ANLIK DURUM'da
    ok 4 - D. Kasa: ileri tarihli hareket ANLIK DURUM'da
      ---
      duration_ms: 71.479468
      type: 'test'
      ...
    # Subtest: E. Çek/senet: alacak yaşlandırma ve portföy tutarlılığı
    ok 5 - E. Çek/senet: alacak yaşlandırma ve portföy tutarlılığı
      ---
      duration_ms: 57.257566
      type: 'test'
      ...
    # Subtest: F. Yetki: finans raporları yetkisi verilen personel (ANLIK DURUM kartı yalnız yöneticide)
    ok 6 - F. Yetki: finans raporları yetkisi verilen personel (ANLIK DURUM kartı yalnız yöneticide)
      ---
      duration_ms: 91.947247
      type: 'test'
      ...
    # Subtest: G. Rapor doğruluğu: mizan = cari listesi; ekstre kapanış = kart bakiyesi
    ok 7 - G. Rapor doğruluğu: mizan = cari listesi; ekstre kapanış = kart bakiyesi
      ---
      duration_ms: 30.694329
      type: 'test'
      ...
    1..7
ok 12 - iş akışı (v2.0.7)
  ---
  duration_ms: 1524.590372
  type: 'suite'
  ...
# Subtest: vade listesi ve nakit dönemleri (saf)
    # Subtest: aralık, gecikmiş, bu ay, tutarsız kalem ve toplamlar
    ok 1 - aralık, gecikmiş, bu ay, tutarsız kalem ve toplamlar
      ---
      duration_ms: 4.964374
      type: 'test'
      ...
    # Subtest: nakit akışı ay / hafta toplamları: son dönemin kasası tahmini kasadır
    ok 2 - nakit akışı ay / hafta toplamları: son dönemin kasası tahmini kasadır
      ---
      duration_ms: 1.571606
      type: 'test'
      ...
    1..2
ok 13 - vade listesi ve nakit dönemleri (saf)
  ---
  duration_ms: 8.447661
  type: 'suite'
  ...
# Subtest: Raporlar penceresi uçları (tam yığın)
    # Subtest: Vade takip: her kaynak kendi hesabından; toplamlar; süzgeçler; dışa aktarma
    ok 1 - Vade takip: her kaynak kendi hesabından; toplamlar; süzgeçler; dışa aktarma
      ---
      duration_ms: 194.497677
      type: 'test'
      ...
    # Subtest: Vade takip önbelleği: tablodaki hücre düzeltilince ve tahsilat girilince hemen yenilenir
    ok 2 - Vade takip önbelleği: tablodaki hücre düzeltilince ve tahsilat girilince hemen yenilenir
      ---
      duration_ms: 172.494852
      type: 'test'
      ...
    # Subtest: Vade takip yetkisi: personel ve muhasebe göremez; uzman görür; ANLIK DURUM verilen personel görür
    ok 3 - Vade takip yetkisi: personel ve muhasebe göremez; uzman görür; ANLIK DURUM verilen personel görür
      ---
      duration_ms: 432.061863
      type: 'test'
      ...
    # Subtest: Nakit akış: tablo kaynağı açılıp kapanır (çift sayım yok); dönem toplamları
    ok 4 - Nakit akış: tablo kaynağı açılıp kapanır (çift sayım yok); dönem toplamları
      ---
      duration_ms: 66.21114
      type: 'test'
      ...
    # Subtest: Mizan: aynı adlı iki cari ayrı; telefonla arama; boşken cari sayısı döner
    ok 5 - Mizan: aynı adlı iki cari ayrı; telefonla arama; boşken cari sayısı döner
      ---
      duration_ms: 16.406662
      type: 'test'
      ...
    # Subtest: Yeni modül raporları rakamları ekranlarla aynı
    ok 6 - Yeni modül raporları rakamları ekranlarla aynı
      ---
      duration_ms: 59.573369
      type: 'test'
      ...
    1..6
ok 14 - Raporlar penceresi uçları (tam yığın)
  ---
  duration_ms: 1916.832841
  type: 'suite'
  ...
# Subtest: rapor ekranı kuralı: boş veri, geçmiş/gelecek dönem, tek kayıt, yetkisiz kullanıcı
    # Subtest: boş kurulumda her yeni rapor ve Vade takip hatasız, sıfır satır; geçmiş ve gelecek dönem; tek kayıt; personel 403
    ok 1 - boş kurulumda her yeni rapor ve Vade takip hatasız, sıfır satır; geçmiş ve gelecek dönem; tek kayıt; personel 403
      ---
      duration_ms: 772.454872
      type: 'test'
      ...
    1..1
ok 15 - rapor ekranı kuralı: boş veri, geçmiş/gelecek dönem, tek kayıt, yetkisiz kullanıcı
  ---
  duration_ms: 772.918248
  type: 'suite'
  ...
# Subtest: sektöre uygun taslak Excel
    # Subtest: her sektörün taslağı var; doldurulan taslak doğru sektör ve kolon türleriyle okunur; aylar ve ödeme günü takvime girer
    ok 1 - her sektörün taslağı var; doldurulan taslak doğru sektör ve kolon türleriyle okunur; aylar ve ödeme günü takvime girer
      ---
      duration_ms: 2491.483195
      type: 'test'
      ...
    # Subtest: ay kolonları: eğitim yılı Eylül–Haziran, takvim yılı Ocak–Aralık (yılla)
    ok 2 - ay kolonları: eğitim yılı Eylül–Haziran, takvim yılı Ocak–Aralık (yılla)
      ---
      duration_ms: 0.319973
      type: 'test'
      ...
    # Subtest: dosya: başlık satırı, açılır liste, ödeme günü sınırı, yardım notu, tarih/tutar/metin biçimi
    ok 3 - dosya: başlık satırı, açılır liste, ödeme günü sınırı, yardım notu, tarih/tutar/metin biçimi
      ---
      duration_ms: 4.95583
      type: 'test'
      ...
    # Subtest: uçlar: katalog, dosya adı, bilinmeyen sektör, giriş gerekir
    ok 4 - uçlar: katalog, dosya adı, bilinmeyen sektör, giriş gerekir
      ---
      duration_ms: 345.759662
      type: 'test'
      ...
    1..4
ok 16 - sektöre uygun taslak Excel
  ---
  duration_ms: 2843.029396
  type: 'suite'
  ...
# Subtest: 2.1.0 Rapor Merkezi BANKALI veriyle: bütün para raporları × bütün süzgeçler × ekran/PDF/Excel, bağımsız beklenenle
    # Subtest: katalog: denenen her rapor katalogda ve süzgeç seçenekleri tanımlı (yeni banka raporları ayrı testte)
    ok 1 - katalog: denenen her rapor katalogda ve süzgeç seçenekleri tanımlı (yeni banka raporları ayrı testte)
      ---
      duration_ms: 1.926799
      type: 'test'
      ...
    # Subtest: kasa-hareketleri: bütün süzgeçler × ekran/PDF/Excel, TOPLAM = satırlar, bağımsız beklenenle (bankalı veri)
    ok 2 - kasa-hareketleri: bütün süzgeçler × ekran/PDF/Excel, TOPLAM = satırlar, bağımsız beklenenle (bankalı veri)
      ---
      duration_ms: 396.138516
      type: 'test'
      ...
    # Subtest: kasa-gunluk: bütün süzgeçler × ekran/PDF/Excel, TOPLAM = satırlar, bağımsız beklenenle (bankalı veri)
    ok 3 - kasa-gunluk: bütün süzgeçler × ekran/PDF/Excel, TOPLAM = satırlar, bağımsız beklenenle (bankalı veri)
      ---
      duration_ms: 347.126972
      type: 'test'
      ...
    # Subtest: kasa-kaynak: bütün süzgeçler × ekran/PDF/Excel, TOPLAM = satırlar, bağımsız beklenenle (bankalı veri)
    ok 4 - kasa-kaynak: bütün süzgeçler × ekran/PDF/Excel, TOPLAM = satırlar, bağımsız beklenenle (bankalı veri)
      ---
      duration_ms: 282.373807
      type: 'test'
      ...
    # Subtest: kasa-aylik: bütün süzgeçler × ekran/PDF/Excel, TOPLAM = satırlar, bağımsız beklenenle (bankalı veri)
    ok 5 - kasa-aylik: bütün süzgeçler × ekran/PDF/Excel, TOPLAM = satırlar, bağımsız beklenenle (bankalı veri)
      ---
      duration_ms: 294.183631
      type: 'test'
      ...
    # Subtest: hesap-mizani: bütün süzgeçler × ekran/PDF/Excel, TOPLAM = satırlar, bağımsız beklenenle (bankalı veri)
    ok 6 - hesap-mizani: bütün süzgeçler × ekran/PDF/Excel, TOPLAM = satırlar, bağımsız beklenenle (bankalı veri)
      ---
      duration_ms: 413.098686
      type: 'test'
      ...
    # Subtest: yevmiye: bütün süzgeçler × ekran/PDF/Excel, TOPLAM = satırlar, bağımsız beklenenle (bankalı veri)
    ok 7 - yevmiye: bütün süzgeçler × ekran/PDF/Excel, TOPLAM = satırlar, bağımsız beklenenle (bankalı veri)
      ---
      duration_ms: 372.685658
      type: 'test'
      ...
    # Subtest: defter-mutabakati: bütün süzgeçler × ekran/PDF/Excel, TOPLAM = satırlar, bağımsız beklenenle (bankalı veri)
    ok 8 - defter-mutabakati: bütün süzgeçler × ekran/PDF/Excel, TOPLAM = satırlar, bağımsız beklenenle (bankalı veri)
      ---
      duration_ms: 69.696618
      type: 'test'
      ...
    # Subtest: mutabakat-gunlugu: bütün süzgeçler × ekran/PDF/Excel, TOPLAM = satırlar, bağımsız beklenenle (bankalı veri)
    ok 9 - mutabakat-gunlugu: bütün süzgeçler × ekran/PDF/Excel, TOPLAM = satırlar, bağımsız beklenenle (bankalı veri)
      ---
      duration_ms: 26.952504
      type: 'test'
      ...
    # Subtest: banka-pos-hareketleri: bütün süzgeçler × ekran/PDF/Excel, TOPLAM = satırlar, bağımsız beklenenle (bankalı veri)
    ok 10 - banka-pos-hareketleri: bütün süzgeçler × ekran/PDF/Excel, TOPLAM = satırlar, bağımsız beklenenle (bankalı veri)
      ---
      duration_ms: 938.986791
      type: 'test'
      ...
    # Subtest: mizan: bütün süzgeçler × ekran/PDF/Excel, TOPLAM = satırlar, bağımsız beklenenle (bankalı veri)
    ok 11 - mizan: bütün süzgeçler × ekran/PDF/Excel, TOPLAM = satırlar, bağımsız beklenenle (bankalı veri)
      ---
      duration_ms: 5653.049317
      type: 'test'
      ...
    # Subtest: cari-listesi: bütün süzgeçler × ekran/PDF/Excel, TOPLAM = satırlar, bağımsız beklenenle (bankalı veri)
    ok 12 - cari-listesi: bütün süzgeçler × ekran/PDF/Excel, TOPLAM = satırlar, bağımsız beklenenle (bankalı veri)
      ---
      duration_ms: 600.342451
      type: 'test'
      ...
    # Subtest: cari-ekstre: bütün süzgeçler × ekran/PDF/Excel, TOPLAM = satırlar, bağımsız beklenenle (bankalı veri)
    ok 13 - cari-ekstre: bütün süzgeçler × ekran/PDF/Excel, TOPLAM = satırlar, bağımsız beklenenle (bankalı veri)
      ---
      duration_ms: 1101.812998
      type: 'test'
      ...
    # Subtest: cari-hareketleri: bütün süzgeçler × ekran/PDF/Excel, TOPLAM = satırlar, bağımsız beklenenle (bankalı veri)
    ok 14 - cari-hareketleri: bütün süzgeçler × ekran/PDF/Excel, TOPLAM = satırlar, bağımsız beklenenle (bankalı veri)
      ---
      duration_ms: 881.392914
      type: 'test'
      ...
    # Subtest: cari-tahsilat: bütün süzgeçler × ekran/PDF/Excel, TOPLAM = satırlar, bağımsız beklenenle (bankalı veri)
    ok 15 - cari-tahsilat: bütün süzgeçler × ekran/PDF/Excel, TOPLAM = satırlar, bağımsız beklenenle (bankalı veri)
      ---
      duration_ms: 767.741268
      type: 'test'
      ...
    # Subtest: alacak-yaslandirma: bütün süzgeçler × ekran/PDF/Excel, TOPLAM = satırlar, bağımsız beklenenle (bankalı veri)
    ok 16 - alacak-yaslandirma: bütün süzgeçler × ekran/PDF/Excel, TOPLAM = satırlar, bağımsız beklenenle (bankalı veri)
      ---
      duration_ms: 38.593915
      type: 'test'
      ...
    # Subtest: fatura-satis: bütün süzgeçler × ekran/PDF/Excel, TOPLAM = satırlar, bağımsız beklenenle (bankalı veri)
    ok 17 - fatura-satis: bütün süzgeçler × ekran/PDF/Excel, TOPLAM = satırlar, bağımsız beklenenle (bankalı veri)
      ---
      duration_ms: 1527.845501
      type: 'test'
      ...
    # Subtest: fatura-alis: bütün süzgeçler × ekran/PDF/Excel, TOPLAM = satırlar, bağımsız beklenenle (bankalı veri)
    ok 18 - fatura-alis: bütün süzgeçler × ekran/PDF/Excel, TOPLAM = satırlar, bağımsız beklenenle (bankalı veri)
      ---
      duration_ms: 1567.304745
      type: 'test'
      ...
    # Subtest: fatura-iade: bütün süzgeçler × ekran/PDF/Excel, TOPLAM = satırlar, bağımsız beklenenle (bankalı veri)
    ok 19 - fatura-iade: bütün süzgeçler × ekran/PDF/Excel, TOPLAM = satırlar, bağımsız beklenenle (bankalı veri)
      ---
      duration_ms: 1338.298147
      type: 'test'
      ...
    # Subtest: kdv-ozeti: bütün süzgeçler × ekran/PDF/Excel, TOPLAM = satırlar, bağımsız beklenenle (bankalı veri)
    ok 20 - kdv-ozeti: bütün süzgeçler × ekran/PDF/Excel, TOPLAM = satırlar, bağımsız beklenenle (bankalı veri)
      ---
      duration_ms: 187.640717
      type: 'test'
      ...
    # Subtest: ba-bs: bütün süzgeçler × ekran/PDF/Excel, TOPLAM = satırlar, bağımsız beklenenle (bankalı veri)
    ok 21 - ba-bs: bütün süzgeçler × ekran/PDF/Excel, TOPLAM = satırlar, bağımsız beklenenle (bankalı veri)
      ---
      duration_ms: 133.853701
      type: 'test'
      ...
    # Subtest: urun-satis-karlilik: bütün süzgeçler × ekran/PDF/Excel, TOPLAM = satırlar, bağımsız beklenenle (bankalı veri)
    ok 22 - urun-satis-karlilik: bütün süzgeçler × ekran/PDF/Excel, TOPLAM = satırlar, bağımsız beklenenle (bankalı veri)
      ---
      duration_ms: 117.578879
      type: 'test'
      ...
    # Subtest: cari-satis-alis: bütün süzgeçler × ekran/PDF/Excel, TOPLAM = satırlar, bağımsız beklenenle (bankalı veri)
    ok 23 - cari-satis-alis: bütün süzgeçler × ekran/PDF/Excel, TOPLAM = satırlar, bağımsız beklenenle (bankalı veri)
      ---
      duration_ms: 106.527629
      type: 'test'
      ...
    # Subtest: gider-raporu: bütün süzgeçler × ekran/PDF/Excel, TOPLAM = satırlar, bağımsız beklenenle (bankalı veri)
    ok 24 - gider-raporu: bütün süzgeçler × ekran/PDF/Excel, TOPLAM = satırlar, bağımsız beklenenle (bankalı veri)
      ---
      duration_ms: 223.774472
      type: 'test'
      ...
    # Subtest: stopaj-tevkifat: bütün süzgeçler × ekran/PDF/Excel, TOPLAM = satırlar, bağımsız beklenenle (bankalı veri)
    ok 25 - stopaj-tevkifat: bütün süzgeçler × ekran/PDF/Excel, TOPLAM = satırlar, bağımsız beklenenle (bankalı veri)
      ---
      duration_ms: 140.858395
      type: 'test'
      ...
    # Subtest: acik-faturalar: bütün süzgeçler × ekran/PDF/Excel, TOPLAM = satırlar, bağımsız beklenenle (bankalı veri)
    ok 26 - acik-faturalar: bütün süzgeçler × ekran/PDF/Excel, TOPLAM = satırlar, bağımsız beklenenle (bankalı veri)
      ---
      duration_ms: 168.207091
      type: 'test'
      ...
    # Subtest: taksit-kartlari: bütün süzgeçler × ekran/PDF/Excel, TOPLAM = satırlar, bağımsız beklenenle (bankalı veri)
    ok 27 - taksit-kartlari: bütün süzgeçler × ekran/PDF/Excel, TOPLAM = satırlar, bağımsız beklenenle (bankalı veri)
      ---
      duration_ms: 55.318147
      type: 'test'
      ...
    # Subtest: taksit-vadeleri: bütün süzgeçler × ekran/PDF/Excel, TOPLAM = satırlar, bağımsız beklenenle (bankalı veri)
    ok 28 - taksit-vadeleri: bütün süzgeçler × ekran/PDF/Excel, TOPLAM = satırlar, bağımsız beklenenle (bankalı veri)
      ---
      duration_ms: 205.285497
      type: 'test'
      ...
    # Subtest: geciken-taksitler: bütün süzgeçler × ekran/PDF/Excel, TOPLAM = satırlar, bağımsız beklenenle (bankalı veri)
    ok 29 - geciken-taksitler: bütün süzgeçler × ekran/PDF/Excel, TOPLAM = satırlar, bağımsız beklenenle (bankalı veri)
      ---
      duration_ms: 17.938247
      type: 'test'
      ...
    # Subtest: taksit-performans: bütün süzgeçler × ekran/PDF/Excel, TOPLAM = satırlar, bağımsız beklenenle (bankalı veri)
    ok 30 - taksit-performans: bütün süzgeçler × ekran/PDF/Excel, TOPLAM = satırlar, bağımsız beklenenle (bankalı veri)
      ---
      duration_ms: 310.571671
      type: 'test'
      ...
    # Subtest: taksit-tahsilatlari: bütün süzgeçler × ekran/PDF/Excel, TOPLAM = satırlar, bağımsız beklenenle (bankalı veri)
    ok 31 - taksit-tahsilatlari: bütün süzgeçler × ekran/PDF/Excel, TOPLAM = satırlar, bağımsız beklenenle (bankalı veri)
      ---
      duration_ms: 161.342341
      type: 'test'
      ...
    # Subtest: cek-portfoy: bütün süzgeçler × ekran/PDF/Excel, TOPLAM = satırlar, bağımsız beklenenle (bankalı veri)
    ok 32 - cek-portfoy: bütün süzgeçler × ekran/PDF/Excel, TOPLAM = satırlar, bağımsız beklenenle (bankalı veri)
      ---
      duration_ms: 5148.439602
      type: 'test'
      ...
    # Subtest: cek-hareketleri: bütün süzgeçler × ekran/PDF/Excel, TOPLAM = satırlar, bağımsız beklenenle (bankalı veri)
    ok 33 - cek-hareketleri: bütün süzgeçler × ekran/PDF/Excel, TOPLAM = satırlar, bağımsız beklenenle (bankalı veri)
      ---
      duration_ms: 243.706062
      type: 'test'
      ...
    # Subtest: cek-vade-dagilimi: bütün süzgeçler × ekran/PDF/Excel, TOPLAM = satırlar, bağımsız beklenenle (bankalı veri)
    ok 34 - cek-vade-dagilimi: bütün süzgeçler × ekran/PDF/Excel, TOPLAM = satırlar, bağımsız beklenenle (bankalı veri)
      ---
      duration_ms: 26.725509
      type: 'test'
      ...
    # Subtest: stok-durumu: bütün süzgeçler × ekran/PDF/Excel, TOPLAM = satırlar, bağımsız beklenenle (bankalı veri)
    ok 35 - stok-durumu: bütün süzgeçler × ekran/PDF/Excel, TOPLAM = satırlar, bağımsız beklenenle (bankalı veri)
      ---
      duration_ms: 262.933586
      type: 'test'
      ...
    # Subtest: stok-hareketleri: bütün süzgeçler × ekran/PDF/Excel, TOPLAM = satırlar, bağımsız beklenenle (bankalı veri)
    ok 36 - stok-hareketleri: bütün süzgeçler × ekran/PDF/Excel, TOPLAM = satırlar, bağımsız beklenenle (bankalı veri)
      ---
      duration_ms: 153.668593
      type: 'test'
      ...
    # Subtest: stok-ozet: bütün süzgeçler × ekran/PDF/Excel, TOPLAM = satırlar, bağımsız beklenenle (bankalı veri)
    ok 37 - stok-ozet: bütün süzgeçler × ekran/PDF/Excel, TOPLAM = satırlar, bağımsız beklenenle (bankalı veri)
      ---
      duration_ms: 500.211459
      type: 'test'
      ...
    # Subtest: stok-kategori: bütün süzgeçler × ekran/PDF/Excel, TOPLAM = satırlar, bağımsız beklenenle (bankalı veri)
    ok 38 - stok-kategori: bütün süzgeçler × ekran/PDF/Excel, TOPLAM = satırlar, bağımsız beklenenle (bankalı veri)
      ---
      duration_ms: 18.605952
      type: 'test'
      ...
    # Subtest: kayit-tahsilatlari: bütün süzgeçler × ekran/PDF/Excel, TOPLAM = satırlar, bağımsız beklenenle (bankalı veri)
    ok 39 - kayit-tahsilatlari: bütün süzgeçler × ekran/PDF/Excel, TOPLAM = satırlar, bağımsız beklenenle (bankalı veri)
      ---
      duration_ms: 180.266305
      type: 'test'
      ...
    # Subtest: anahtar toplamlar bağımsız defterle (tüm zamanlar): Kasa, Gerçek Banka (hesap hesap), KDV, cari bakiyeleri, stok
    ok 40 - anahtar toplamlar bağımsız defterle (tüm zamanlar): Kasa, Gerçek Banka (hesap hesap), KDV, cari bakiyeleri, stok
      ---
      duration_ms: 37.846435
      type: 'test'
      ...
    # Subtest: Kasa Dökümü PDF: yalnız nakit satırları ve Güncel Kasa; banka bağlı hareketler (havale, Kasa ↔ Banka banka bacağı) girmez
    ok 41 - Kasa Dökümü PDF: yalnız nakit satırları ve Güncel Kasa; banka bağlı hareketler (havale, Kasa ↔ Banka banka bacağı) girmez
      ---
      duration_ms: 14.313564
      type: 'test'
      ...
    # Subtest: Nakit Akış: başlangıç = Nakit + Gerçek Banka (K10: Hesabı Atanmamış POS 900 hariç)
    ok 42 - Nakit Akış: başlangıç = Nakit + Gerçek Banka (K10: Hesabı Atanmamış POS 900 hariç)
      ---
      duration_ms: 80.861878
      type: 'test'
      ...
    # Subtest: Nakit Akış (90 gün): beklenen giriş/çıkış bağımsız (taksit, portföydeki senet, verilen çek); başlangıç Kasa + Gerçek Banka (K10)
    ok 43 - Nakit Akış (90 gün): beklenen giriş/çıkış bağımsız (taksit, portföydeki senet, verilen çek); başlangıç Kasa + Gerçek Banka (K10)
      ---
      duration_ms: 7.991068
      type: 'test'
      ...
    # Subtest: Vade Takip (tüm açık kalemler) ve zil/takvim: tahsil edilecek / ödenecek bağımsız; banka bağlı ödenmiş evrak ve faturalar listede yok
    ok 44 - Vade Takip (tüm açık kalemler) ve zil/takvim: tahsil edilecek / ödenecek bağımsız; banka bağlı ödenmiş evrak ve faturalar listede yok
      ---
      duration_ms: 26.027161
      type: 'test'
      ...
    # Subtest: ileri tarihli banka hareketi denemesi 400; raporlar değişmez (ileri tarih aralığında hareket raporları boş)
    ok 45 - ileri tarihli banka hareketi denemesi 400; raporlar değişmez (ileri tarih aralığında hareket raporları boş)
      ---
      duration_ms: 31.974354
      type: 'test'
      ...
    # Subtest: tek kayıt + şirket ayrımı: 002'de tek havale tahsilatı → 002 raporlarında tek satır; 001'in raporları değişmez; ?hofCompany= yetkisiz 403
    ok 46 - tek kayıt + şirket ayrımı: 002'de tek havale tahsilatı → 002 raporlarında tek satır; 001'in raporları değişmez; ?hofCompany= yetkisiz 403
      ---
      duration_ms: 433.125004
      type: 'test'
      ...
    # Subtest: yetki: rapor yetkisi olmayan personel bütün bankalı raporlarda 403 (ekran, PDF, Excel); dosya sızmaz
    ok 47 - yetki: rapor yetkisi olmayan personel bütün bankalı raporlarda 403 (ekran, PDF, Excel); dosya sızmaz
      ---
      duration_ms: 231.435888
      type: 'test'
      ...
# [raporlar-210-banka] rapor 38, birleşim 1284, istek 3852, denetlenen TOPLAM kolonu 1511
    # Subtest: Mutabakat Testi tutarlı; özet sayılar
    ok 48 - Mutabakat Testi tutarlı; özet sayılar
      ---
      duration_ms: 15.376967
      type: 'test'
      ...
    1..48
ok 17 - 2.1.0 Rapor Merkezi BANKALI veriyle: bütün para raporları × bütün süzgeçler × ekran/PDF/Excel, bağımsız beklenenle
  ---
  duration_ms: 27580.897719
  type: 'suite'
  ...
# Subtest: yazım düzeni: başlıklarda her sözcüğün ilk harfi büyük
    # Subtest: arayüz dosyalarında kurala uymayan ad yok
    ok 1 - arayüz dosyalarında kurala uymayan ad yok
      ---
      duration_ms: 101.916937
      type: 'test'
      ...
    # Subtest: rapor, PDF ve Excel başlıklarında kurala uymayan ad yok
    ok 2 - rapor, PDF ve Excel başlıklarında kurala uymayan ad yok
      ---
      duration_ms: 67.754151
      type: 'test'
      ...
    1..2
ok 18 - yazım düzeni: başlıklarda her sözcüğün ilk harfi büyük
  ---
  duration_ms: 171.702191
  type: 'suite'
  ...
1..18
# tests 137
# suites 18
# pass 137
# fail 0
# cancelled 0
# skipped 0
# todo 0
# duration_ms 58627.381824
