TAP version 13
# (node:25043) ExperimentalWarning: SQLite is an experimental feature and might change at any time
# (Use `node --trace-warnings ...` to show where the warning was created)
# K1 zincir: durumu değişen belge 12; karşılaştırılan yanıt 550
# Subtest: altın test: v2.0.26 ile bu dal aynı veride aynı Kasa, Banka ve POS, ANLIK DURUM, Ana Defter ve raporları gösterir
    # Subtest: zincir fikstürü surum-2.0.26-zincir (2.0.16 → 2.0.26 gerçek sürüm koduyla, 4 şirket)
    ok 1 - zincir fikstürü surum-2.0.26-zincir (2.0.16 → 2.0.26 gerçek sürüm koduyla, 4 şirket)
      ---
      duration_ms: 35055.813653
      type: 'test'
      ...
# K1 motor: durumu değişen belge 8; karşılaştırılan yanıt 154
    # Subtest: v2.0.26'nın kendi koduyla üretilen veri (mutabakat motoru: 120 güne yayılmış 260 rastgele işlem, dönem kilidi, iade/iptal)
    ok 2 - v2.0.26'nın kendi koduyla üretilen veri (mutabakat motoru: 120 güne yayılmış 260 rastgele işlem, dönem kilidi, iade/iptal)
      ---
      duration_ms: 12500.348975
      type: 'test'
      ...
    1..2
ok 1 - altın test: v2.0.26 ile bu dal aynı veride aynı Kasa, Banka ve POS, ANLIK DURUM, Ana Defter ve raporları gösterir
  ---
  duration_ms: 47561.706093
  type: 'suite'
  ...
# (node:25044) ExperimentalWarning: SQLite is an experimental feature and might change at any time
# (Use `node --trace-warnings ...` to show where the warning was created)
# K1 surum-2.0.16-zincir 001 · Merkez Danışmanlık Ltd. Şti.: durumu değişen belge 0
# Subtest: göç zinciri → v20: para defteri 2.0.26'nın gösterdiğiyle birebir (K11)
    # Subtest: surum-2.0.16-zincir
    ok 1 - surum-2.0.16-zincir
      ---
      duration_ms: 1677.979986
      type: 'test'
      ...
# K1 surum-2.0.17-zincir 001 · Merkez Danışmanlık Ltd. Şti.: durumu değişen belge 0
# K1 surum-2.0.17-zincir 002 · Şahin İnşaat Ltd. Şti.: durumu değişen belge 0
# K1 surum-2.0.17-zincir 007 · Mavi Gıda A.Ş.: durumu değişen belge 0
    # Subtest: surum-2.0.17-zincir
    ok 2 - surum-2.0.17-zincir
      ---
      duration_ms: 2795.6014
      type: 'test'
      ...
# K1 surum-2.0.18-zincir 001 · Merkez Danışmanlık Ltd. Şti.: durumu değişen belge 0
# K1 surum-2.0.18-zincir 002 · Şahin İnşaat Ltd. Şti.: durumu değişen belge 0
# K1 surum-2.0.18-zincir 007 · Mavi Gıda A.Ş.: durumu değişen belge 0
# K1 surum-2.0.18-zincir 004 · Çağdaş Eğitim Kurumları: durumu değişen belge 0
    # Subtest: surum-2.0.18-zincir
    ok 3 - surum-2.0.18-zincir
      ---
      duration_ms: 3289.819432
      type: 'test'
      ...
# K1 surum-2.0.19-zincir 001 · Merkez Danışmanlık Ltd. Şti.: durumu değişen belge 0
# K1 surum-2.0.19-zincir 002 · Şahin İnşaat ve Ticaret Ltd. Şti.: durumu değişen belge 0
# K1 surum-2.0.19-zincir 007 · Mavi Gıda A.Ş.: durumu değişen belge 0
# K1 surum-2.0.19-zincir 004 · Çağdaş Eğitim Kurumları: durumu değişen belge 0
    # Subtest: surum-2.0.19-zincir
    ok 4 - surum-2.0.19-zincir
      ---
      duration_ms: 3542.819192
      type: 'test'
      ...
# K1 surum-2.0.20-zincir 001 · Merkez Danışmanlık Ltd. Şti.: durumu değişen belge 0
# K1 surum-2.0.20-zincir 002 · Şahin İnşaat ve Ticaret Ltd. Şti.: durumu değişen belge 0
# K1 surum-2.0.20-zincir 007 · Mavi Gıda A.Ş.: durumu değişen belge 0
# K1 surum-2.0.20-zincir 004 · Işık Turizm ve Seyahat: durumu değişen belge 0
    # Subtest: surum-2.0.20-zincir
    ok 5 - surum-2.0.20-zincir
      ---
      duration_ms: 3261.678858
      type: 'test'
      ...
# K1 surum-2.0.21-zincir 001 · Merkez Danışmanlık Ltd. Şti.: durumu değişen belge 1 — IAD2026000000001 ["return",0,0]→["return",18000,0]
# K1 surum-2.0.21-zincir 002 · Şahin İnşaat ve Ticaret Ltd. Şti.: durumu değişen belge 1 — IAD2026000000001 ["return",0,0]→["return",18000,0]
# K1 surum-2.0.21-zincir 007 · Mavi Gıda A.Ş.: durumu değişen belge 0
# K1 surum-2.0.21-zincir 004 · Işık Turizm ve Seyahat: durumu değişen belge 0
    # Subtest: surum-2.0.21-zincir
    ok 6 - surum-2.0.21-zincir
      ---
      duration_ms: 3391.955523
      type: 'test'
      ...
# K1 surum-2.0.22-zincir 001 · Merkez Danışmanlık Ltd. Şti.: durumu değişen belge 2 — IAD2026000000002 ["return",0,0]→["return",18000,0]; IAD2026000000001 ["return",0,0]→["return",18000,0]
# K1 surum-2.0.22-zincir 002 · Şahin İnşaat ve Ticaret Ltd. Şti.: durumu değişen belge 2 — IAD2026000000002 ["return",0,0]→["return",18000,0]; IAD2026000000001 ["return",0,0]→["return",18000,0]
# K1 surum-2.0.22-zincir 007 · Mavi Gıda A.Ş.: durumu değişen belge 0
# K1 surum-2.0.22-zincir 004 · Işık Turizm ve Seyahat: durumu değişen belge 0
    # Subtest: surum-2.0.22-zincir
    ok 7 - surum-2.0.22-zincir
      ---
      duration_ms: 3504.718264
      type: 'test'
      ...
# K1 surum-2.0.23-zincir 001 · Merkez Danışmanlık Ltd. Şti.: durumu değişen belge 3 — IAD2026000000003 ["return",0,0]→["return",18000,0]; IAD2026000000002 ["return",0,0]→["return",18000,0]; IAD2026000000001 ["return",0,0]→["return",18000,0]
# K1 surum-2.0.23-zincir 002 · Şahin İnşaat ve Ticaret Ltd. Şti.: durumu değişen belge 3 — IAD2026000000003 ["return",0,0]→["return",18000,0]; IAD2026000000002 ["return",0,0]→["return",18000,0]; IAD2026000000001 ["return",0,0]→["return",18000,0]
# K1 surum-2.0.23-zincir 007 · Mavi Gıda A.Ş.: durumu değişen belge 0
# K1 surum-2.0.23-zincir 004 · Işık Turizm ve Seyahat: durumu değişen belge 0
    # Subtest: surum-2.0.23-zincir
    ok 8 - surum-2.0.23-zincir
      ---
      duration_ms: 4194.313212
      type: 'test'
      ...
# K1 surum-2.0.24-zincir 001 · Merkez Danışmanlık Ltd. Şti.: durumu değişen belge 4 — IAD2026000000004 ["return",0,0]→["return",18000,0]; IAD2026000000003 ["return",0,0]→["return",18000,0]; IAD2026000000002 ["return",0,0]→["return",18000,0]; IAD2026000000001 ["return",0,0]→["return",18000,0]
# K1 surum-2.0.24-zincir 002 · Şahin İnşaat ve Ticaret Ltd. Şti.: durumu değişen belge 4 — IAD2026000000004 ["return",0,0]→["return",18000,0]; IAD2026000000003 ["return",0,0]→["return",18000,0]; IAD2026000000002 ["return",0,0]→["return",18000,0]; IAD2026000000001 ["return",0,0]→["return",18000,0]
# K1 surum-2.0.24-zincir 007 · Mavi Gıda A.Ş.: durumu değişen belge 0
# K1 surum-2.0.24-zincir 004 · Işık Turizm ve Seyahat: durumu değişen belge 0
    # Subtest: surum-2.0.24-zincir
    ok 9 - surum-2.0.24-zincir
      ---
      duration_ms: 3401.262886
      type: 'test'
      ...
# K1 surum-2.0.25-zincir 001 · Merkez Danışmanlık Ltd. Şti.: durumu değişen belge 5 — IAD2026000000005 ["return",0,0]→["return",18000,0]; IAD2026000000004 ["return",0,0]→["return",18000,0]; IAD2026000000003 ["return",0,0]→["return",18000,0]; IAD2026000000002 ["return",0,0]→["return",18000,0]; IAD2026000000001 ["return",0,0]→["return",18000,0]
# K1 surum-2.0.25-zincir 002 · Şahin İnşaat ve Ticaret Ltd. Şti.: durumu değişen belge 5 — IAD2026000000005 ["return",0,0]→["return",18000,0]; IAD2026000000004 ["return",0,0]→["return",18000,0]; IAD2026000000003 ["return",0,0]→["return",18000,0]; IAD2026000000002 ["return",0,0]→["return",18000,0]; IAD2026000000001 ["return",0,0]→["return",18000,0]
# K1 surum-2.0.25-zincir 007 · Mavi Gıda A.Ş.: durumu değişen belge 0
# K1 surum-2.0.25-zincir 004 · Işık Turizm ve Seyahat: durumu değişen belge 0
    # Subtest: surum-2.0.25-zincir
    ok 10 - surum-2.0.25-zincir
      ---
      duration_ms: 3815.959664
      type: 'test'
      ...
# K1 surum-2.0.26-zincir 001 · Merkez Danışmanlık Ltd. Şti.: durumu değişen belge 6 — IAD2026000000006 ["return",0,0]→["return",18000,0]; IAD2026000000005 ["return",0,0]→["return",18000,0]; IAD2026000000004 ["return",0,0]→["return",18000,0]; IAD2026000000003 ["return",0,0]→["return",18000,0]; IAD2026000000002 ["return",0,0]→["return",18000,0]; IAD2026000000001 ["return",0,0]→["return",18000,0]
# K1 surum-2.0.26-zincir 002 · Şahin İnşaat ve Ticaret Ltd. Şti.: durumu değişen belge 6 — IAD2026000000006 ["return",0,0]→["return",18000,0]; IAD2026000000005 ["return",0,0]→["return",18000,0]; IAD2026000000004 ["return",0,0]→["return",18000,0]; IAD2026000000003 ["return",0,0]→["return",18000,0]; IAD2026000000002 ["return",0,0]→["return",18000,0]; IAD2026000000001 ["return",0,0]→["return",18000,0]
# K1 surum-2.0.26-zincir 007 · Mavi Gıda A.Ş.: durumu değişen belge 0
# K1 surum-2.0.26-zincir 004 · Işık Turizm ve Seyahat: durumu değişen belge 0
    # Subtest: surum-2.0.26-zincir
    ok 11 - surum-2.0.26-zincir
      ---
      duration_ms: 3156.964125
      type: 'test'
      ...
# K1 surum-2.0.19-cakisma 001 · Şirket 1: durumu değişen belge 0
# K1 surum-2.0.19-cakisma 005 · Resmi Şirket: durumu değişen belge 0
# K1 surum-2.0.19-cakisma 002 · Gayri Resmi Şirket: durumu değişen belge 0
    # Subtest: surum-2.0.19-cakisma
    ok 12 - surum-2.0.19-cakisma
      ---
      duration_ms: 1746.310313
      type: 'test'
      ...
# K1 surum-2.0.19-eski 001 · Eski Hukuk Bürosu: durumu değişen belge 0
# K1 surum-2.0.19-eski 002 · Yeni Büro Ltd. Şti.: durumu değişen belge 0
    # Subtest: surum-2.0.19-eski
    ok 13 - surum-2.0.19-eski
      ---
      duration_ms: 1384.377198
      type: 'test'
      ...
# K1 surum-2.0.26-turler 001 · Merkez Danışmanlık Ltd. Şti.: durumu değişen belge 6 — IAD2026000000006 ["return",0,0]→["return",18000,0]; IAD2026000000005 ["return",0,0]→["return",18000,0]; IAD2026000000004 ["return",0,0]→["return",18000,0]; IAD2026000000003 ["return",0,0]→["return",18000,0]; IAD2026000000002 ["return",0,0]→["return",18000,0]; IAD2026000000001 ["return",0,0]→["return",18000,0]
# K1 surum-2.0.26-turler 002 · Şahin İnşaat ve Ticaret Ltd. Şti.: durumu değişen belge 6 — IAD2026000000006 ["return",0,0]→["return",18000,0]; IAD2026000000005 ["return",0,0]→["return",18000,0]; IAD2026000000004 ["return",0,0]→["return",18000,0]; IAD2026000000003 ["return",0,0]→["return",18000,0]; IAD2026000000002 ["return",0,0]→["return",18000,0]; IAD2026000000001 ["return",0,0]→["return",18000,0]
# K1 surum-2.0.26-turler 007 · Mavi Gıda A.Ş.: durumu değişen belge 0
# K1 surum-2.0.26-turler 004 · Işık Turizm ve Seyahat: durumu değişen belge 0
    # Subtest: surum-2.0.26-turler
    ok 14 - surum-2.0.26-turler
      ---
      duration_ms: 3371.606156
      type: 'test'
      ...
    1..14
ok 2 - göç zinciri → v20: para defteri 2.0.26'nın gösterdiğiyle birebir (K11)
  ---
  duration_ms: 42538.869842
  type: 'suite'
  ...
# Subtest: 2.0.21–2.0.26 kesitleri v20 koduyla: hiçbir kayıt ve yedek kaybolmaz, eski yedekler kendi şirketine geri yüklenir
    # Subtest: surum-2.0.21-zincir
    ok 1 - surum-2.0.21-zincir
      ---
      duration_ms: 9121.991828
      type: 'test'
      ...
    # Subtest: surum-2.0.26-zincir
    ok 2 - surum-2.0.26-zincir
      ---
      duration_ms: 11777.931317
      type: 'test'
      ...
    # Subtest: surum-2.0.26-turler
    ok 3 - surum-2.0.26-turler
      ---
      duration_ms: 10472.408116
      type: 'test'
      ...
    1..3
ok 3 - 2.0.21–2.0.26 kesitleri v20 koduyla: hiçbir kayıt ve yedek kaybolmaz, eski yedekler kendi şirketine geri yüklenir
  ---
  duration_ms: 31372.954086
  type: 'suite'
  ...
# (node:25050) ExperimentalWarning: SQLite is an experimental feature and might change at any time
# (Use `node --trace-warnings ...` to show where the warning was created)
# Subtest: Nakit Akış başlangıcı (K10): bankasız kurulum
    # Subtest: başlangıç = Nakit Kasa 500; hesapsız havale 300 başlangıca girmez, ayrı satırda; ANLIK DURUM Kasa ile aynı
    ok 1 - başlangıç = Nakit Kasa 500; hesapsız havale 300 başlangıca girmez, ayrı satırda; ANLIK DURUM Kasa ile aynı
      ---
      duration_ms: 98.722699
      type: 'test'
      ...
    1..1
ok 4 - Nakit Akış başlangıcı (K10): bankasız kurulum
  ---
  duration_ms: 1457.88281
  type: 'suite'
  ...
# Subtest: Nakit Akış başlangıcı (K10): ileri tarihli eski hesapsız havale başlangıca girmez, akışta bir kez
    # Subtest: başlangıç = Nakit 2.000 + Gerçek Banka 10.000 = 12.000; kira −1.000 akışta bir kez (18.10), dönem sonu 11.000
    ok 1 - başlangıç = Nakit 2.000 + Gerçek Banka 10.000 = 12.000; kira −1.000 akışta bir kez (18.10), dönem sonu 11.000
      ---
      duration_ms: 54.359619
      type: 'test'
      ...
    1..1
ok 5 - Nakit Akış başlangıcı (K10): ileri tarihli eski hesapsız havale başlangıca girmez, akışta bir kez
  ---
  duration_ms: 783.138526
  type: 'suite'
  ...
# (node:25077) ExperimentalWarning: SQLite is an experimental feature and might change at any time
# (Use `node --trace-warnings ...` to show where the warning was created)
# Subtest: 2.0.23 Bulgu 2: taksit kartı ↔ fatura kapama
    # Subtest: A: önce fatura, sonra ayrı kart — kartın tahsilatı faturayı kapatmaz
    ok 1 - A: önce fatura, sonra ayrı kart — kartın tahsilatı faturayı kapatmaz
      ---
      duration_ms: 478.298051
      type: 'test'
      ...
    # Subtest: B: önce kart, sonra fatura — cari kartından alınan tahsilat faturaya sayılır, kaybolmaz
    ok 2 - B: önce kart, sonra fatura — cari kartından alınan tahsilat faturaya sayılır, kaybolmaz
      ---
      duration_ms: 308.647316
      type: 'test'
      ...
    # Subtest: C: fatura hiç ödenmedi, kart tamamen ödendi — fatura 'Ödendi' görünmez
    ok 3 - C: fatura hiç ödenmedi, kart tamamen ödendi — fatura 'Ödendi' görünmez
      ---
      duration_ms: 354.414129
      type: 'test'
      ...
    # Subtest: G: ayrı kartı kapatmak (kalanı silmek) ödenmemiş faturayı kapatmaz
    ok 4 - G: ayrı kartı kapatmak (kalanı silmek) ödenmemiş faturayı kapatmaz
      ---
      duration_ms: 216.843372
      type: 'test'
      ...
    # Subtest: ayrı kartın borcunu aşan tahsilat artanı faturaya sayılır (para kaybolmaz)
    ok 5 - ayrı kartın borcunu aşan tahsilat artanı faturaya sayılır (para kaybolmaz)
      ---
      duration_ms: 171.670514
      type: 'test'
      ...
    # Subtest: D: Mevcut Borç kartına bölünen fatura — fatura ve kart tutarlı; yaşlandırma, nakit akış, vade takip ve takvim bir kez sayar
    ok 6 - D: Mevcut Borç kartına bölünen fatura — fatura ve kart tutarlı; yaşlandırma, nakit akış, vade takip ve takvim bir kez sayar
      ---
      duration_ms: 249.061284
      type: 'test'
      ...
    # Subtest: D (çok cari): 12 caride Mevcut Borç kartı — toplu bakiye yolu da her borcu bir kez sayar
    ok 7 - D (çok cari): 12 caride Mevcut Borç kartı — toplu bakiye yolu da her borcu bir kez sayar
      ---
      duration_ms: 1794.088195
      type: 'test'
      ...
    # Subtest: E: taksitli fatura + cari kartından bağsız tahsilat — fatura açığı = kendi kartının kalanı
    ok 8 - E: taksitli fatura + cari kartından bağsız tahsilat — fatura açığı = kendi kartının kalanı
      ---
      duration_ms: 149.855945
      type: 'test'
      ...
    # Subtest: F: taksitli faturaya 'Kapatılacak Fatura' bağı reddedilir; liste taksitli faturayı ayırt eder
    ok 9 - F: taksitli faturaya 'Kapatılacak Fatura' bağı reddedilir; liste taksitli faturayı ayırt eder
      ---
      duration_ms: 184.527035
      type: 'test'
      ...
    # Subtest: taksitli fatura kendi kartından tahsil edilince fatura da kapanır (eski davranış korunur)
    ok 10 - taksitli fatura kendi kartından tahsil edilince fatura da kapanır (eski davranış korunur)
      ---
      duration_ms: 228.721903
      type: 'test'
      ...
    # Subtest: Bulgu 4: Banka ve POS Hareketleri raporunda Yol süzgeci uygulanır
    ok 11 - Bulgu 4: Banka ve POS Hareketleri raporunda Yol süzgeci uygulanır
      ---
      duration_ms: 245.136017
      type: 'test'
      ...
    1..11
ok 6 - 2.0.23 Bulgu 2: taksit kartı ↔ fatura kapama
  ---
  duration_ms: 5343.228531
  type: 'suite'
  ...
# Subtest: 2.0.23 Bulgu 2: kapama kuralı (saf fonksiyon)
    # Subtest: taksitli faturaya cari kartından bağ (eski veri) yok sayılır; fatura kendi kartının tahsilatıyla kapanır
    ok 1 - taksitli faturaya cari kartından bağ (eski veri) yok sayılır; fatura kendi kartının tahsilatıyla kapanır
      ---
      duration_ms: 0.67467
      type: 'test'
      ...
    # Subtest: ayrı kartın satırları fatura sırasına girmez; artan ödeme havuza düşer
    ok 2 - ayrı kartın satırları fatura sırasına girmez; artan ödeme havuza düşer
      ---
      duration_ms: 0.298734
      type: 'test'
      ...
    1..2
ok 7 - 2.0.23 Bulgu 2: kapama kuralı (saf fonksiyon)
  ---
  duration_ms: 1.147024
  type: 'suite'
  ...
# Subtest: 2.0.23: PDF özet kutusunda uzun başlık kesilmez
    # Subtest: Kasa Hareketleri gibi 6 kutulu özette 'Güncel Kasa (tüm hareketler)' iki satıra iner, '…' ile kesilmez
    ok 1 - Kasa Hareketleri gibi 6 kutulu özette 'Güncel Kasa (tüm hareketler)' iki satıra iner, '…' ile kesilmez
      ---
      duration_ms: 21.839293
      type: 'test'
      ...
    # Subtest: dar kutuda (8 kutu, dikey) uzun sözcük harf ortasından bölünmez: küçülür ya da tireyle bölünür (gözden geçirme)
    ok 2 - dar kutuda (8 kutu, dikey) uzun sözcük harf ortasından bölünmez: küçülür ya da tireyle bölünür (gözden geçirme)
      ---
      duration_ms: 7.131768
      type: 'test'
      ...
    1..2
ok 8 - 2.0.23: PDF özet kutusunda uzun başlık kesilmez
  ---
  duration_ms: 29.13911
  type: 'suite'
  ...
# Subtest: 2.0.23 gözden geçirme: kapamanın kalan yolları
    # Subtest: \#2: Mevcut Borç kartından SONRA kesilen fatura karta bölünmüş sayılmaz (Alacak Yaz)
    ok 1 - \#2: Mevcut Borç kartından SONRA kesilen fatura karta bölünmüş sayılmaz (Alacak Yaz)
      ---
      duration_ms: 252.99696
      type: 'test'
      ...
    # Subtest: \#2: Mevcut Borç kartından SONRA kesilen fatura karta bölünmüş sayılmaz (alış faturası)
    ok 2 - \#2: Mevcut Borç kartından SONRA kesilen fatura karta bölünmüş sayılmaz (alış faturası)
      ---
      duration_ms: 236.041665
      type: 'test'
      ...
    # Subtest: \#4: stoktan taksitli satışın kartı tahsil edilince ilgisiz eski fatura 'Ödendi' olmaz
    ok 3 - \#4: stoktan taksitli satışın kartı tahsil edilince ilgisiz eski fatura 'Ödendi' olmaz
      ---
      duration_ms: 280.82413
      type: 'test'
      ...
    # Subtest: D (peşinatlı): peşinatı alınmış fatura Mevcut Borç kartına bölünür; fatura açığı = kart kalanı
    ok 4 - D (peşinatlı): peşinatı alınmış fatura Mevcut Borç kartına bölünür; fatura açığı = kart kalanı
      ---
      duration_ms: 206.584133
      type: 'test'
      ...
    # Subtest: \#9: taksitli faturanın kendi kartında taksit iadesi faturayı da yeniden açar
    ok 5 - \#9: taksitli faturanın kendi kartında taksit iadesi faturayı da yeniden açar
      ---
      duration_ms: 178.132111
      type: 'test'
      ...
    # Subtest: \#9: faturanın kendi taksit kartının tutarı Taksitler'den değiştirilemez (fatura ile kart ayrışmasın)
    ok 6 - \#9: faturanın kendi taksit kartının tutarı Taksitler'den değiştirilemez (fatura ile kart ayrışmasın)
      ---
      duration_ms: 73.095461
      type: 'test'
      ...
    # Subtest: \#5: taksitli fatura mahsup edilemez (fatura ile kendi kartı ayrışmasın)
    ok 7 - \#5: taksitli fatura mahsup edilemez (fatura ile kendi kartı ayrışmasın)
      ---
      duration_ms: 209.179792
      type: 'test'
      ...
    # Subtest: \#6: eski veride taksitli faturaya bağlı cari tahsilatı düzeltilebilir (bağ değişmeden)
    ok 8 - \#6: eski veride taksitli faturaya bağlı cari tahsilatı düzeltilebilir (bağ değişmeden)
      ---
      duration_ms: 207.843679
      type: 'test'
      ...
    # Subtest: \#7: kısmen ödenmiş açık fatura sonradan taksitlendirilemez; neden ve doğru yol söylenir
    ok 9 - \#7: kısmen ödenmiş açık fatura sonradan taksitlendirilemez; neden ve doğru yol söylenir
      ---
      duration_ms: 101.97402
      type: 'test'
      ...
    # Subtest: 2. tur: kapsanan fatura iptal edilince kartın kapsamı eski, ödenmiş faturaya kaymaz
    ok 10 - 2. tur: kapsanan fatura iptal edilince kartın kapsamı eski, ödenmiş faturaya kaymaz
      ---
      duration_ms: 217.666714
      type: 'test'
      ...
    # Subtest: 2. tur: kapsanan fatura düzenlenip küçülünce kapsam ödenmiş faturaya kaymaz
    ok 11 - 2. tur: kapsanan fatura düzenlenip küçülünce kapsam ödenmiş faturaya kaymaz
      ---
      duration_ms: 271.061542
      type: 'test'
      ...
    # Subtest: 2. tur: kapsanan Borç Yaz silinince kapsam ödenmiş faturaya kaymaz
    ok 12 - 2. tur: kapsanan Borç Yaz silinince kapsam ödenmiş faturaya kaymaz
      ---
      duration_ms: 264.317237
      type: 'test'
      ...
    # Subtest: 2. tur: geriye tarihli borç girilince kart, açık kalan faturayı kapsar; tahsilat başka faturaya kaymaz
    ok 13 - 2. tur: geriye tarihli borç girilince kart, açık kalan faturayı kapsar; tahsilat başka faturaya kaymaz
      ---
      duration_ms: 226.971542
      type: 'test'
      ...
    # Subtest: 2. tur: peşin ödenmiş yeni fatura varken kart, açık eski faturayı kapsar (yaşlandırmada bir kez)
    ok 14 - 2. tur: peşin ödenmiş yeni fatura varken kart, açık eski faturayı kapsar (yaşlandırmada bir kez)
      ---
      duration_ms: 153.69988
      type: 'test'
      ...
    # Subtest: 2. tur: Otomatik Dağıt Mevcut Borç kartını carinin borcundan büyütemez (Düzenle'deki denetim)
    ok 15 - 2. tur: Otomatik Dağıt Mevcut Borç kartını carinin borcundan büyütemez (Düzenle'deki denetim)
      ---
      duration_ms: 224.254952
      type: 'test'
      ...
    # Subtest: 2. tur: Otomatik Dağıt faturanın kendi taksit kartının tutarını değiştiremez
    ok 16 - 2. tur: Otomatik Dağıt faturanın kendi taksit kartının tutarını değiştiremez
      ---
      duration_ms: 98.346585
      type: 'test'
      ...
    # Subtest: 2. tur: Otomatik Dağıt kilitli dönemdeki yeni borç kartının tutarını değiştiremez
    ok 17 - 2. tur: Otomatik Dağıt kilitli dönemdeki yeni borç kartının tutarını değiştiremez
      ---
      duration_ms: 155.785282
      type: 'test'
      ...
    # Subtest: 2. tur \#1: taksitleri girilmemiş ('Şimdilik yok') Mevcut Borç kartında borç birleşik listelerden düşmez
    ok 18 - 2. tur \#1: taksitleri girilmemiş ('Şimdilik yok') Mevcut Borç kartında borç birleşik listelerden düşmez
      ---
      duration_ms: 120.435926
      type: 'test'
      ...
    # Subtest: 2. tur \#1: elle tek taksit (500) girilen 2.000'lik kartta kalan 1.500 faturada görünür
    ok 19 - 2. tur \#1: elle tek taksit (500) girilen 2.000'lik kartta kalan 1.500 faturada görünür
      ---
      duration_ms: 156.128962
      type: 'test'
      ...
    # Subtest: 2. tur \#1: tutarı Düzenle ile küçültülen kartta (taksitler aynı) borç bir kez sayılır
    ok 20 - 2. tur \#1: tutarı Düzenle ile küçültülen kartta (taksitler aynı) borç bir kez sayılır
      ---
      duration_ms: 145.69439
      type: 'test'
      ...
    # Subtest: 2. tur \#2: geriye tarihli stoktan taksitli satışın kartı, kendi satışını kapsar (ilgisiz fatura ödenmiş görünmez)
    ok 21 - 2. tur \#2: geriye tarihli stoktan taksitli satışın kartı, kendi satışını kapsar (ilgisiz fatura ödenmiş görünmez)
      ---
      duration_ms: 245.827737
      type: 'test'
      ...
    # Subtest: 2. tur \#3 / 3. tur: Mevcut Borç kartı büyütülemez (Düzenle ve Otomatik Dağıt); yeni borç kartın dışında, bir kez sayılır
    ok 22 - 2. tur \#3 / 3. tur: Mevcut Borç kartı büyütülemez (Düzenle ve Otomatik Dağıt); yeni borç kartın dışında, bir kez sayılır
      ---
      duration_ms: 323.553961
      type: 'test'
      ...
    # Subtest: 3. tur: borcu olmayan caride (yalnız ödeme yapılmış) açılan kart sonradan kesilen faturayı yutmaz
    ok 23 - 3. tur: borcu olmayan caride (yalnız ödeme yapılmış) açılan kart sonradan kesilen faturayı yutmaz
      ---
      duration_ms: 367.419796
      type: 'test'
      ...
    # Subtest: 2. tur \#4: silinen Mevcut Borç kartı, taksitlendirdiği borç bu arada ödenmişse geri yüklenmez (ödenmiş fatura açılmaz)
    ok 24 - 2. tur \#4: silinen Mevcut Borç kartı, taksitlendirdiği borç bu arada ödenmişse geri yüklenmez (ödenmiş fatura açılmaz)
      ---
      duration_ms: 281.864044
      type: 'test'
      ...
    # Subtest: 3. tur: kartın kendi tahsilatı olan silinmiş kart, borç bu arada azaldıysa geri yüklenmez; borç varsa geri yüklenir
    ok 25 - 3. tur: kartın kendi tahsilatı olan silinmiş kart, borç bu arada azaldıysa geri yüklenmez; borç varsa geri yüklenir
      ---
      duration_ms: 457.905992
      type: 'test'
      ...
    1..25
ok 9 - 2.0.23 gözden geçirme: kapamanın kalan yolları
  ---
  duration_ms: 5981.517259
  type: 'suite'
  ...
# (node:25111) ExperimentalWarning: SQLite is an experimental feature and might change at any time
# (Use `node --trace-warnings ...` to show where the warning was created)
# Subtest: çek/senet kural motoru (saf)
    # Subtest: durum geçişleri: izinli olanlar geçer, diğerleri okunur nedenle reddedilir
    ok 1 - durum geçişleri: izinli olanlar geçer, diğerleri okunur nedenle reddedilir
      ---
      duration_ms: 6.09339
      type: 'test'
      ...
    # Subtest: defter etkileri: alınan → cariye alacak ya da taksite tahsilat; ciro → tedarikçiye borç; karşılıksız → geri çevirme
    ok 2 - defter etkileri: alınan → cariye alacak ya da taksite tahsilat; ciro → tedarikçiye borç; karşılıksız → geri çevirme
      ---
      duration_ms: 0.795078
      type: 'test'
      ...
    # Subtest: portföy özeti vadeye göre (geçmiş / bugün / 7 gün)
    ok 3 - portföy özeti vadeye göre (geçmiş / bugün / 7 gün)
      ---
      duration_ms: 0.886661
      type: 'test'
      ...
    # Subtest: Excel başlıkları ve hücre değerleri
    ok 4 - Excel başlıkları ve hücre değerleri
      ---
      duration_ms: 7.194452
      type: 'test'
      ...
    1..4
ok 10 - çek/senet kural motoru (saf)
  ---
  duration_ms: 17.460209
  type: 'suite'
  ...
# Subtest: rapor motoru (saf): mizan, ekstre, nakit akışı
    # Subtest: mizan: devir + dönem borç/alacak = bakiye; hareketsiz cari istenmezse yazılmaz
    ok 1 - mizan: devir + dönem borç/alacak = bakiye; hareketsiz cari istenmezse yazılmaz
      ---
      duration_ms: 1.455847
      type: 'test'
      ...
    # Subtest: ekstre: devir satırı ve yürüyen bakiye
    ok 2 - ekstre: devir satırı ve yürüyen bakiye
      ---
      duration_ms: 0.579688
      type: 'test'
      ...
    # Subtest: nakit akışı: gecikmişler ayrı, aynı gün önce çıkış, en düşük bakiye, başlangıç bugünden sonraysa aradakiler taşınır
    ok 3 - nakit akışı: gecikmişler ayrı, aynı gün önce çıkış, en düşük bakiye, başlangıç bugünden sonraysa aradakiler taşınır
      ---
      duration_ms: 1.286227
      type: 'test'
      ...
    # Subtest: hazır aralıklar takvim günüyle (ay sonu, artık yıl, yıl dönümü)
    ok 4 - hazır aralıklar takvim günüyle (ay sonu, artık yıl, yıl dönümü)
      ---
      duration_ms: 0.794663
      type: 'test'
      ...
    1..4
ok 11 - rapor motoru (saf): mizan, ekstre, nakit akışı
  ---
  duration_ms: 4.847
  type: 'suite'
  ...
# Subtest: çek/senet: Cari, Taksit ve Kasa ile işlem bütünlüğü
    # Subtest: alınan çek: carinin borcu düşer, Kasa değişmez; toplam alacak değişmez (cariden portföye geçer)
    ok 1 - alınan çek: carinin borcu düşer, Kasa değişmez; toplam alacak değişmez (cariden portföye geçer)
      ---
      duration_ms: 160.967546
      type: 'test'
      ...
    # Subtest: tahsil: Kasa artar, cari değişmez; geri al: Kasa eski haline döner
    ok 2 - tahsil: Kasa artar, cari değişmez; geri al: Kasa eski haline döner
      ---
      duration_ms: 189.598709
      type: 'test'
      ...
    # Subtest: ciro → tedarikçi borcu düşer; karşılıksız → müşteri yeniden borçlanır, ciro geri alınır; geri al hepsini çevirir
    ok 3 - ciro → tedarikçi borcu düşer; karşılıksız → müşteri yeniden borçlanır, ciro geri alınır; geri al hepsini çevirir
      ---
      duration_ms: 206.617438
      type: 'test'
      ...
    # Subtest: verilen çek: tedarikçi borcu düşer, toplam borç korunur; ödenince Kasa'dan çıkar ve borç kapanır
    ok 4 - verilen çek: tedarikçi borcu düşer, toplam borç korunur; ödenince Kasa'dan çıkar ve borç kapanır
      ---
      duration_ms: 201.240024
      type: 'test'
      ...
    # Subtest: taksite sayılan çek: taksit ödenmiş olur, Kasa değişmez; karşılıksız taksiti yeniden açar; kart silinemez, tahsilat karttan düzeltilemez
    ok 5 - taksite sayılan çek: taksit ödenmiş olur, Kasa değişmez; karşılıksız taksiti yeniden açar; kart silinemez, tahsilat karttan düzeltilemez
      ---
      duration_ms: 211.40057
      type: 'test'
      ...
    # Subtest: silme etkileri geri alır; Silinenler'den geri yükleme yeniden yazar; işlem görmüş evrak silinmez
    ok 6 - silme etkileri geri alır; Silinenler'den geri yükleme yeniden yazar; işlem görmüş evrak silinmez
      ---
      duration_ms: 169.599385
      type: 'test'
      ...
    # Subtest: doğrulama: tutar, tarih, kişi, çift seri no, işlem tarihi; personel çek göremez
    ok 7 - doğrulama: tutar, tarih, kişi, çift seri no, işlem tarihi; personel çek göremez
      ---
      duration_ms: 241.494613
      type: 'test'
      ...
    # Subtest: kısmi yazma geri alınır (ROLLBACK): ikinci etki başarısız olursa ilk etki de yazılmaz
    ok 8 - kısmi yazma geri alınır (ROLLBACK): ikinci etki başarısız olursa ilk etki de yazılmaz
      ---
      duration_ms: 141.671996
      type: 'test'
      ...
    # Subtest: Excel/Sheets'ten portföy: kapı raporu; varsayılan carilere dokunmaz, 'carilere işle' ile yazar; kapanmış ve çift satır alınmaz
    ok 9 - Excel/Sheets'ten portföy: kapı raporu; varsayılan carilere dokunmaz, 'carilere işle' ile yazar; kapanmış ve çift satır alınmaz
      ---
      duration_ms: 91.533965
      type: 'test'
      ...
    # Subtest: PDF ve Excel çıktıları: portföy, mizan, ekstre, nakit akışı
    ok 10 - PDF ve Excel çıktıları: portföy, mizan, ekstre, nakit akışı
      ---
      duration_ms: 234.057376
      type: 'test'
      ...
    1..10
ok 12 - çek/senet: Cari, Taksit ve Kasa ile işlem bütünlüğü
  ---
  duration_ms: 2704.726584
  type: 'suite'
  ...
# Subtest: ANLIK DURUM: karttaki rakamlar ekranlarla birebir aynı (rastgele 400 işlem)
    # Subtest: Kasa, alacak, borç, kritik stok, mizan ve nakit akışı her adımda tutarlı
    ok 1 - Kasa, alacak, borç, kritik stok, mizan ve nakit akışı her adımda tutarlı
      ---
      duration_ms: 11099.162565
      type: 'test'
      ...
    # Subtest: para ya da stok değişince herkese (işlemi yapan dahil) tek 'overview.changed' olayı gider
    ok 2 - para ya da stok değişince herkese (işlemi yapan dahil) tek 'overview.changed' olayı gider
      ---
      duration_ms: 353.696191
      type: 'test'
      ...
    # Subtest: kart yalnız yöneticide; kişiye verilen finans raporları yetkisi raporları açar, kartı açmaz; geri alınınca kapanır
    ok 3 - kart yalnız yöneticide; kişiye verilen finans raporları yetkisi raporları açar, kartı açmaz; geri alınınca kapanır
      ---
      duration_ms: 650.835734
      type: 'test'
      ...
    1..3
ok 13 - ANLIK DURUM: karttaki rakamlar ekranlarla birebir aynı (rastgele 400 işlem)
  ---
  duration_ms: 12677.273586
  type: 'suite'
  ...
# Subtest: rapor merkezi: programdaki her bilgi ön izleme, PDF ve Excel olarak alınır
    # Subtest: katalogdaki her rapor çalışır; PDF ve Excel üretilir; yetkisiz kişi göremez
    ok 1 - katalogdaki her rapor çalışır; PDF ve Excel üretilir; yetkisiz kişi göremez
      ---
      duration_ms: 2164.013857
      type: 'test'
      ...
    1..1
ok 14 - rapor merkezi: programdaki her bilgi ön izleme, PDF ve Excel olarak alınır
  ---
  duration_ms: 2994.746827
  type: 'suite'
  ...
# (node:25142) ExperimentalWarning: SQLite is an experimental feature and might change at any time
# (Use `node --trace-warnings ...` to show where the warning was created)
# Subtest: 2.1.0 Canlı Hata 2 — iade + peşin geri ödemesi taksit kartını büyütmez
    # Subtest: C: 1.000 (500 peşin, 500 taksit) → malın tamamı iade, 500 nakit geri → kart 0, cari 0, Kasa 0, gecikme yok
    ok 1 - C: 1.000 (500 peşin, 500 taksit) → malın tamamı iade, 500 nakit geri → kart 0, cari 0, Kasa 0, gecikme yok
      ---
      duration_ms: 853.419581
      type: 'test'
      ...
    # Subtest: C2: aynı akış 2 taksitle (vadeler geçmiş) → kart 0
    ok 2 - C2: aynı akış 2 taksitle (vadeler geçmiş) → kart 0
      ---
      duration_ms: 713.203093
      type: 'test'
      ...
    # Subtest: B: 1.000 (500 peşin) → 600 açık iade (cari −100) → 400 iade + 400 nakit geri → kart 0, cari −100
    ok 3 - B: 1.000 (500 peşin) → 600 açık iade (cari −100) → 400 iade + 400 nakit geri → kart 0, cari −100
      ---
      duration_ms: 728.382355
      type: 'test'
      ...
    # Subtest: A: 3.000 (2.000 peşin, 1.000 taksit) → 1 açık iade → karttan 1.500 (fazla) → 1 iade + 300 nakit geri → kart büyümez
    ok 4 - A: 3.000 (2.000 peşin, 1.000 taksit) → 1 açık iade → karttan 1.500 (fazla) → 1 iade + 300 nakit geri → kart büyümez
      ---
      duration_ms: 677.508838
      type: 'test'
      ...
    # Subtest: D (G1 korunur): peşinsiz 1.000 taksit → 400 iade + 400 nakit geri → kart 1.000 kalır
    ok 5 - D (G1 korunur): peşinsiz 1.000 taksit → 400 iade + 400 nakit geri → kart 1.000 kalır
      ---
      duration_ms: 645.043082
      type: 'test'
      ...
    # Subtest: E (korunur): 1.000 (500 peşin) → 300 iade + 300 nakit geri → kart 500 kalır
    ok 6 - E (korunur): 1.000 (500 peşin) → 300 iade + 300 nakit geri → kart 500 kalır
      ---
      duration_ms: 626.07787
      type: 'test'
      ...
    # Subtest: F: peşin çekle (500) alınmış; malın tamamı iade + 500 nakit geri → kart 0
    ok 7 - F: peşin çekle (500) alınmış; malın tamamı iade + 500 nakit geri → kart 0
      ---
      duration_ms: 581.120374
      type: 'test'
      ...
    # Subtest: G: peşin banka hesabına havale; tam iade + aynı hesaptan havale geri → kart 0, hesap bakiyesi eski hâline döner
    ok 8 - G: peşin banka hesabına havale; tam iade + aynı hesaptan havale geri → kart 0, hesap bakiyesi eski hâline döner
      ---
      duration_ms: 818.920024
      type: 'test'
      ...
    # Subtest: H: iki iade arka arkaya (500 + 250 nakit geri, 500 + 250 nakit geri) → önce 250, sonra 0
    ok 9 - H: iki iade arka arkaya (500 + 250 nakit geri, 500 + 250 nakit geri) → önce 250, sonra 0
      ---
      duration_ms: 731.651139
      type: 'test'
      ...
    # Subtest: H2: önce açık iade (500) sonra paralı iade (500 + 500 nakit geri) → kart 0
    ok 10 - H2: önce açık iade (500) sonra paralı iade (500 + 500 nakit geri) → kart 0
      ---
      duration_ms: 681.525308
      type: 'test'
      ...
    # Subtest: I: iade iptal edilince kart 500'e döner; yeniden kesilince 0; iade silinince yine 500
    ok 11 - I: iade iptal edilince kart 500'e döner; yeniden kesilince 0; iade silinince yine 500
      ---
      duration_ms: 1049.910171
      type: 'test'
      ...
    # Subtest: J: kısmi tahsilatlı kart (400 peşin, 600 taksit, 300 tahsil) → tam iade + 700 nakit geri → kart 0
    ok 12 - J: kısmi tahsilatlı kart (400 peşin, 600 taksit, 300 tahsil) → tam iade + 700 nakit geri → kart 0
      ---
      duration_ms: 885.92946
      type: 'test'
      ...
    # Subtest: K (korunur): peşinli açık fatura + Mevcut Borç kartı (500) → 500 + 250 geri, 500 + 250 geri → kart 250, sonra 0
    ok 13 - K (korunur): peşinli açık fatura + Mevcut Borç kartı (500) → 500 + 250 geri, 500 + 250 geri → kart 250, sonra 0
      ---
      duration_ms: 678.117126
      type: 'test'
      ...
    # Subtest: Mutabakat Testi her senaryodan sonra tutarlı (C + B + A aynı şirkette)
    ok 14 - Mutabakat Testi her senaryodan sonra tutarlı (C + B + A aynı şirkette)
      ---
      duration_ms: 752.268458
      type: 'test'
      ...
    1..14
ok 15 - 2.1.0 Canlı Hata 2 — iade + peşin geri ödemesi taksit kartını büyütmez
  ---
  duration_ms: 10427.098336
  type: 'suite'
  ...
# (node:25157) ExperimentalWarning: SQLite is an experimental feature and might change at any time
# (Use `node --trace-warnings ...` to show where the warning was created)
# Subtest: 2.0.24 iade → doğru taksit kartı
    # Subtest: taksitli fatura + caride başka açık borç: iade faturanın kendi kartını küçültür
    ok 1 - taksitli fatura + caride başka açık borç: iade faturanın kendi kartını küçültür
      ---
      duration_ms: 268.308677
      type: 'test'
      ...
    # Subtest: iki taksitli fatura: iade yalnız asıl faturanın kartını küçültür (daha yeni kart değil)
    ok 2 - iki taksitli fatura: iade yalnız asıl faturanın kartını küçültür (daha yeni kart değil)
      ---
      duration_ms: 161.846294
      type: 'test'
      ...
    # Subtest: iki Mevcut Borç kartı: iade, faturayı kapsayan kartı küçültür (2. tur \#5)
    ok 3 - iki Mevcut Borç kartı: iade, faturayı kapsayan kartı küçültür (2. tur \#5)
      ---
      duration_ms: 207.610593
      type: 'test'
      ...
    # Subtest: kısmen tahsil edilmiş kart: iade kalanı düşürür; kalanı aşan iade avans olur, kart sıfırlanır
    ok 4 - kısmen tahsil edilmiş kart: iade kalanı düşürür; kalanı aşan iade avans olur, kart sıfırlanır
      ---
      duration_ms: 157.704567
      type: 'test'
      ...
    # Subtest: iade iptali kartı geri büyütür (iade ile iptal birbirini götürür)
    ok 5 - iade iptali kartı geri büyütür (iade ile iptal birbirini götürür)
      ---
      duration_ms: 150.271217
      type: 'test'
      ...
    # Subtest: iade düzenlenince kart yeni iadeye göre: 1 → 2 → 1 adet
    ok 6 - iade düzenlenince kart yeni iadeye göre: 1 → 2 → 1 adet
      ---
      duration_ms: 211.209152
      type: 'test'
      ...
    # Subtest: Mevcut Borç kartında iade iptali kartı geri büyütür
    ok 7 - Mevcut Borç kartında iade iptali kartı geri büyütür
      ---
      duration_ms: 100.734383
      type: 'test'
      ...
    # Subtest: iade avansa taşmışken kart tahsilatı silinince/düzeltilince kartın kalanı faturanın açığına eşit kalır (mutabakat bulgusu)
    ok 8 - iade avansa taşmışken kart tahsilatı silinince/düzeltilince kartın kalanı faturanın açığına eşit kalır (mutabakat bulgusu)
      ---
      duration_ms: 314.681951
      type: 'test'
      ...
    # Subtest: G1: parası geri verilen iade kartı küçültmez (müşteri borcu değişmedi)
    ok 9 - G1: parası geri verilen iade kartı küçültmez (müşteri borcu değişmedi)
      ---
      duration_ms: 115.541306
      type: 'test'
      ...
    # Subtest: G1: karttan tahsilattan sonra paralı iade — kart borç kadar kalır
    ok 10 - G1: karttan tahsilattan sonra paralı iade — kart borç kadar kalır
      ---
      duration_ms: 111.31553
      type: 'test'
      ...
    # Subtest: G1: Mevcut Borç kartının kapsadığı faturadan paralı iade kartı küçültmez
    ok 11 - G1: Mevcut Borç kartının kapsadığı faturadan paralı iade kartı küçültmez
      ---
      duration_ms: 120.207156
      type: 'test'
      ...
    # Subtest: G2: kartın kapsadığı YENİ faturadan iade — yaşlandırma = bakiye (aynı borç iki kez sayılmaz)
    ok 12 - G2: kartın kapsadığı YENİ faturadan iade — yaşlandırma = bakiye (aynı borç iki kez sayılmaz)
      ---
      duration_ms: 240.492401
      type: 'test'
      ...
    # Subtest: G3: faturanın açığını aşan iade (avans) başka faturayı kapsayan kartı da küçültür — 2.0.23'teki gibi
    ok 13 - G3: faturanın açığını aşan iade (avans) başka faturayı kapsayan kartı da küçültür — 2.0.23'teki gibi
      ---
      duration_ms: 263.832884
      type: 'test'
      ...
    # Subtest: G4: karta sayılan çek karşılıksız / silinir / tutarı düzeltilir → kart = fatura açığı
    ok 14 - G4: karta sayılan çek karşılıksız / silinir / tutarı düzeltilir → kart = fatura açığı
      ---
      duration_ms: 186.478662
      type: 'test'
      ...
    1..14
ok 16 - 2.0.24 iade → doğru taksit kartı
  ---
  duration_ms: 3176.652716
  type: 'suite'
  ...
# (node:25166) ExperimentalWarning: SQLite is an experimental feature and might change at any time
# (Use `node --trace-warnings ...` to show where the warning was created)
# Subtest: K1 — iade kapanışı: geri ödenen iade asıl faturayı kapatmaz, artan alacak iade belgesinin açığıdır
    # Subtest: N1: açık satış 600 → 240 iade + 240 nakit geri → fatura açığı 600, hayalet kapatan yok, iade açığı 0, cari 600, raporlar 600
    ok 1 - N1: açık satış 600 → 240 iade + 240 nakit geri → fatura açığı 600, hayalet kapatan yok, iade açığı 0, cari 600, raporlar 600
      ---
      duration_ms: 887.075209
      type: 'test'
      ...
    # Subtest: N2: alış 1.200 açık → 240 alıştan iade, tedarikçi 240 nakit geri öder → alış açığı 1.200, cari −1.200
    ok 2 - N2: alış 1.200 açık → 240 alıştan iade, tedarikçi 240 nakit geri öder → alış açığı 1.200, cari −1.200
      ---
      duration_ms: 608.450288
      type: 'test'
      ...
    # Subtest: N3: satış 600 (300 nakit peşin) → 240 iade + 240 nakit geri → açık 300 (= cari)
    ok 3 - N3: satış 600 (300 nakit peşin) → 240 iade + 240 nakit geri → açık 300 (= cari)
      ---
      duration_ms: 673.798687
      type: 'test'
      ...
    # Subtest: N4: KISMİ geri ödeme — satış 600 açık → 240 iade, 100 nakit geri → mahsup 140, açık 460 (= cari)
    ok 4 - N4: KISMİ geri ödeme — satış 600 açık → 240 iade, 100 nakit geri → mahsup 140, açık 460 (= cari)
      ---
      duration_ms: 569.140518
      type: 'test'
      ...
    # Subtest: N5 (korunur): satış 600 açık → 240 iade, geri ödenmez → açık 360 (= cari)
    ok 5 - N5 (korunur): satış 600 açık → 240 iade, geri ödenmez → açık 360 (= cari)
      ---
      duration_ms: 558.13669
      type: 'test'
      ...
    # Subtest: N6: satış 600 tamamı peşin → 240 iade açık → iade açığı 240 (müşteri alacaklı); Açık Faturalar'da borç 240
    ok 6 - N6: satış 600 tamamı peşin → 240 iade açık → iade açığı 240 (müşteri alacaklı); Açık Faturalar'da borç 240
      ---
      duration_ms: 737.471127
      type: 'test'
      ...
    # Subtest: N6b: alış 1.200 tamamı peşin → 240 alıştan iade açık → iade açığı 240 (tedarikçi borçlu); Açık Alacak 240
    ok 7 - N6b: alış 1.200 tamamı peşin → 240 alıştan iade açık → iade açığı 240 (tedarikçi borçlu); Açık Alacak 240
      ---
      duration_ms: 626.304775
      type: 'test'
      ...
    # Subtest: N7: hakemin en küçük senaryosu — alış 23,93 (20,99 × %5 iskonto, KDV %20 hariç), 9,84 peşin; tam iade açık → iade açığı 9,84
    ok 8 - N7: hakemin en küçük senaryosu — alış 23,93 (20,99 × %5 iskonto, KDV %20 hariç), 9,84 peşin; tam iade açık → iade açığı 9,84
      ---
      duration_ms: 585.148276
      type: 'test'
      ...
    # Subtest: N8: taksitli satış 600 (peşinsiz, 3 taksit) → 240 iade + 240 nakit geri → fatura açığı 600 = kart kalanı 600 = cari 600
    ok 9 - N8: taksitli satış 600 (peşinsiz, 3 taksit) → 240 iade + 240 nakit geri → fatura açığı 600 = kart kalanı 600 = cari 600
      ---
      duration_ms: 693.586312
      type: 'test'
      ...
    # Subtest: N9: iade iptal edilince ve silinince asıl fatura eski hâline (600) döner
    ok 10 - N9: iade iptal edilince ve silinince asıl fatura eski hâline (600) döner
      ---
      duration_ms: 788.092728
      type: 'test'
      ...
    # Subtest: N10: birden çok iade — satış 600 açık → R1 240 + 240 nakit geri, R2 120 açık → açık 480 (= cari)
    ok 11 - N10: birden çok iade — satış 600 açık → R1 240 + 240 nakit geri, R2 120 açık → açık 480 (= cari)
      ---
      duration_ms: 638.176747
      type: 'test'
      ...
    # Subtest: N11: R1 komşusu — eski açık satış F0 500 + F1 600; F1'den 240 iade + 240 geri → F0 500, F1 600; aynı caride açık alış 400 ödenmez
    ok 12 - N11: R1 komşusu — eski açık satış F0 500 + F1 600; F1'den 240 iade + 240 geri → F0 500, F1 600; aynı caride açık alış 400 ödenmez
      ---
      duration_ms: 567.043439
      type: 'test'
      ...
    # Subtest: N12: sıra — iade önce açık kaydedilir, Düzenle ile 240 nakit geri ödeme eklenir (açık 600), sonra kaldırılır (açık 360)
    ok 13 - N12: sıra — iade önce açık kaydedilir, Düzenle ile 240 nakit geri ödeme eklenir (açık 600), sonra kaldırılır (açık 360)
      ---
      duration_ms: 541.293826
      type: 'test'
      ...
    # Subtest: N13: açık iade (müşteri 240 alacaklı) sonradan cari kartından 240 nakit ödemeyle geri verilir → iade açığı 0, cari 0
    ok 14 - N13: açık iade (müşteri 240 alacaklı) sonradan cari kartından 240 nakit ödemeyle geri verilir → iade açığı 0, cari 0
      ---
      duration_ms: 584.747612
      type: 'test'
      ...
    # Subtest: N15: sıra — taksitli 3.000 (2.000 peşin) → R1 1.000 açık → karttan 1.500 (fazla) → R2 1.000 + 300 geri: iadeler bağlı ödemelerden SONRA mahsup
    ok 15 - N15: sıra — taksitli 3.000 (2.000 peşin) → R1 1.000 açık → karttan 1.500 (fazla) → R2 1.000 + 300 geri: iadeler bağlı ödemelerden SONRA mahsup
      ---
      duration_ms: 677.954734
      type: 'test'
      ...
    # Subtest: N16: Mevcut Borç kartı kapsadığı faturanın paralı iadesinde yalnız mahsup kadar küçülür (carinin başka açık borcu varken)
    ok 16 - N16: Mevcut Borç kartı kapsadığı faturanın paralı iadesinde yalnız mahsup kadar küçülür (carinin başka açık borcu varken)
      ---
      duration_ms: 698.847517
      type: 'test'
      ...
    # Subtest: N14: toplu yol (liste, 8'den çok cari) = fatura kartı; Σ işaretli belge açığı = cari bakiye
        # Subtest: liste ile kart aynı durum, ödenen ve açığı gösterir
        ok 1 - liste ile kart aynı durum, ödenen ve açığı gösterir
          ---
          duration_ms: 174.81834
          type: 'test'
          ...
        # Subtest: her caride Σ açık (satış + alıştan iade) − Σ açık (alış + satıştan iade) = cari bakiye (beklenen bakiyeler elle)
        ok 2 - her caride Σ açık (satış + alıştan iade) − Σ açık (alış + satıştan iade) = cari bakiye (beklenen bakiyeler elle)
          ---
          duration_ms: 46.644568
          type: 'test'
          ...
        1..2
    ok 17 - N14: toplu yol (liste, 8'den çok cari) = fatura kartı; Σ işaretli belge açığı = cari bakiye
      ---
      duration_ms: 1740.879866
      type: 'suite'
      ...
    1..17
ok 17 - K1 — iade kapanışı: geri ödenen iade asıl faturayı kapatmaz, artan alacak iade belgesinin açığıdır
  ---
  duration_ms: 12180.941194
  type: 'suite'
  ...
# (node:25173) ExperimentalWarning: SQLite is an experimental feature and might change at any time
# (Use `node --trace-warnings ...` to show where the warning was created)
# Subtest: 2.1.0 Rapor Merkezi BANKALI veriyle: bütün para raporları × bütün süzgeçler × ekran/PDF/Excel, bağımsız beklenenle
    # Subtest: katalog: denenen her rapor katalogda ve süzgeç seçenekleri tanımlı (yeni banka raporları ayrı testte)
    ok 1 - katalog: denenen her rapor katalogda ve süzgeç seçenekleri tanımlı (yeni banka raporları ayrı testte)
      ---
      duration_ms: 1.893055
      type: 'test'
      ...
    # Subtest: kasa-hareketleri: bütün süzgeçler × ekran/PDF/Excel, TOPLAM = satırlar, bağımsız beklenenle (bankalı veri)
    ok 2 - kasa-hareketleri: bütün süzgeçler × ekran/PDF/Excel, TOPLAM = satırlar, bağımsız beklenenle (bankalı veri)
      ---
      duration_ms: 511.72019
      type: 'test'
      ...
    # Subtest: kasa-gunluk: bütün süzgeçler × ekran/PDF/Excel, TOPLAM = satırlar, bağımsız beklenenle (bankalı veri)
    ok 3 - kasa-gunluk: bütün süzgeçler × ekran/PDF/Excel, TOPLAM = satırlar, bağımsız beklenenle (bankalı veri)
      ---
      duration_ms: 426.344657
      type: 'test'
      ...
    # Subtest: kasa-kaynak: bütün süzgeçler × ekran/PDF/Excel, TOPLAM = satırlar, bağımsız beklenenle (bankalı veri)
    ok 4 - kasa-kaynak: bütün süzgeçler × ekran/PDF/Excel, TOPLAM = satırlar, bağımsız beklenenle (bankalı veri)
      ---
      duration_ms: 381.257807
      type: 'test'
      ...
    # Subtest: kasa-aylik: bütün süzgeçler × ekran/PDF/Excel, TOPLAM = satırlar, bağımsız beklenenle (bankalı veri)
    ok 5 - kasa-aylik: bütün süzgeçler × ekran/PDF/Excel, TOPLAM = satırlar, bağımsız beklenenle (bankalı veri)
      ---
      duration_ms: 443.008678
      type: 'test'
      ...
    # Subtest: hesap-mizani: bütün süzgeçler × ekran/PDF/Excel, TOPLAM = satırlar, bağımsız beklenenle (bankalı veri)
    ok 6 - hesap-mizani: bütün süzgeçler × ekran/PDF/Excel, TOPLAM = satırlar, bağımsız beklenenle (bankalı veri)
      ---
      duration_ms: 594.013985
      type: 'test'
      ...
    # Subtest: yevmiye: bütün süzgeçler × ekran/PDF/Excel, TOPLAM = satırlar, bağımsız beklenenle (bankalı veri)
    ok 7 - yevmiye: bütün süzgeçler × ekran/PDF/Excel, TOPLAM = satırlar, bağımsız beklenenle (bankalı veri)
      ---
      duration_ms: 352.742186
      type: 'test'
      ...
    # Subtest: defter-mutabakati: bütün süzgeçler × ekran/PDF/Excel, TOPLAM = satırlar, bağımsız beklenenle (bankalı veri)
    ok 8 - defter-mutabakati: bütün süzgeçler × ekran/PDF/Excel, TOPLAM = satırlar, bağımsız beklenenle (bankalı veri)
      ---
      duration_ms: 75.411557
      type: 'test'
      ...
    # Subtest: mutabakat-gunlugu: bütün süzgeçler × ekran/PDF/Excel, TOPLAM = satırlar, bağımsız beklenenle (bankalı veri)
    ok 9 - mutabakat-gunlugu: bütün süzgeçler × ekran/PDF/Excel, TOPLAM = satırlar, bağımsız beklenenle (bankalı veri)
      ---
      duration_ms: 39.941265
      type: 'test'
      ...
    # Subtest: banka-pos-hareketleri: bütün süzgeçler × ekran/PDF/Excel, TOPLAM = satırlar, bağımsız beklenenle (bankalı veri)
    ok 10 - banka-pos-hareketleri: bütün süzgeçler × ekran/PDF/Excel, TOPLAM = satırlar, bağımsız beklenenle (bankalı veri)
      ---
      duration_ms: 1344.297388
      type: 'test'
      ...
    # Subtest: mizan: bütün süzgeçler × ekran/PDF/Excel, TOPLAM = satırlar, bağımsız beklenenle (bankalı veri)
    ok 11 - mizan: bütün süzgeçler × ekran/PDF/Excel, TOPLAM = satırlar, bağımsız beklenenle (bankalı veri)
      ---
      duration_ms: 7418.135124
      type: 'test'
      ...
    # Subtest: cari-listesi: bütün süzgeçler × ekran/PDF/Excel, TOPLAM = satırlar, bağımsız beklenenle (bankalı veri)
    ok 12 - cari-listesi: bütün süzgeçler × ekran/PDF/Excel, TOPLAM = satırlar, bağımsız beklenenle (bankalı veri)
      ---
      duration_ms: 565.145983
      type: 'test'
      ...
    # Subtest: cari-ekstre: bütün süzgeçler × ekran/PDF/Excel, TOPLAM = satırlar, bağımsız beklenenle (bankalı veri)
    ok 13 - cari-ekstre: bütün süzgeçler × ekran/PDF/Excel, TOPLAM = satırlar, bağımsız beklenenle (bankalı veri)
      ---
      duration_ms: 1456.372485
      type: 'test'
      ...
    # Subtest: cari-hareketleri: bütün süzgeçler × ekran/PDF/Excel, TOPLAM = satırlar, bağımsız beklenenle (bankalı veri)
    ok 14 - cari-hareketleri: bütün süzgeçler × ekran/PDF/Excel, TOPLAM = satırlar, bağımsız beklenenle (bankalı veri)
      ---
      duration_ms: 1033.688121
      type: 'test'
      ...
    # Subtest: cari-tahsilat: bütün süzgeçler × ekran/PDF/Excel, TOPLAM = satırlar, bağımsız beklenenle (bankalı veri)
    ok 15 - cari-tahsilat: bütün süzgeçler × ekran/PDF/Excel, TOPLAM = satırlar, bağımsız beklenenle (bankalı veri)
      ---
      duration_ms: 1099.328087
      type: 'test'
      ...
    # Subtest: alacak-yaslandirma: bütün süzgeçler × ekran/PDF/Excel, TOPLAM = satırlar, bağımsız beklenenle (bankalı veri)
    ok 16 - alacak-yaslandirma: bütün süzgeçler × ekran/PDF/Excel, TOPLAM = satırlar, bağımsız beklenenle (bankalı veri)
      ---
      duration_ms: 35.820422
      type: 'test'
      ...
    # Subtest: fatura-satis: bütün süzgeçler × ekran/PDF/Excel, TOPLAM = satırlar, bağımsız beklenenle (bankalı veri)
    ok 17 - fatura-satis: bütün süzgeçler × ekran/PDF/Excel, TOPLAM = satırlar, bağımsız beklenenle (bankalı veri)
      ---
      duration_ms: 1660.874485
      type: 'test'
      ...
    # Subtest: fatura-alis: bütün süzgeçler × ekran/PDF/Excel, TOPLAM = satırlar, bağımsız beklenenle (bankalı veri)
    ok 18 - fatura-alis: bütün süzgeçler × ekran/PDF/Excel, TOPLAM = satırlar, bağımsız beklenenle (bankalı veri)
      ---
      duration_ms: 1576.605334
      type: 'test'
      ...
    # Subtest: fatura-iade: bütün süzgeçler × ekran/PDF/Excel, TOPLAM = satırlar, bağımsız beklenenle (bankalı veri)
    ok 19 - fatura-iade: bütün süzgeçler × ekran/PDF/Excel, TOPLAM = satırlar, bağımsız beklenenle (bankalı veri)
      ---
      duration_ms: 1450.759173
      type: 'test'
      ...
    # Subtest: kdv-ozeti: bütün süzgeçler × ekran/PDF/Excel, TOPLAM = satırlar, bağımsız beklenenle (bankalı veri)
    ok 20 - kdv-ozeti: bütün süzgeçler × ekran/PDF/Excel, TOPLAM = satırlar, bağımsız beklenenle (bankalı veri)
      ---
      duration_ms: 166.299371
      type: 'test'
      ...
    # Subtest: ba-bs: bütün süzgeçler × ekran/PDF/Excel, TOPLAM = satırlar, bağımsız beklenenle (bankalı veri)
    ok 21 - ba-bs: bütün süzgeçler × ekran/PDF/Excel, TOPLAM = satırlar, bağımsız beklenenle (bankalı veri)
      ---
      duration_ms: 168.939164
      type: 'test'
      ...
    # Subtest: urun-satis-karlilik: bütün süzgeçler × ekran/PDF/Excel, TOPLAM = satırlar, bağımsız beklenenle (bankalı veri)
    ok 22 - urun-satis-karlilik: bütün süzgeçler × ekran/PDF/Excel, TOPLAM = satırlar, bağımsız beklenenle (bankalı veri)
      ---
      duration_ms: 188.846019
      type: 'test'
      ...
    # Subtest: cari-satis-alis: bütün süzgeçler × ekran/PDF/Excel, TOPLAM = satırlar, bağımsız beklenenle (bankalı veri)
    ok 23 - cari-satis-alis: bütün süzgeçler × ekran/PDF/Excel, TOPLAM = satırlar, bağımsız beklenenle (bankalı veri)
      ---
      duration_ms: 166.745718
      type: 'test'
      ...
    # Subtest: gider-raporu: bütün süzgeçler × ekran/PDF/Excel, TOPLAM = satırlar, bağımsız beklenenle (bankalı veri)
    ok 24 - gider-raporu: bütün süzgeçler × ekran/PDF/Excel, TOPLAM = satırlar, bağımsız beklenenle (bankalı veri)
      ---
      duration_ms: 208.997882
      type: 'test'
      ...
    # Subtest: stopaj-tevkifat: bütün süzgeçler × ekran/PDF/Excel, TOPLAM = satırlar, bağımsız beklenenle (bankalı veri)
    ok 25 - stopaj-tevkifat: bütün süzgeçler × ekran/PDF/Excel, TOPLAM = satırlar, bağımsız beklenenle (bankalı veri)
      ---
      duration_ms: 167.826842
      type: 'test'
      ...
    # Subtest: acik-faturalar: bütün süzgeçler × ekran/PDF/Excel, TOPLAM = satırlar, bağımsız beklenenle (bankalı veri)
    ok 26 - acik-faturalar: bütün süzgeçler × ekran/PDF/Excel, TOPLAM = satırlar, bağımsız beklenenle (bankalı veri)
      ---
      duration_ms: 192.158171
      type: 'test'
      ...
    # Subtest: taksit-kartlari: bütün süzgeçler × ekran/PDF/Excel, TOPLAM = satırlar, bağımsız beklenenle (bankalı veri)
    ok 27 - taksit-kartlari: bütün süzgeçler × ekran/PDF/Excel, TOPLAM = satırlar, bağımsız beklenenle (bankalı veri)
      ---
      duration_ms: 67.403025
      type: 'test'
      ...
    # Subtest: taksit-vadeleri: bütün süzgeçler × ekran/PDF/Excel, TOPLAM = satırlar, bağımsız beklenenle (bankalı veri)
    ok 28 - taksit-vadeleri: bütün süzgeçler × ekran/PDF/Excel, TOPLAM = satırlar, bağımsız beklenenle (bankalı veri)
      ---
      duration_ms: 258.665684
      type: 'test'
      ...
    # Subtest: geciken-taksitler: bütün süzgeçler × ekran/PDF/Excel, TOPLAM = satırlar, bağımsız beklenenle (bankalı veri)
    ok 29 - geciken-taksitler: bütün süzgeçler × ekran/PDF/Excel, TOPLAM = satırlar, bağımsız beklenenle (bankalı veri)
      ---
      duration_ms: 11.294839
      type: 'test'
      ...
    # Subtest: taksit-performans: bütün süzgeçler × ekran/PDF/Excel, TOPLAM = satırlar, bağımsız beklenenle (bankalı veri)
    ok 30 - taksit-performans: bütün süzgeçler × ekran/PDF/Excel, TOPLAM = satırlar, bağımsız beklenenle (bankalı veri)
      ---
      duration_ms: 206.386915
      type: 'test'
      ...
    # Subtest: taksit-tahsilatlari: bütün süzgeçler × ekran/PDF/Excel, TOPLAM = satırlar, bağımsız beklenenle (bankalı veri)
    ok 31 - taksit-tahsilatlari: bütün süzgeçler × ekran/PDF/Excel, TOPLAM = satırlar, bağımsız beklenenle (bankalı veri)
      ---
      duration_ms: 178.018206
      type: 'test'
      ...
    # Subtest: cek-portfoy: bütün süzgeçler × ekran/PDF/Excel, TOPLAM = satırlar, bağımsız beklenenle (bankalı veri)
    ok 32 - cek-portfoy: bütün süzgeçler × ekran/PDF/Excel, TOPLAM = satırlar, bağımsız beklenenle (bankalı veri)
      ---
      duration_ms: 4882.991616
      type: 'test'
      ...
    # Subtest: cek-hareketleri: bütün süzgeçler × ekran/PDF/Excel, TOPLAM = satırlar, bağımsız beklenenle (bankalı veri)
    ok 33 - cek-hareketleri: bütün süzgeçler × ekran/PDF/Excel, TOPLAM = satırlar, bağımsız beklenenle (bankalı veri)
      ---
      duration_ms: 148.36409
      type: 'test'
      ...
    # Subtest: cek-vade-dagilimi: bütün süzgeçler × ekran/PDF/Excel, TOPLAM = satırlar, bağımsız beklenenle (bankalı veri)
    ok 34 - cek-vade-dagilimi: bütün süzgeçler × ekran/PDF/Excel, TOPLAM = satırlar, bağımsız beklenenle (bankalı veri)
      ---
      duration_ms: 12.925573
      type: 'test'
      ...
    # Subtest: stok-durumu: bütün süzgeçler × ekran/PDF/Excel, TOPLAM = satırlar, bağımsız beklenenle (bankalı veri)
    ok 35 - stok-durumu: bütün süzgeçler × ekran/PDF/Excel, TOPLAM = satırlar, bağımsız beklenenle (bankalı veri)
      ---
      duration_ms: 215.774185
      type: 'test'
      ...
    # Subtest: stok-hareketleri: bütün süzgeçler × ekran/PDF/Excel, TOPLAM = satırlar, bağımsız beklenenle (bankalı veri)
    ok 36 - stok-hareketleri: bütün süzgeçler × ekran/PDF/Excel, TOPLAM = satırlar, bağımsız beklenenle (bankalı veri)
      ---
      duration_ms: 183.166639
      type: 'test'
      ...
    # Subtest: stok-ozet: bütün süzgeçler × ekran/PDF/Excel, TOPLAM = satırlar, bağımsız beklenenle (bankalı veri)
    ok 37 - stok-ozet: bütün süzgeçler × ekran/PDF/Excel, TOPLAM = satırlar, bağımsız beklenenle (bankalı veri)
      ---
      duration_ms: 343.723005
      type: 'test'
      ...
    # Subtest: stok-kategori: bütün süzgeçler × ekran/PDF/Excel, TOPLAM = satırlar, bağımsız beklenenle (bankalı veri)
    ok 38 - stok-kategori: bütün süzgeçler × ekran/PDF/Excel, TOPLAM = satırlar, bağımsız beklenenle (bankalı veri)
      ---
      duration_ms: 13.111305
      type: 'test'
      ...
    # Subtest: kayit-tahsilatlari: bütün süzgeçler × ekran/PDF/Excel, TOPLAM = satırlar, bağımsız beklenenle (bankalı veri)
    ok 39 - kayit-tahsilatlari: bütün süzgeçler × ekran/PDF/Excel, TOPLAM = satırlar, bağımsız beklenenle (bankalı veri)
      ---
      duration_ms: 148.389074
      type: 'test'
      ...
    # Subtest: anahtar toplamlar bağımsız defterle (tüm zamanlar): Kasa, Gerçek Banka (hesap hesap), KDV, cari bakiyeleri, stok
    ok 40 - anahtar toplamlar bağımsız defterle (tüm zamanlar): Kasa, Gerçek Banka (hesap hesap), KDV, cari bakiyeleri, stok
      ---
      duration_ms: 34.507258
      type: 'test'
      ...
    # Subtest: Kasa Dökümü PDF: yalnız nakit satırları ve Güncel Kasa; banka bağlı hareketler (havale, Kasa ↔ Banka banka bacağı) girmez
    ok 41 - Kasa Dökümü PDF: yalnız nakit satırları ve Güncel Kasa; banka bağlı hareketler (havale, Kasa ↔ Banka banka bacağı) girmez
      ---
      duration_ms: 11.098925
      type: 'test'
      ...
    # Subtest: Nakit Akış: başlangıç = Nakit + Gerçek Banka (K10: Hesabı Atanmamış POS 900 hariç)
    ok 42 - Nakit Akış: başlangıç = Nakit + Gerçek Banka (K10: Hesabı Atanmamış POS 900 hariç)
      ---
      duration_ms: 57.055357
      type: 'test'
      ...
    # Subtest: Nakit Akış (90 gün): beklenen giriş/çıkış bağımsız (taksit, portföydeki senet, verilen çek); başlangıç Kasa + Gerçek Banka (K10)
    ok 43 - Nakit Akış (90 gün): beklenen giriş/çıkış bağımsız (taksit, portföydeki senet, verilen çek); başlangıç Kasa + Gerçek Banka (K10)
      ---
      duration_ms: 7.48261
      type: 'test'
      ...
    # Subtest: Vade Takip (tüm açık kalemler) ve zil/takvim: tahsil edilecek / ödenecek bağımsız; banka bağlı ödenmiş evrak ve faturalar listede yok
    ok 44 - Vade Takip (tüm açık kalemler) ve zil/takvim: tahsil edilecek / ödenecek bağımsız; banka bağlı ödenmiş evrak ve faturalar listede yok
      ---
      duration_ms: 30.54371
      type: 'test'
      ...
    # Subtest: ileri tarihli banka hareketi denemesi 400; raporlar değişmez (ileri tarih aralığında hareket raporları boş)
    ok 45 - ileri tarihli banka hareketi denemesi 400; raporlar değişmez (ileri tarih aralığında hareket raporları boş)
      ---
      duration_ms: 34.188035
      type: 'test'
      ...
    # Subtest: tek kayıt + şirket ayrımı: 002'de tek havale tahsilatı → 002 raporlarında tek satır; 001'in raporları değişmez; ?hofCompany= yetkisiz 403
    ok 46 - tek kayıt + şirket ayrımı: 002'de tek havale tahsilatı → 002 raporlarında tek satır; 001'in raporları değişmez; ?hofCompany= yetkisiz 403
      ---
      duration_ms: 455.388562
      type: 'test'
      ...
    # Subtest: yetki: rapor yetkisi olmayan personel bütün bankalı raporlarda 403 (ekran, PDF, Excel); dosya sızmaz
    ok 47 - yetki: rapor yetkisi olmayan personel bütün bankalı raporlarda 403 (ekran, PDF, Excel); dosya sızmaz
      ---
      duration_ms: 253.748659
      type: 'test'
      ...
# [raporlar-210-banka] rapor 38, birleşim 1284, istek 3852, denetlenen TOPLAM kolonu 1511
    # Subtest: Mutabakat Testi tutarlı; özet sayılar
    ok 48 - Mutabakat Testi tutarlı; özet sayılar
      ---
      duration_ms: 13.892942
      type: 'test'
      ...
    1..48
ok 18 - 2.1.0 Rapor Merkezi BANKALI veriyle: bütün para raporları × bütün süzgeçler × ekran/PDF/Excel, bağımsız beklenenle
  ---
  duration_ms: 31386.459608
  type: 'suite'
  ...
1..18
# tests 177
# suites 19
# pass 177
# fail 0
# cancelled 0
# skipped 0
# todo 0
# duration_ms 80907.903785
