TAP version 13
# (node:8214) ExperimentalWarning: SQLite is an experimental feature and might change at any time
# (Use `node --trace-warnings ...` to show where the warning was created)
# K1 zincir: durumu değişen belge 12; karşılaştırılan yanıt 550
# Subtest: altın test: v2.0.26 ile bu dal aynı veride aynı Kasa, Banka ve POS, ANLIK DURUM, Ana Defter ve raporları gösterir
    # Subtest: zincir fikstürü surum-2.0.26-zincir (2.0.16 → 2.0.26 gerçek sürüm koduyla, 4 şirket)
    ok 1 - zincir fikstürü surum-2.0.26-zincir (2.0.16 → 2.0.26 gerçek sürüm koduyla, 4 şirket)
      ---
      duration_ms: 35646.517995
      type: 'test'
      ...
# K1 motor: durumu değişen belge 8; karşılaştırılan yanıt 154
    # Subtest: v2.0.26'nın kendi koduyla üretilen veri (mutabakat motoru: 120 güne yayılmış 260 rastgele işlem, dönem kilidi, iade/iptal)
    ok 2 - v2.0.26'nın kendi koduyla üretilen veri (mutabakat motoru: 120 güne yayılmış 260 rastgele işlem, dönem kilidi, iade/iptal)
      ---
      duration_ms: 15399.53471
      type: 'test'
      ...
    1..2
ok 1 - altın test: v2.0.26 ile bu dal aynı veride aynı Kasa, Banka ve POS, ANLIK DURUM, Ana Defter ve raporları gösterir
  ---
  duration_ms: 51048.423736
  type: 'suite'
  ...
# (node:8215) ExperimentalWarning: SQLite is an experimental feature and might change at any time
# (Use `node --trace-warnings ...` to show where the warning was created)
# Subtest: 2.1.0 temel sürüm: ertelenen banka özellikleri görünmez ve API'den çağrılamaz
    # Subtest: Banka Ayarları (ekran verisi): POS, Ekstre, Döviz, Kanal Alanı, Elle Banka Fişi ve Bağdaştırıcılar görünmez
    ok 1 - Banka Ayarları (ekran verisi): POS, Ekstre, Döviz, Kanal Alanı, Elle Banka Fişi ve Bağdaştırıcılar görünmez
      ---
      duration_ms: 37.110632
      type: 'test'
      ...
    # Subtest: gizli ayar API'den değiştirilemez (400 bank-setting-later; kayıt değişmez); aynı (varsayılan) değer ve görünen ayar kaydedilir
    ok 2 - gizli ayar API'den değiştirilemez (400 bank-setting-later; kayıt değişmez); aynı (varsayılan) değer ve görünen ayar kaydedilir
      ---
      duration_ms: 246.973876
      type: 'test'
      ...
    # Subtest: eski kayıtta gizli ayar dolu olsa da etkisiz: Elle Banka Fişi kapalı kalır (409 bank-manual-off), Kambiyo Kârı (646) fişi yazılamaz
    ok 3 - eski kayıtta gizli ayar dolu olsa da etkisiz: Elle Banka Fişi kapalı kalır (409 bank-manual-off), Kambiyo Kârı (646) fişi yazılamaz
      ---
      duration_ms: 96.989682
      type: 'test'
      ...
    # Subtest: döviz, kur ve değerleme: hesap türlerinde ve fiş türlerinde yok; döviz hesabı, döviz fişi ve değerleme API'den 400; Genel Bakış features.fx kapalı
    ok 4 - döviz, kur ve değerleme: hesap türlerinde ve fiş türlerinde yok; döviz hesabı, döviz fişi ve değerleme API'den 400; Genel Bakış features.fx kapalı
      ---
      duration_ms: 110.922181
      type: 'test'
      ...
    # Subtest: POS: hesap türü değil, uç yok (404), POS tablolarına yazılmaz; ANLIK DURUM ve Birleşik Rapor'da POS Bekleyen / Blokeli POS yok
    ok 5 - POS: hesap türü değil, uç yok (404), POS tablolarına yazılmaz; ANLIK DURUM ve Birleşik Rapor'da POS Bekleyen / Blokeli POS yok
      ---
      duration_ms: 76.608195
      type: 'test'
      ...
    # Subtest: ekstre ve mutabakat: uç yok (404), ekstre tablolarına yazılmaz
    ok 6 - ekstre ve mutabakat: uç yok (404), ekstre tablolarına yazılmaz
      ---
      duration_ms: 35.650705
      type: 'test'
      ...
    # Subtest: Bankaya Tahsile Ver: çek işlemlerinde yok; 'deposit' işlemi reddedilir, çek durumu ve cheque_collections değişmez
    ok 7 - Bankaya Tahsile Ver: çek işlemlerinde yok; 'deposit' işlemi reddedilir, çek durumu ve cheque_collections değişmez
      ---
      duration_ms: 145.005389
      type: 'test'
      ...
    # Subtest: Kasa açılış/devir: Kasa'da açılış ya da devir hareketi girilemez (400); Kasa yalnız tahsilat ve ödeme
    ok 8 - Kasa açılış/devir: Kasa'da açılış ya da devir hareketi girilemez (400); Kasa yalnız tahsilat ve ödeme
      ---
      duration_ms: 26.161449
      type: 'test'
      ...
    # Subtest: Rapor Merkezi: Banka grubunda yalnız temel 4 rapor; ertelenen §8.10 raporları listede yok ve 404 (ekran, PDF, Excel)
    ok 9 - Rapor Merkezi: Banka grubunda yalnız temel 4 rapor; ertelenen §8.10 raporları listede yok ve 404 (ekran, PDF, Excel)
      ---
      duration_ms: 147.653493
      type: 'test'
      ...
    # Subtest: Roller ve Kişiye Özel Yetki kataloğu: POS, komisyon, ekstre ve mutabakat yetkileri görünmez
    ok 10 - Roller ve Kişiye Özel Yetki kataloğu: POS, komisyon, ekstre ve mutabakat yetkileri görünmez
      ---
      duration_ms: 30.206677
      type: 'test'
      ...
    1..10
ok 2 - 2.1.0 temel sürüm: ertelenen banka özellikleri görünmez ve API'den çağrılamaz
  ---
  duration_ms: 1701.829722
  type: 'suite'
  ...
# (node:8217) ExperimentalWarning: SQLite is an experimental feature and might change at any time
# (Use `node --trace-warnings ...` to show where the warning was created)
# K1 surum-2.0.16-zincir 001 · Merkez Danışmanlık Ltd. Şti.: durumu değişen belge 0
# Subtest: göç zinciri → v20: para defteri 2.0.26'nın gösterdiğiyle birebir (K11)
    # Subtest: surum-2.0.16-zincir
    ok 1 - surum-2.0.16-zincir
      ---
      duration_ms: 1381.827161
      type: 'test'
      ...
# K1 surum-2.0.17-zincir 001 · Merkez Danışmanlık Ltd. Şti.: durumu değişen belge 0
# K1 surum-2.0.17-zincir 002 · Şahin İnşaat Ltd. Şti.: durumu değişen belge 0
# K1 surum-2.0.17-zincir 007 · Mavi Gıda A.Ş.: durumu değişen belge 0
    # Subtest: surum-2.0.17-zincir
    ok 2 - surum-2.0.17-zincir
      ---
      duration_ms: 2856.842896
      type: 'test'
      ...
# K1 surum-2.0.18-zincir 001 · Merkez Danışmanlık Ltd. Şti.: durumu değişen belge 0
# K1 surum-2.0.18-zincir 002 · Şahin İnşaat Ltd. Şti.: durumu değişen belge 0
# K1 surum-2.0.18-zincir 007 · Mavi Gıda A.Ş.: durumu değişen belge 0
# K1 surum-2.0.18-zincir 004 · Çağdaş Eğitim Kurumları: durumu değişen belge 0
    # Subtest: surum-2.0.18-zincir
    ok 3 - surum-2.0.18-zincir
      ---
      duration_ms: 4024.805503
      type: 'test'
      ...
# K1 surum-2.0.19-zincir 001 · Merkez Danışmanlık Ltd. Şti.: durumu değişen belge 0
# K1 surum-2.0.19-zincir 002 · Şahin İnşaat ve Ticaret Ltd. Şti.: durumu değişen belge 0
# K1 surum-2.0.19-zincir 007 · Mavi Gıda A.Ş.: durumu değişen belge 0
# K1 surum-2.0.19-zincir 004 · Çağdaş Eğitim Kurumları: durumu değişen belge 0
    # Subtest: surum-2.0.19-zincir
    ok 4 - surum-2.0.19-zincir
      ---
      duration_ms: 4245.038336
      type: 'test'
      ...
# K1 surum-2.0.20-zincir 001 · Merkez Danışmanlık Ltd. Şti.: durumu değişen belge 0
# K1 surum-2.0.20-zincir 002 · Şahin İnşaat ve Ticaret Ltd. Şti.: durumu değişen belge 0
# K1 surum-2.0.20-zincir 007 · Mavi Gıda A.Ş.: durumu değişen belge 0
# K1 surum-2.0.20-zincir 004 · Işık Turizm ve Seyahat: durumu değişen belge 0
    # Subtest: surum-2.0.20-zincir
    ok 5 - surum-2.0.20-zincir
      ---
      duration_ms: 3387.498591
      type: 'test'
      ...
# K1 surum-2.0.21-zincir 001 · Merkez Danışmanlık Ltd. Şti.: durumu değişen belge 1 — IAD2026000000001 ["return",0,0]→["return",18000,0]
# K1 surum-2.0.21-zincir 002 · Şahin İnşaat ve Ticaret Ltd. Şti.: durumu değişen belge 1 — IAD2026000000001 ["return",0,0]→["return",18000,0]
# K1 surum-2.0.21-zincir 007 · Mavi Gıda A.Ş.: durumu değişen belge 0
# K1 surum-2.0.21-zincir 004 · Işık Turizm ve Seyahat: durumu değişen belge 0
    # Subtest: surum-2.0.21-zincir
    ok 6 - surum-2.0.21-zincir
      ---
      duration_ms: 3626.187553
      type: 'test'
      ...
# K1 surum-2.0.22-zincir 001 · Merkez Danışmanlık Ltd. Şti.: durumu değişen belge 2 — IAD2026000000002 ["return",0,0]→["return",18000,0]; IAD2026000000001 ["return",0,0]→["return",18000,0]
# K1 surum-2.0.22-zincir 002 · Şahin İnşaat ve Ticaret Ltd. Şti.: durumu değişen belge 2 — IAD2026000000002 ["return",0,0]→["return",18000,0]; IAD2026000000001 ["return",0,0]→["return",18000,0]
# K1 surum-2.0.22-zincir 007 · Mavi Gıda A.Ş.: durumu değişen belge 0
# K1 surum-2.0.22-zincir 004 · Işık Turizm ve Seyahat: durumu değişen belge 0
    # Subtest: surum-2.0.22-zincir
    ok 7 - surum-2.0.22-zincir
      ---
      duration_ms: 3539.692208
      type: 'test'
      ...
# K1 surum-2.0.23-zincir 001 · Merkez Danışmanlık Ltd. Şti.: durumu değişen belge 3 — IAD2026000000003 ["return",0,0]→["return",18000,0]; IAD2026000000002 ["return",0,0]→["return",18000,0]; IAD2026000000001 ["return",0,0]→["return",18000,0]
# K1 surum-2.0.23-zincir 002 · Şahin İnşaat ve Ticaret Ltd. Şti.: durumu değişen belge 3 — IAD2026000000003 ["return",0,0]→["return",18000,0]; IAD2026000000002 ["return",0,0]→["return",18000,0]; IAD2026000000001 ["return",0,0]→["return",18000,0]
# K1 surum-2.0.23-zincir 007 · Mavi Gıda A.Ş.: durumu değişen belge 0
# K1 surum-2.0.23-zincir 004 · Işık Turizm ve Seyahat: durumu değişen belge 0
    # Subtest: surum-2.0.23-zincir
    ok 8 - surum-2.0.23-zincir
      ---
      duration_ms: 3813.918984
      type: 'test'
      ...
# K1 surum-2.0.24-zincir 001 · Merkez Danışmanlık Ltd. Şti.: durumu değişen belge 4 — IAD2026000000004 ["return",0,0]→["return",18000,0]; IAD2026000000003 ["return",0,0]→["return",18000,0]; IAD2026000000002 ["return",0,0]→["return",18000,0]; IAD2026000000001 ["return",0,0]→["return",18000,0]
# K1 surum-2.0.24-zincir 002 · Şahin İnşaat ve Ticaret Ltd. Şti.: durumu değişen belge 4 — IAD2026000000004 ["return",0,0]→["return",18000,0]; IAD2026000000003 ["return",0,0]→["return",18000,0]; IAD2026000000002 ["return",0,0]→["return",18000,0]; IAD2026000000001 ["return",0,0]→["return",18000,0]
# K1 surum-2.0.24-zincir 007 · Mavi Gıda A.Ş.: durumu değişen belge 0
# K1 surum-2.0.24-zincir 004 · Işık Turizm ve Seyahat: durumu değişen belge 0
    # Subtest: surum-2.0.24-zincir
    ok 9 - surum-2.0.24-zincir
      ---
      duration_ms: 3843.03792
      type: 'test'
      ...
# K1 surum-2.0.25-zincir 001 · Merkez Danışmanlık Ltd. Şti.: durumu değişen belge 5 — IAD2026000000005 ["return",0,0]→["return",18000,0]; IAD2026000000004 ["return",0,0]→["return",18000,0]; IAD2026000000003 ["return",0,0]→["return",18000,0]; IAD2026000000002 ["return",0,0]→["return",18000,0]; IAD2026000000001 ["return",0,0]→["return",18000,0]
# K1 surum-2.0.25-zincir 002 · Şahin İnşaat ve Ticaret Ltd. Şti.: durumu değişen belge 5 — IAD2026000000005 ["return",0,0]→["return",18000,0]; IAD2026000000004 ["return",0,0]→["return",18000,0]; IAD2026000000003 ["return",0,0]→["return",18000,0]; IAD2026000000002 ["return",0,0]→["return",18000,0]; IAD2026000000001 ["return",0,0]→["return",18000,0]
# K1 surum-2.0.25-zincir 007 · Mavi Gıda A.Ş.: durumu değişen belge 0
# K1 surum-2.0.25-zincir 004 · Işık Turizm ve Seyahat: durumu değişen belge 0
    # Subtest: surum-2.0.25-zincir
    ok 10 - surum-2.0.25-zincir
      ---
      duration_ms: 3340.633023
      type: 'test'
      ...
# K1 surum-2.0.26-zincir 001 · Merkez Danışmanlık Ltd. Şti.: durumu değişen belge 6 — IAD2026000000006 ["return",0,0]→["return",18000,0]; IAD2026000000005 ["return",0,0]→["return",18000,0]; IAD2026000000004 ["return",0,0]→["return",18000,0]; IAD2026000000003 ["return",0,0]→["return",18000,0]; IAD2026000000002 ["return",0,0]→["return",18000,0]; IAD2026000000001 ["return",0,0]→["return",18000,0]
# K1 surum-2.0.26-zincir 002 · Şahin İnşaat ve Ticaret Ltd. Şti.: durumu değişen belge 6 — IAD2026000000006 ["return",0,0]→["return",18000,0]; IAD2026000000005 ["return",0,0]→["return",18000,0]; IAD2026000000004 ["return",0,0]→["return",18000,0]; IAD2026000000003 ["return",0,0]→["return",18000,0]; IAD2026000000002 ["return",0,0]→["return",18000,0]; IAD2026000000001 ["return",0,0]→["return",18000,0]
# K1 surum-2.0.26-zincir 007 · Mavi Gıda A.Ş.: durumu değişen belge 0
# K1 surum-2.0.26-zincir 004 · Işık Turizm ve Seyahat: durumu değişen belge 0
    # Subtest: surum-2.0.26-zincir
    ok 11 - surum-2.0.26-zincir
      ---
      duration_ms: 4270.592561
      type: 'test'
      ...
# K1 surum-2.0.19-cakisma 001 · Şirket 1: durumu değişen belge 0
# K1 surum-2.0.19-cakisma 005 · Resmi Şirket: durumu değişen belge 0
# K1 surum-2.0.19-cakisma 002 · Gayri Resmi Şirket: durumu değişen belge 0
    # Subtest: surum-2.0.19-cakisma
    ok 12 - surum-2.0.19-cakisma
      ---
      duration_ms: 2242.40177
      type: 'test'
      ...
# K1 surum-2.0.19-eski 001 · Eski Hukuk Bürosu: durumu değişen belge 0
# K1 surum-2.0.19-eski 002 · Yeni Büro Ltd. Şti.: durumu değişen belge 0
    # Subtest: surum-2.0.19-eski
    ok 13 - surum-2.0.19-eski
      ---
      duration_ms: 1734.078252
      type: 'test'
      ...
# K1 surum-2.0.26-turler 001 · Merkez Danışmanlık Ltd. Şti.: durumu değişen belge 6 — IAD2026000000006 ["return",0,0]→["return",18000,0]; IAD2026000000005 ["return",0,0]→["return",18000,0]; IAD2026000000004 ["return",0,0]→["return",18000,0]; IAD2026000000003 ["return",0,0]→["return",18000,0]; IAD2026000000002 ["return",0,0]→["return",18000,0]; IAD2026000000001 ["return",0,0]→["return",18000,0]
# K1 surum-2.0.26-turler 002 · Şahin İnşaat ve Ticaret Ltd. Şti.: durumu değişen belge 6 — IAD2026000000006 ["return",0,0]→["return",18000,0]; IAD2026000000005 ["return",0,0]→["return",18000,0]; IAD2026000000004 ["return",0,0]→["return",18000,0]; IAD2026000000003 ["return",0,0]→["return",18000,0]; IAD2026000000002 ["return",0,0]→["return",18000,0]; IAD2026000000001 ["return",0,0]→["return",18000,0]
# K1 surum-2.0.26-turler 007 · Mavi Gıda A.Ş.: durumu değişen belge 0
# K1 surum-2.0.26-turler 004 · Işık Turizm ve Seyahat: durumu değişen belge 0
    # Subtest: surum-2.0.26-turler
    ok 14 - surum-2.0.26-turler
      ---
      duration_ms: 3546.331886
      type: 'test'
      ...
    1..14
ok 3 - göç zinciri → v20: para defteri 2.0.26'nın gösterdiğiyle birebir (K11)
  ---
  duration_ms: 45856.497486
  type: 'suite'
  ...
# Subtest: 2.0.21–2.0.26 kesitleri v20 koduyla: hiçbir kayıt ve yedek kaybolmaz, eski yedekler kendi şirketine geri yüklenir
    # Subtest: surum-2.0.21-zincir
    ok 1 - surum-2.0.21-zincir
      ---
      duration_ms: 9414.639198
      type: 'test'
      ...
    # Subtest: surum-2.0.26-zincir
    ok 2 - surum-2.0.26-zincir
      ---
      duration_ms: 9959.768751
      type: 'test'
      ...
    # Subtest: surum-2.0.26-turler
    ok 3 - surum-2.0.26-turler
      ---
      duration_ms: 11192.027124
      type: 'test'
      ...
    1..3
ok 4 - 2.0.21–2.0.26 kesitleri v20 koduyla: hiçbir kayıt ve yedek kaybolmaz, eski yedekler kendi şirketine geri yüklenir
  ---
  duration_ms: 30567.039046
  type: 'suite'
  ...
# (node:8238) ExperimentalWarning: SQLite is an experimental feature and might change at any time
# (Use `node --trace-warnings ...` to show where the warning was created)
# Subtest: İleri tarihli eski hesapsız havale (gerçek v2.0.23 verisi; gerçek kurulum koşulu)
    # Subtest: B6 liste: ileri tarihli iki satır ayrı işaretli, atanamaz, nedeni ve günü yazılı; geçmiş satır atanabilir
    ok 1 - B6 liste: ileri tarihli iki satır ayrı işaretli, atanamaz, nedeni ve günü yazılı; geçmiş satır atanabilir
      ---
      duration_ms: 23.259026
      type: 'test'
      ...
    # Subtest: B6 toplamlar tek formülden: Banka Genel Bakış, Hesaplar, ANLIK DURUM, Nakit Akış, Birleşik Rapor = 250 (bugüne kadar); ileri tarihli ayrı
    ok 2 - B6 toplamlar tek formülden: Banka Genel Bakış, Hesaplar, ANLIK DURUM, Nakit Akış, Birleşik Rapor = 250 (bugüne kadar); ileri tarihli ayrı
      ---
      duration_ms: 315.957018
      type: 'test'
      ...
    # Subtest: B3 Bu Hesaba Ata ileri tarihli → 409 bank-legacy-future (ledger-integrity değil), mesajda gün
    ok 3 - B3 Bu Hesaba Ata ileri tarihli → 409 bank-legacy-future (ledger-integrity değil), mesajda gün
      ---
      duration_ms: 24.649939
      type: 'test'
      ...
    # Subtest: B4 Bu Hesaba Ata [geçmiş + ileri] tek istekte → 409; geçmiş satır da bağlanmaz
    ok 4 - B4 Bu Hesaba Ata [geçmiş + ileri] tek istekte → 409; geçmiş satır da bağlanmaz
      ---
      duration_ms: 34.610756
      type: 'test'
      ...
    # Subtest: B5 sihirbaz seçili satır listesiyle ileri tarihli satır → 409 bank-legacy-future
    ok 5 - B5 sihirbaz seçili satır listesiyle ileri tarihli satır → 409 bank-legacy-future
      ---
      duration_ms: 16.025336
      type: 'test'
      ...
    # Subtest: B1 sihirbaz ön izleme: 1 satır bağlanacak (250), ileri tarihli 2 atlanacak (net 600, ilk D+5)
    ok 6 - B1 sihirbaz ön izleme: 1 satır bağlanacak (250), ileri tarihli 2 atlanacak (net 600, ilk D+5)
      ---
      duration_ms: 5.945046
      type: 'test'
      ...
    # Subtest: B1 + B11 sihirbaz 'tümü' → 200: geçmiş bağlandı, ileri tarihliler atlandı (yanıtta); aynı istek kimliğiyle tek çalışma
    ok 7 - B1 + B11 sihirbaz 'tümü' → 200: geçmiş bağlandı, ileri tarihliler atlandı (yanıtta); aynı istek kimliğiyle tek çalışma
      ---
      duration_ms: 112.833009
      type: 'test'
      ...
    # Subtest: B2 yalnız ileri tarihli kaldı → sihirbaz 409 bank-setup-empty (mesaj ileri tarihliyi söyler); ön izleme 200
    ok 8 - B2 yalnız ileri tarihli kaldı → sihirbaz 409 bank-setup-empty (mesaj ileri tarihliyi söyler); ön izleme 200
      ---
      duration_ms: 16.867043
      type: 'test'
      ...
    # Subtest: B7 yeni ileri tarihli havale yine 400 date-future (kapı ve dönem kuralı gevşemedi)
    ok 9 - B7 yeni ileri tarihli havale yine 400 date-future (kapı ve dönem kuralı gevşemedi)
      ---
      duration_ms: 14.55467
      type: 'test'
      ...
    # Subtest: B10 iki şirket: 002'nin ileri tarihli satırı 001'de yok; 002'de sihirbaz yalnız geçmiş 50'yi aktarır
    ok 10 - B10 iki şirket: 002'nin ileri tarihli satırı 001'de yok; 002'de sihirbaz yalnız geçmiş 50'yi aktarır
      ---
      duration_ms: 106.414234
      type: 'test'
      ...
    # Subtest: B8 gün D+5: verilen çek ödemesi (bugün) atanabilir → Bu Hesaba Ata 200; havale tahsilat 200 (A13); D+10 satırı hâlâ ileri
    ok 11 - B8 gün D+5: verilen çek ödemesi (bugün) atanabilir → Bu Hesaba Ata 200; havale tahsilat 200 (A13); D+10 satırı hâlâ ileri
      ---
      duration_ms: 372.181732
      type: 'test'
      ...
    # Subtest: B9 gün D+11: kilitli döneme denk gelen satır atanamaz (409 period-locked), kilit kalkınca 200; mutabakat temiz
    ok 12 - B9 gün D+11: kilitli döneme denk gelen satır atanamaz (409 period-locked), kilit kalkınca 200; mutabakat temiz
      ---
      duration_ms: 239.790732
      type: 'test'
      ...
    # Subtest: B11 Geri Al: sihirbazın bağladığı geçmiş satır geri döner; sonradan atanan satırlara dokunulmaz
    ok 13 - B11 Geri Al: sihirbazın bağladığı geçmiş satır geri döner; sonradan atanan satırlara dokunulmaz
      ---
      duration_ms: 45.359463
      type: 'test'
      ...
    # Subtest: B12 aynı v2.0.23 verisi test kipinde (moneyStrict + gateVerify): ileri tarihli 409 bank-legacy-future, sihirbaz 200, tarih gelince 200
    ok 14 - B12 aynı v2.0.23 verisi test kipinde (moneyStrict + gateVerify): ileri tarihli 409 bank-legacy-future, sihirbaz 200, tarih gelince 200
      ---
      duration_ms: 547.669349
      type: 'test'
      ...
    1..14
ok 5 - İleri tarihli eski hesapsız havale (gerçek v2.0.23 verisi; gerçek kurulum koşulu)
  ---
  duration_ms: 4477.565614
  type: 'suite'
  ...
# (node:8248) ExperimentalWarning: SQLite is an experimental feature and might change at any time
# (Use `node --trace-warnings ...` to show where the warning was created)
# Subtest: Nakit Akış başlangıcı (K10): bankasız kurulum
    # Subtest: başlangıç = Nakit Kasa 500; hesapsız havale 300 başlangıca girmez, ayrı satırda; ANLIK DURUM Kasa ile aynı
    ok 1 - başlangıç = Nakit Kasa 500; hesapsız havale 300 başlangıca girmez, ayrı satırda; ANLIK DURUM Kasa ile aynı
      ---
      duration_ms: 58.207575
      type: 'test'
      ...
    1..1
ok 6 - Nakit Akış başlangıcı (K10): bankasız kurulum
  ---
  duration_ms: 1268.736499
  type: 'suite'
  ...
# Subtest: Nakit Akış başlangıcı (K10): ileri tarihli eski hesapsız havale başlangıca girmez, akışta bir kez
    # Subtest: başlangıç = Nakit 2.000 + Gerçek Banka 10.000 = 12.000; kira −1.000 akışta bir kez (18.10), dönem sonu 11.000
    ok 1 - başlangıç = Nakit 2.000 + Gerçek Banka 10.000 = 12.000; kira −1.000 akışta bir kez (18.10), dönem sonu 11.000
      ---
      duration_ms: 43.71946
      type: 'test'
      ...
    1..1
ok 7 - Nakit Akış başlangıcı (K10): ileri tarihli eski hesapsız havale başlangıca girmez, akışta bir kez
  ---
  duration_ms: 1075.314782
  type: 'suite'
  ...
# Subtest: Nakit Akış adları (K10): bakiye Nakit ve Banka — ekran, PDF ve Excel aynı
    # Subtest: PDF: Başlangıç (Nakit ve Banka) · Dönem Sonu Tahmini Nakit ve Banka · En Düşük Tahmini Nakit ve Banka · Beklenen Nakit ve Banka; aylıkta Dönem Sonu Nakit ve Banka
    ok 1 - PDF: Başlangıç (Nakit ve Banka) · Dönem Sonu Tahmini Nakit ve Banka · En Düşük Tahmini Nakit ve Banka · Beklenen Nakit ve Banka; aylıkta Dönem Sonu Nakit ve Banka
      ---
      duration_ms: 84.119039
      type: 'test'
      ...
    # Subtest: Excel: Özet ve sütun adları aynı; eski 'kasa' adı yok
    ok 2 - Excel: Özet ve sütun adları aynı; eski 'kasa' adı yok
      ---
      duration_ms: 35.000306
      type: 'test'
      ...
    # Subtest: Ekran (istemci kaynağı): Nakit Akış kutuları, tablo başlıkları ve grafik 'Nakit ve Banka' der
    ok 3 - Ekran (istemci kaynağı): Nakit Akış kutuları, tablo başlıkları ve grafik 'Nakit ve Banka' der
      ---
      duration_ms: 5.286164
      type: 'test'
      ...
    1..3
ok 8 - Nakit Akış adları (K10): bakiye Nakit ve Banka — ekran, PDF ve Excel aynı
  ---
  duration_ms: 759.676848
  type: 'suite'
  ...
# (node:8256) ExperimentalWarning: SQLite is an experimental feature and might change at any time
# (Use `node --trace-warnings ...` to show where the warning was created)
# Subtest: çek/senet kural motoru (saf)
    # Subtest: durum geçişleri: izinli olanlar geçer, diğerleri okunur nedenle reddedilir
    ok 1 - durum geçişleri: izinli olanlar geçer, diğerleri okunur nedenle reddedilir
      ---
      duration_ms: 3.16673
      type: 'test'
      ...
    # Subtest: defter etkileri: alınan → cariye alacak ya da taksite tahsilat; ciro → tedarikçiye borç; karşılıksız → geri çevirme
    ok 2 - defter etkileri: alınan → cariye alacak ya da taksite tahsilat; ciro → tedarikçiye borç; karşılıksız → geri çevirme
      ---
      duration_ms: 0.795122
      type: 'test'
      ...
    # Subtest: portföy özeti vadeye göre (geçmiş / bugün / 7 gün)
    ok 3 - portföy özeti vadeye göre (geçmiş / bugün / 7 gün)
      ---
      duration_ms: 0.714037
      type: 'test'
      ...
    # Subtest: Excel başlıkları ve hücre değerleri
    ok 4 - Excel başlıkları ve hücre değerleri
      ---
      duration_ms: 2.232521
      type: 'test'
      ...
    1..4
ok 9 - çek/senet kural motoru (saf)
  ---
  duration_ms: 8.129655
  type: 'suite'
  ...
# Subtest: rapor motoru (saf): mizan, ekstre, nakit akışı
    # Subtest: mizan: devir + dönem borç/alacak = bakiye; hareketsiz cari istenmezse yazılmaz
    ok 1 - mizan: devir + dönem borç/alacak = bakiye; hareketsiz cari istenmezse yazılmaz
      ---
      duration_ms: 0.685235
      type: 'test'
      ...
    # Subtest: ekstre: devir satırı ve yürüyen bakiye
    ok 2 - ekstre: devir satırı ve yürüyen bakiye
      ---
      duration_ms: 0.305787
      type: 'test'
      ...
    # Subtest: nakit akışı: gecikmişler ayrı, aynı gün önce çıkış, en düşük bakiye, başlangıç bugünden sonraysa aradakiler taşınır
    ok 3 - nakit akışı: gecikmişler ayrı, aynı gün önce çıkış, en düşük bakiye, başlangıç bugünden sonraysa aradakiler taşınır
      ---
      duration_ms: 0.733742
      type: 'test'
      ...
    # Subtest: hazır aralıklar takvim günüyle (ay sonu, artık yıl, yıl dönümü)
    ok 4 - hazır aralıklar takvim günüyle (ay sonu, artık yıl, yıl dönümü)
      ---
      duration_ms: 0.488123
      type: 'test'
      ...
    1..4
ok 10 - rapor motoru (saf): mizan, ekstre, nakit akışı
  ---
  duration_ms: 2.623542
  type: 'suite'
  ...
# Subtest: çek/senet: Cari, Taksit ve Kasa ile işlem bütünlüğü
    # Subtest: alınan çek: carinin borcu düşer, Kasa değişmez; toplam alacak değişmez (cariden portföye geçer)
    ok 1 - alınan çek: carinin borcu düşer, Kasa değişmez; toplam alacak değişmez (cariden portföye geçer)
      ---
      duration_ms: 91.515402
      type: 'test'
      ...
    # Subtest: tahsil: Kasa artar, cari değişmez; geri al: Kasa eski haline döner
    ok 2 - tahsil: Kasa artar, cari değişmez; geri al: Kasa eski haline döner
      ---
      duration_ms: 129.769624
      type: 'test'
      ...
    # Subtest: ciro → tedarikçi borcu düşer; karşılıksız → müşteri yeniden borçlanır, ciro geri alınır; geri al hepsini çevirir
    ok 3 - ciro → tedarikçi borcu düşer; karşılıksız → müşteri yeniden borçlanır, ciro geri alınır; geri al hepsini çevirir
      ---
      duration_ms: 237.519155
      type: 'test'
      ...
    # Subtest: verilen çek: tedarikçi borcu düşer, toplam borç korunur; ödenince Kasa'dan çıkar ve borç kapanır
    ok 4 - verilen çek: tedarikçi borcu düşer, toplam borç korunur; ödenince Kasa'dan çıkar ve borç kapanır
      ---
      duration_ms: 159.554817
      type: 'test'
      ...
    # Subtest: taksite sayılan çek: taksit ödenmiş olur, Kasa değişmez; karşılıksız taksiti yeniden açar; kart silinemez, tahsilat karttan düzeltilemez
    ok 5 - taksite sayılan çek: taksit ödenmiş olur, Kasa değişmez; karşılıksız taksiti yeniden açar; kart silinemez, tahsilat karttan düzeltilemez
      ---
      duration_ms: 136.375125
      type: 'test'
      ...
    # Subtest: silme etkileri geri alır; Silinenler'den geri yükleme yeniden yazar; işlem görmüş evrak silinmez
    ok 6 - silme etkileri geri alır; Silinenler'den geri yükleme yeniden yazar; işlem görmüş evrak silinmez
      ---
      duration_ms: 114.576267
      type: 'test'
      ...
    # Subtest: doğrulama: tutar, tarih, kişi, çift seri no, işlem tarihi; personel çek göremez
    ok 7 - doğrulama: tutar, tarih, kişi, çift seri no, işlem tarihi; personel çek göremez
      ---
      duration_ms: 219.288974
      type: 'test'
      ...
    # Subtest: kısmi yazma geri alınır (ROLLBACK): ikinci etki başarısız olursa ilk etki de yazılmaz
    ok 8 - kısmi yazma geri alınır (ROLLBACK): ikinci etki başarısız olursa ilk etki de yazılmaz
      ---
      duration_ms: 143.806869
      type: 'test'
      ...
    # Subtest: Excel/Sheets'ten portföy: kapı raporu; varsayılan carilere dokunmaz, 'carilere işle' ile yazar; kapanmış ve çift satır alınmaz
    ok 9 - Excel/Sheets'ten portföy: kapı raporu; varsayılan carilere dokunmaz, 'carilere işle' ile yazar; kapanmış ve çift satır alınmaz
      ---
      duration_ms: 109.837547
      type: 'test'
      ...
    # Subtest: PDF ve Excel çıktıları: portföy, mizan, ekstre, nakit akışı
    ok 10 - PDF ve Excel çıktıları: portföy, mizan, ekstre, nakit akışı
      ---
      duration_ms: 217.789614
      type: 'test'
      ...
    1..10
ok 11 - çek/senet: Cari, Taksit ve Kasa ile işlem bütünlüğü
  ---
  duration_ms: 2573.59791
  type: 'suite'
  ...
# Subtest: ANLIK DURUM: karttaki rakamlar ekranlarla birebir aynı (rastgele 400 işlem)
    # Subtest: Kasa, alacak, borç, kritik stok, mizan ve nakit akışı her adımda tutarlı
    ok 1 - Kasa, alacak, borç, kritik stok, mizan ve nakit akışı her adımda tutarlı
      ---
      duration_ms: 10726.078064
      type: 'test'
      ...
    # Subtest: para ya da stok değişince herkese (işlemi yapan dahil) tek 'overview.changed' olayı gider
    ok 2 - para ya da stok değişince herkese (işlemi yapan dahil) tek 'overview.changed' olayı gider
      ---
      duration_ms: 361.445338
      type: 'test'
      ...
    # Subtest: kart yalnız yöneticide; kişiye verilen finans raporları yetkisi raporları açar, kartı açmaz; geri alınınca kapanır
    ok 3 - kart yalnız yöneticide; kişiye verilen finans raporları yetkisi raporları açar, kartı açmaz; geri alınınca kapanır
      ---
      duration_ms: 633.51301
      type: 'test'
      ...
    1..3
ok 12 - ANLIK DURUM: karttaki rakamlar ekranlarla birebir aynı (rastgele 400 işlem)
  ---
  duration_ms: 12225.545845
  type: 'suite'
  ...
# Subtest: rapor merkezi: programdaki her bilgi ön izleme, PDF ve Excel olarak alınır
    # Subtest: katalogdaki her rapor çalışır; PDF ve Excel üretilir; yetkisiz kişi göremez
    ok 1 - katalogdaki her rapor çalışır; PDF ve Excel üretilir; yetkisiz kişi göremez
      ---
      duration_ms: 1363.345139
      type: 'test'
      ...
    1..1
ok 13 - rapor merkezi: programdaki her bilgi ön izleme, PDF ve Excel olarak alınır
  ---
  duration_ms: 2133.03573
  type: 'suite'
  ...
# (node:8301) ExperimentalWarning: SQLite is an experimental feature and might change at any time
# (Use `node --trace-warnings ...` to show where the warning was created)
# Subtest: K1 — iade kapanışı: geri ödenen iade asıl faturayı kapatmaz, artan alacak iade belgesinin açığıdır
    # Subtest: N1: açık satış 600 → 240 iade + 240 nakit geri → fatura açığı 600, hayalet kapatan yok, iade açığı 0, cari 600, raporlar 600
    ok 1 - N1: açık satış 600 → 240 iade + 240 nakit geri → fatura açığı 600, hayalet kapatan yok, iade açığı 0, cari 600, raporlar 600
      ---
      duration_ms: 996.603479
      type: 'test'
      ...
    # Subtest: N2: alış 1.200 açık → 240 alıştan iade, tedarikçi 240 nakit geri öder → alış açığı 1.200, cari −1.200
    ok 2 - N2: alış 1.200 açık → 240 alıştan iade, tedarikçi 240 nakit geri öder → alış açığı 1.200, cari −1.200
      ---
      duration_ms: 710.622599
      type: 'test'
      ...
    # Subtest: N3: satış 600 (300 nakit peşin) → 240 iade + 240 nakit geri → açık 300 (= cari)
    ok 3 - N3: satış 600 (300 nakit peşin) → 240 iade + 240 nakit geri → açık 300 (= cari)
      ---
      duration_ms: 795.575776
      type: 'test'
      ...
    # Subtest: N4: KISMİ geri ödeme — satış 600 açık → 240 iade, 100 nakit geri → mahsup 140, açık 460 (= cari)
    ok 4 - N4: KISMİ geri ödeme — satış 600 açık → 240 iade, 100 nakit geri → mahsup 140, açık 460 (= cari)
      ---
      duration_ms: 840.245476
      type: 'test'
      ...
    # Subtest: N5 (korunur): satış 600 açık → 240 iade, geri ödenmez → açık 360 (= cari)
    ok 5 - N5 (korunur): satış 600 açık → 240 iade, geri ödenmez → açık 360 (= cari)
      ---
      duration_ms: 514.379737
      type: 'test'
      ...
    # Subtest: N6: satış 600 tamamı peşin → 240 iade açık → iade açığı 240 (müşteri alacaklı); Açık Faturalar'da borç 240
    ok 6 - N6: satış 600 tamamı peşin → 240 iade açık → iade açığı 240 (müşteri alacaklı); Açık Faturalar'da borç 240
      ---
      duration_ms: 492.062076
      type: 'test'
      ...
    # Subtest: N6b: alış 1.200 tamamı peşin → 240 alıştan iade açık → iade açığı 240 (tedarikçi borçlu); Açık Alacak 240
    ok 7 - N6b: alış 1.200 tamamı peşin → 240 alıştan iade açık → iade açığı 240 (tedarikçi borçlu); Açık Alacak 240
      ---
      duration_ms: 651.164001
      type: 'test'
      ...
    # Subtest: N7: hakemin en küçük senaryosu — alış 23,93 (20,99 × %5 iskonto, KDV %20 hariç), 9,84 peşin; tam iade açık → iade açığı 9,84
    ok 8 - N7: hakemin en küçük senaryosu — alış 23,93 (20,99 × %5 iskonto, KDV %20 hariç), 9,84 peşin; tam iade açık → iade açığı 9,84
      ---
      duration_ms: 605.405143
      type: 'test'
      ...
    # Subtest: N8: taksitli satış 600 (peşinsiz, 3 taksit) → 240 iade + 240 nakit geri → fatura açığı 600 = kart kalanı 600 = cari 600
    ok 9 - N8: taksitli satış 600 (peşinsiz, 3 taksit) → 240 iade + 240 nakit geri → fatura açığı 600 = kart kalanı 600 = cari 600
      ---
      duration_ms: 699.547484
      type: 'test'
      ...
    # Subtest: N9: iade iptal edilince ve silinince asıl fatura eski hâline (600) döner
    ok 10 - N9: iade iptal edilince ve silinince asıl fatura eski hâline (600) döner
      ---
      duration_ms: 914.75483
      type: 'test'
      ...
    # Subtest: N10: birden çok iade — satış 600 açık → R1 240 + 240 nakit geri, R2 120 açık → açık 480 (= cari)
    ok 11 - N10: birden çok iade — satış 600 açık → R1 240 + 240 nakit geri, R2 120 açık → açık 480 (= cari)
      ---
      duration_ms: 1020.096183
      type: 'test'
      ...
    # Subtest: N11: R1 komşusu — eski açık satış F0 500 + F1 600; F1'den 240 iade + 240 geri → F0 500, F1 600; aynı caride açık alış 400 ödenmez
    ok 12 - N11: R1 komşusu — eski açık satış F0 500 + F1 600; F1'den 240 iade + 240 geri → F0 500, F1 600; aynı caride açık alış 400 ödenmez
      ---
      duration_ms: 1109.484923
      type: 'test'
      ...
    # Subtest: N12: sıra — iade önce açık kaydedilir, Düzenle ile 240 nakit geri ödeme eklenir (açık 600), sonra kaldırılır (açık 360)
    ok 13 - N12: sıra — iade önce açık kaydedilir, Düzenle ile 240 nakit geri ödeme eklenir (açık 600), sonra kaldırılır (açık 360)
      ---
      duration_ms: 616.167558
      type: 'test'
      ...
    # Subtest: N13: açık iade (müşteri 240 alacaklı) sonradan cari kartından 240 nakit ödemeyle geri verilir → iade açığı 0, cari 0
    ok 14 - N13: açık iade (müşteri 240 alacaklı) sonradan cari kartından 240 nakit ödemeyle geri verilir → iade açığı 0, cari 0
      ---
      duration_ms: 773.819485
      type: 'test'
      ...
    # Subtest: N15: sıra — taksitli 3.000 (2.000 peşin) → R1 1.000 açık → karttan 1.500 (fazla) → R2 1.000 + 300 geri: iadeler bağlı ödemelerden SONRA mahsup
    ok 15 - N15: sıra — taksitli 3.000 (2.000 peşin) → R1 1.000 açık → karttan 1.500 (fazla) → R2 1.000 + 300 geri: iadeler bağlı ödemelerden SONRA mahsup
      ---
      duration_ms: 915.269431
      type: 'test'
      ...
    # Subtest: N16: Mevcut Borç kartı kapsadığı faturanın paralı iadesinde yalnız mahsup kadar küçülür (carinin başka açık borcu varken)
    ok 16 - N16: Mevcut Borç kartı kapsadığı faturanın paralı iadesinde yalnız mahsup kadar küçülür (carinin başka açık borcu varken)
      ---
      duration_ms: 931.447772
      type: 'test'
      ...
    # Subtest: N14: toplu yol (liste, 8'den çok cari) = fatura kartı; Σ işaretli belge açığı = cari bakiye
        # Subtest: liste ile kart aynı durum, ödenen ve açığı gösterir
        ok 1 - liste ile kart aynı durum, ödenen ve açığı gösterir
          ---
          duration_ms: 120.139897
          type: 'test'
          ...
        # Subtest: her caride Σ açık (satış + alıştan iade) − Σ açık (alış + satıştan iade) = cari bakiye (beklenen bakiyeler elle)
        ok 2 - her caride Σ açık (satış + alıştan iade) − Σ açık (alış + satıştan iade) = cari bakiye (beklenen bakiyeler elle)
          ---
          duration_ms: 25.134925
          type: 'test'
          ...
        1..2
    ok 17 - N14: toplu yol (liste, 8'den çok cari) = fatura kartı; Σ işaretli belge açığı = cari bakiye
      ---
      duration_ms: 1954.642093
      type: 'suite'
      ...
    1..17
ok 14 - K1 — iade kapanışı: geri ödenen iade asıl faturayı kapatmaz, artan alacak iade belgesinin açığıdır
  ---
  duration_ms: 14545.892181
  type: 'suite'
  ...
# (node:8327) ExperimentalWarning: SQLite is an experimental feature and might change at any time
# (Use `node --trace-warnings ...` to show where the warning was created)
# Subtest: 2.1.0 Rapor Merkezi BANKALI veriyle: bütün para raporları × bütün süzgeçler × ekran/PDF/Excel, bağımsız beklenenle
    # Subtest: katalog: denenen her rapor katalogda ve süzgeç seçenekleri tanımlı (yeni banka raporları ayrı testte)
    ok 1 - katalog: denenen her rapor katalogda ve süzgeç seçenekleri tanımlı (yeni banka raporları ayrı testte)
      ---
      duration_ms: 2.676362
      type: 'test'
      ...
    # Subtest: kasa-hareketleri: bütün süzgeçler × ekran/PDF/Excel, TOPLAM = satırlar, bağımsız beklenenle (bankalı veri)
    ok 2 - kasa-hareketleri: bütün süzgeçler × ekran/PDF/Excel, TOPLAM = satırlar, bağımsız beklenenle (bankalı veri)
      ---
      duration_ms: 691.884045
      type: 'test'
      ...
    # Subtest: kasa-gunluk: bütün süzgeçler × ekran/PDF/Excel, TOPLAM = satırlar, bağımsız beklenenle (bankalı veri)
    ok 3 - kasa-gunluk: bütün süzgeçler × ekran/PDF/Excel, TOPLAM = satırlar, bağımsız beklenenle (bankalı veri)
      ---
      duration_ms: 463.609408
      type: 'test'
      ...
    # Subtest: kasa-kaynak: bütün süzgeçler × ekran/PDF/Excel, TOPLAM = satırlar, bağımsız beklenenle (bankalı veri)
    ok 4 - kasa-kaynak: bütün süzgeçler × ekran/PDF/Excel, TOPLAM = satırlar, bağımsız beklenenle (bankalı veri)
      ---
      duration_ms: 474.235472
      type: 'test'
      ...
    # Subtest: kasa-aylik: bütün süzgeçler × ekran/PDF/Excel, TOPLAM = satırlar, bağımsız beklenenle (bankalı veri)
    ok 5 - kasa-aylik: bütün süzgeçler × ekran/PDF/Excel, TOPLAM = satırlar, bağımsız beklenenle (bankalı veri)
      ---
      duration_ms: 441.404774
      type: 'test'
      ...
    # Subtest: hesap-mizani: bütün süzgeçler × ekran/PDF/Excel, TOPLAM = satırlar, bağımsız beklenenle (bankalı veri)
    ok 6 - hesap-mizani: bütün süzgeçler × ekran/PDF/Excel, TOPLAM = satırlar, bağımsız beklenenle (bankalı veri)
      ---
      duration_ms: 613.371043
      type: 'test'
      ...
    # Subtest: yevmiye: bütün süzgeçler × ekran/PDF/Excel, TOPLAM = satırlar, bağımsız beklenenle (bankalı veri)
    ok 7 - yevmiye: bütün süzgeçler × ekran/PDF/Excel, TOPLAM = satırlar, bağımsız beklenenle (bankalı veri)
      ---
      duration_ms: 444.039551
      type: 'test'
      ...
    # Subtest: defter-mutabakati: bütün süzgeçler × ekran/PDF/Excel, TOPLAM = satırlar, bağımsız beklenenle (bankalı veri)
    ok 8 - defter-mutabakati: bütün süzgeçler × ekran/PDF/Excel, TOPLAM = satırlar, bağımsız beklenenle (bankalı veri)
      ---
      duration_ms: 133.760548
      type: 'test'
      ...
    # Subtest: mutabakat-gunlugu: bütün süzgeçler × ekran/PDF/Excel, TOPLAM = satırlar, bağımsız beklenenle (bankalı veri)
    ok 9 - mutabakat-gunlugu: bütün süzgeçler × ekran/PDF/Excel, TOPLAM = satırlar, bağımsız beklenenle (bankalı veri)
      ---
      duration_ms: 38.120922
      type: 'test'
      ...
    # Subtest: banka-pos-hareketleri: bütün süzgeçler × ekran/PDF/Excel, TOPLAM = satırlar, bağımsız beklenenle (bankalı veri)
    ok 10 - banka-pos-hareketleri: bütün süzgeçler × ekran/PDF/Excel, TOPLAM = satırlar, bağımsız beklenenle (bankalı veri)
      ---
      duration_ms: 1205.214924
      type: 'test'
      ...
    # Subtest: mizan: bütün süzgeçler × ekran/PDF/Excel, TOPLAM = satırlar, bağımsız beklenenle (bankalı veri)
    ok 11 - mizan: bütün süzgeçler × ekran/PDF/Excel, TOPLAM = satırlar, bağımsız beklenenle (bankalı veri)
      ---
      duration_ms: 6748.703841
      type: 'test'
      ...
    # Subtest: cari-listesi: bütün süzgeçler × ekran/PDF/Excel, TOPLAM = satırlar, bağımsız beklenenle (bankalı veri)
    ok 12 - cari-listesi: bütün süzgeçler × ekran/PDF/Excel, TOPLAM = satırlar, bağımsız beklenenle (bankalı veri)
      ---
      duration_ms: 469.617186
      type: 'test'
      ...
    # Subtest: cari-ekstre: bütün süzgeçler × ekran/PDF/Excel, TOPLAM = satırlar, bağımsız beklenenle (bankalı veri)
    ok 13 - cari-ekstre: bütün süzgeçler × ekran/PDF/Excel, TOPLAM = satırlar, bağımsız beklenenle (bankalı veri)
      ---
      duration_ms: 1376.150645
      type: 'test'
      ...
    # Subtest: cari-hareketleri: bütün süzgeçler × ekran/PDF/Excel, TOPLAM = satırlar, bağımsız beklenenle (bankalı veri)
    ok 14 - cari-hareketleri: bütün süzgeçler × ekran/PDF/Excel, TOPLAM = satırlar, bağımsız beklenenle (bankalı veri)
      ---
      duration_ms: 1249.929149
      type: 'test'
      ...
    # Subtest: cari-tahsilat: bütün süzgeçler × ekran/PDF/Excel, TOPLAM = satırlar, bağımsız beklenenle (bankalı veri)
    ok 15 - cari-tahsilat: bütün süzgeçler × ekran/PDF/Excel, TOPLAM = satırlar, bağımsız beklenenle (bankalı veri)
      ---
      duration_ms: 1027.767919
      type: 'test'
      ...
    # Subtest: alacak-yaslandirma: bütün süzgeçler × ekran/PDF/Excel, TOPLAM = satırlar, bağımsız beklenenle (bankalı veri)
    ok 16 - alacak-yaslandirma: bütün süzgeçler × ekran/PDF/Excel, TOPLAM = satırlar, bağımsız beklenenle (bankalı veri)
      ---
      duration_ms: 30.498409
      type: 'test'
      ...
    # Subtest: fatura-satis: bütün süzgeçler × ekran/PDF/Excel, TOPLAM = satırlar, bağımsız beklenenle (bankalı veri)
    ok 17 - fatura-satis: bütün süzgeçler × ekran/PDF/Excel, TOPLAM = satırlar, bağımsız beklenenle (bankalı veri)
      ---
      duration_ms: 1762.142393
      type: 'test'
      ...
    # Subtest: fatura-alis: bütün süzgeçler × ekran/PDF/Excel, TOPLAM = satırlar, bağımsız beklenenle (bankalı veri)
    ok 18 - fatura-alis: bütün süzgeçler × ekran/PDF/Excel, TOPLAM = satırlar, bağımsız beklenenle (bankalı veri)
      ---
      duration_ms: 1826.943117
      type: 'test'
      ...
    # Subtest: fatura-iade: bütün süzgeçler × ekran/PDF/Excel, TOPLAM = satırlar, bağımsız beklenenle (bankalı veri)
    ok 19 - fatura-iade: bütün süzgeçler × ekran/PDF/Excel, TOPLAM = satırlar, bağımsız beklenenle (bankalı veri)
      ---
      duration_ms: 1560.087332
      type: 'test'
      ...
    # Subtest: kdv-ozeti: bütün süzgeçler × ekran/PDF/Excel, TOPLAM = satırlar, bağımsız beklenenle (bankalı veri)
    ok 20 - kdv-ozeti: bütün süzgeçler × ekran/PDF/Excel, TOPLAM = satırlar, bağımsız beklenenle (bankalı veri)
      ---
      duration_ms: 239.491876
      type: 'test'
      ...
    # Subtest: ba-bs: bütün süzgeçler × ekran/PDF/Excel, TOPLAM = satırlar, bağımsız beklenenle (bankalı veri)
    ok 21 - ba-bs: bütün süzgeçler × ekran/PDF/Excel, TOPLAM = satırlar, bağımsız beklenenle (bankalı veri)
      ---
      duration_ms: 233.509286
      type: 'test'
      ...
    # Subtest: urun-satis-karlilik: bütün süzgeçler × ekran/PDF/Excel, TOPLAM = satırlar, bağımsız beklenenle (bankalı veri)
    ok 22 - urun-satis-karlilik: bütün süzgeçler × ekran/PDF/Excel, TOPLAM = satırlar, bağımsız beklenenle (bankalı veri)
      ---
      duration_ms: 210.964427
      type: 'test'
      ...
    # Subtest: cari-satis-alis: bütün süzgeçler × ekran/PDF/Excel, TOPLAM = satırlar, bağımsız beklenenle (bankalı veri)
    ok 23 - cari-satis-alis: bütün süzgeçler × ekran/PDF/Excel, TOPLAM = satırlar, bağımsız beklenenle (bankalı veri)
      ---
      duration_ms: 258.058831
      type: 'test'
      ...
    # Subtest: gider-raporu: bütün süzgeçler × ekran/PDF/Excel, TOPLAM = satırlar, bağımsız beklenenle (bankalı veri)
    ok 24 - gider-raporu: bütün süzgeçler × ekran/PDF/Excel, TOPLAM = satırlar, bağımsız beklenenle (bankalı veri)
      ---
      duration_ms: 209.114386
      type: 'test'
      ...
    # Subtest: stopaj-tevkifat: bütün süzgeçler × ekran/PDF/Excel, TOPLAM = satırlar, bağımsız beklenenle (bankalı veri)
    ok 25 - stopaj-tevkifat: bütün süzgeçler × ekran/PDF/Excel, TOPLAM = satırlar, bağımsız beklenenle (bankalı veri)
      ---
      duration_ms: 171.982934
      type: 'test'
      ...
    # Subtest: acik-faturalar: bütün süzgeçler × ekran/PDF/Excel, TOPLAM = satırlar, bağımsız beklenenle (bankalı veri)
    ok 26 - acik-faturalar: bütün süzgeçler × ekran/PDF/Excel, TOPLAM = satırlar, bağımsız beklenenle (bankalı veri)
      ---
      duration_ms: 163.379321
      type: 'test'
      ...
    # Subtest: taksit-kartlari: bütün süzgeçler × ekran/PDF/Excel, TOPLAM = satırlar, bağımsız beklenenle (bankalı veri)
    ok 27 - taksit-kartlari: bütün süzgeçler × ekran/PDF/Excel, TOPLAM = satırlar, bağımsız beklenenle (bankalı veri)
      ---
      duration_ms: 50.661084
      type: 'test'
      ...
    # Subtest: taksit-vadeleri: bütün süzgeçler × ekran/PDF/Excel, TOPLAM = satırlar, bağımsız beklenenle (bankalı veri)
    ok 28 - taksit-vadeleri: bütün süzgeçler × ekran/PDF/Excel, TOPLAM = satırlar, bağımsız beklenenle (bankalı veri)
      ---
      duration_ms: 264.192769
      type: 'test'
      ...
    # Subtest: geciken-taksitler: bütün süzgeçler × ekran/PDF/Excel, TOPLAM = satırlar, bağımsız beklenenle (bankalı veri)
    ok 29 - geciken-taksitler: bütün süzgeçler × ekran/PDF/Excel, TOPLAM = satırlar, bağımsız beklenenle (bankalı veri)
      ---
      duration_ms: 18.073615
      type: 'test'
      ...
    # Subtest: taksit-performans: bütün süzgeçler × ekran/PDF/Excel, TOPLAM = satırlar, bağımsız beklenenle (bankalı veri)
    ok 30 - taksit-performans: bütün süzgeçler × ekran/PDF/Excel, TOPLAM = satırlar, bağımsız beklenenle (bankalı veri)
      ---
      duration_ms: 280.774271
      type: 'test'
      ...
    # Subtest: taksit-tahsilatlari: bütün süzgeçler × ekran/PDF/Excel, TOPLAM = satırlar, bağımsız beklenenle (bankalı veri)
    ok 31 - taksit-tahsilatlari: bütün süzgeçler × ekran/PDF/Excel, TOPLAM = satırlar, bağımsız beklenenle (bankalı veri)
      ---
      duration_ms: 171.858951
      type: 'test'
      ...
    # Subtest: cek-portfoy: bütün süzgeçler × ekran/PDF/Excel, TOPLAM = satırlar, bağımsız beklenenle (bankalı veri)
    ok 32 - cek-portfoy: bütün süzgeçler × ekran/PDF/Excel, TOPLAM = satırlar, bağımsız beklenenle (bankalı veri)
      ---
      duration_ms: 6147.42929
      type: 'test'
      ...
    # Subtest: cek-hareketleri: bütün süzgeçler × ekran/PDF/Excel, TOPLAM = satırlar, bağımsız beklenenle (bankalı veri)
    ok 33 - cek-hareketleri: bütün süzgeçler × ekran/PDF/Excel, TOPLAM = satırlar, bağımsız beklenenle (bankalı veri)
      ---
      duration_ms: 183.501385
      type: 'test'
      ...
    # Subtest: cek-vade-dagilimi: bütün süzgeçler × ekran/PDF/Excel, TOPLAM = satırlar, bağımsız beklenenle (bankalı veri)
    ok 34 - cek-vade-dagilimi: bütün süzgeçler × ekran/PDF/Excel, TOPLAM = satırlar, bağımsız beklenenle (bankalı veri)
      ---
      duration_ms: 17.228235
      type: 'test'
      ...
    # Subtest: stok-durumu: bütün süzgeçler × ekran/PDF/Excel, TOPLAM = satırlar, bağımsız beklenenle (bankalı veri)
    ok 35 - stok-durumu: bütün süzgeçler × ekran/PDF/Excel, TOPLAM = satırlar, bağımsız beklenenle (bankalı veri)
      ---
      duration_ms: 255.073846
      type: 'test'
      ...
    # Subtest: stok-hareketleri: bütün süzgeçler × ekran/PDF/Excel, TOPLAM = satırlar, bağımsız beklenenle (bankalı veri)
    ok 36 - stok-hareketleri: bütün süzgeçler × ekran/PDF/Excel, TOPLAM = satırlar, bağımsız beklenenle (bankalı veri)
      ---
      duration_ms: 173.972906
      type: 'test'
      ...
    # Subtest: stok-ozet: bütün süzgeçler × ekran/PDF/Excel, TOPLAM = satırlar, bağımsız beklenenle (bankalı veri)
    ok 37 - stok-ozet: bütün süzgeçler × ekran/PDF/Excel, TOPLAM = satırlar, bağımsız beklenenle (bankalı veri)
      ---
      duration_ms: 395.93689
      type: 'test'
      ...
    # Subtest: stok-kategori: bütün süzgeçler × ekran/PDF/Excel, TOPLAM = satırlar, bağımsız beklenenle (bankalı veri)
    ok 38 - stok-kategori: bütün süzgeçler × ekran/PDF/Excel, TOPLAM = satırlar, bağımsız beklenenle (bankalı veri)
      ---
      duration_ms: 16.696672
      type: 'test'
      ...
    # Subtest: kayit-tahsilatlari: bütün süzgeçler × ekran/PDF/Excel, TOPLAM = satırlar, bağımsız beklenenle (bankalı veri)
    ok 39 - kayit-tahsilatlari: bütün süzgeçler × ekran/PDF/Excel, TOPLAM = satırlar, bağımsız beklenenle (bankalı veri)
      ---
      duration_ms: 160.509437
      type: 'test'
      ...
    # Subtest: anahtar toplamlar bağımsız defterle (tüm zamanlar): Kasa, Gerçek Banka (hesap hesap), KDV, cari bakiyeleri, stok
    ok 40 - anahtar toplamlar bağımsız defterle (tüm zamanlar): Kasa, Gerçek Banka (hesap hesap), KDV, cari bakiyeleri, stok
      ---
      duration_ms: 51.280039
      type: 'test'
      ...
    # Subtest: Kasa Dökümü PDF: yalnız nakit satırları ve Güncel Kasa; banka bağlı hareketler (havale, Kasa ↔ Banka banka bacağı) girmez
    ok 41 - Kasa Dökümü PDF: yalnız nakit satırları ve Güncel Kasa; banka bağlı hareketler (havale, Kasa ↔ Banka banka bacağı) girmez
      ---
      duration_ms: 13.324048
      type: 'test'
      ...
    # Subtest: Nakit Akış: başlangıç = Nakit + Gerçek Banka (K10: Hesabı Atanmamış POS 900 hariç)
    ok 42 - Nakit Akış: başlangıç = Nakit + Gerçek Banka (K10: Hesabı Atanmamış POS 900 hariç)
      ---
      duration_ms: 50.506113
      type: 'test'
      ...
    # Subtest: Nakit Akış (90 gün): beklenen giriş/çıkış bağımsız (taksit, portföydeki senet, verilen çek); başlangıç Kasa + Gerçek Banka (K10)
    ok 43 - Nakit Akış (90 gün): beklenen giriş/çıkış bağımsız (taksit, portföydeki senet, verilen çek); başlangıç Kasa + Gerçek Banka (K10)
      ---
      duration_ms: 7.777235
      type: 'test'
      ...
    # Subtest: Vade Takip (tüm açık kalemler) ve zil/takvim: tahsil edilecek / ödenecek bağımsız; banka bağlı ödenmiş evrak ve faturalar listede yok
    ok 44 - Vade Takip (tüm açık kalemler) ve zil/takvim: tahsil edilecek / ödenecek bağımsız; banka bağlı ödenmiş evrak ve faturalar listede yok
      ---
      duration_ms: 19.493158
      type: 'test'
      ...
    # Subtest: ileri tarihli banka hareketi denemesi 400; raporlar değişmez (ileri tarih aralığında hareket raporları boş)
    ok 45 - ileri tarihli banka hareketi denemesi 400; raporlar değişmez (ileri tarih aralığında hareket raporları boş)
      ---
      duration_ms: 39.119911
      type: 'test'
      ...
    # Subtest: tek kayıt + şirket ayrımı: 002'de tek havale tahsilatı → 002 raporlarında tek satır; 001'in raporları değişmez; ?hofCompany= yetkisiz 403
    ok 46 - tek kayıt + şirket ayrımı: 002'de tek havale tahsilatı → 002 raporlarında tek satır; 001'in raporları değişmez; ?hofCompany= yetkisiz 403
      ---
      duration_ms: 446.0738
      type: 'test'
      ...
    # Subtest: yetki: rapor yetkisi olmayan personel bütün bankalı raporlarda 403 (ekran, PDF, Excel); dosya sızmaz
    ok 47 - yetki: rapor yetkisi olmayan personel bütün bankalı raporlarda 403 (ekran, PDF, Excel); dosya sızmaz
      ---
      duration_ms: 254.5694
      type: 'test'
      ...
# [raporlar-210-banka] rapor 38, birleşim 1284, istek 3852, denetlenen TOPLAM kolonu 1511
    # Subtest: Mutabakat Testi tutarlı; özet sayılar
    ok 48 - Mutabakat Testi tutarlı; özet sayılar
      ---
      duration_ms: 19.416509
      type: 'test'
      ...
    1..48
ok 15 - 2.1.0 Rapor Merkezi BANKALI veriyle: bütün para raporları × bütün süzgeçler × ekran/PDF/Excel, bağımsız beklenenle
  ---
  duration_ms: 33730.238517
  type: 'suite'
  ...
# Subtest: yazım düzeni: başlıklarda her sözcüğün ilk harfi büyük
    # Subtest: arayüz dosyalarında kurala uymayan ad yok
    ok 1 - arayüz dosyalarında kurala uymayan ad yok
      ---
      duration_ms: 135.073392
      type: 'test'
      ...
    # Subtest: rapor, PDF ve Excel başlıklarında kurala uymayan ad yok
    ok 2 - rapor, PDF ve Excel başlıklarında kurala uymayan ad yok
      ---
      duration_ms: 36.983494
      type: 'test'
      ...
    1..2
ok 16 - yazım düzeni: başlıklarda her sözcüğün ilk harfi büyük
  ---
  duration_ms: 173.242027
  type: 'suite'
  ...
1..16
# tests 138
# suites 17
# pass 138
# fail 0
# cancelled 0
# skipped 0
# todo 0
# duration_ms 78949.110743
