TAP version 13
# Subtest: altın test: v2.0.26 ile bu dal aynı veride aynı Kasa, Banka ve POS, ANLIK DURUM, Ana Defter ve raporları gösterir
    # Subtest: zincir fikstürü surum-2.0.26-zincir (2.0.16 → 2.0.26 gerçek sürüm koduyla, 4 şirket)
    ok 1 - zincir fikstürü surum-2.0.26-zincir (2.0.16 → 2.0.26 gerçek sürüm koduyla, 4 şirket)
      ---
      duration_ms: 13175.145071
      type: 'test'
      ...
    # Subtest: v2.0.26'nın kendi koduyla üretilen veri (mutabakat motoru: 120 güne yayılmış 260 rastgele işlem, dönem kilidi, iade/iptal)
    ok 2 - v2.0.26'nın kendi koduyla üretilen veri (mutabakat motoru: 120 güne yayılmış 260 rastgele işlem, dönem kilidi, iade/iptal)
      ---
      duration_ms: 7136.428661
      type: 'test'
      ...
    1..2
ok 1 - altın test: v2.0.26 ile bu dal aynı veride aynı Kasa, Banka ve POS, ANLIK DURUM, Ana Defter ve raporları gösterir
  ---
  duration_ms: 20314.080223
  type: 'suite'
  ...
# Subtest: İleri tarihli eski hesapsız havale (gerçek v2.0.23 verisi; gerçek kurulum koşulu)
    # Subtest: B6 liste: ileri tarihli iki satır ayrı işaretli, atanamaz, nedeni ve günü yazılı; geçmiş satır atanabilir
    ok 1 - B6 liste: ileri tarihli iki satır ayrı işaretli, atanamaz, nedeni ve günü yazılı; geçmiş satır atanabilir
      ---
      duration_ms: 18.295765
      type: 'test'
      ...
    # Subtest: B6 toplamlar tek formülden: Banka Genel Bakış, Hesaplar, ANLIK DURUM, Nakit Akış, Birleşik Rapor = 250 (bugüne kadar); ileri tarihli ayrı
    ok 2 - B6 toplamlar tek formülden: Banka Genel Bakış, Hesaplar, ANLIK DURUM, Nakit Akış, Birleşik Rapor = 250 (bugüne kadar); ileri tarihli ayrı
      ---
      duration_ms: 131.292818
      type: 'test'
      ...
    # Subtest: B3 Bu Hesaba Ata ileri tarihli → 409 bank-legacy-future (ledger-integrity değil), mesajda gün
    ok 3 - B3 Bu Hesaba Ata ileri tarihli → 409 bank-legacy-future (ledger-integrity değil), mesajda gün
      ---
      duration_ms: 10.887237
      type: 'test'
      ...
    # Subtest: B4 Bu Hesaba Ata [geçmiş + ileri] tek istekte → 409; geçmiş satır da bağlanmaz
    ok 4 - B4 Bu Hesaba Ata [geçmiş + ileri] tek istekte → 409; geçmiş satır da bağlanmaz
      ---
      duration_ms: 21.738858
      type: 'test'
      ...
    # Subtest: B5 sihirbaz seçili satır listesiyle ileri tarihli satır → 409 bank-legacy-future
    ok 5 - B5 sihirbaz seçili satır listesiyle ileri tarihli satır → 409 bank-legacy-future
      ---
      duration_ms: 13.129848
      type: 'test'
      ...
    # Subtest: B1 sihirbaz ön izleme: 1 satır bağlanacak (250), ileri tarihli 2 atlanacak (net 600, ilk D+5)
    ok 6 - B1 sihirbaz ön izleme: 1 satır bağlanacak (250), ileri tarihli 2 atlanacak (net 600, ilk D+5)
      ---
      duration_ms: 8.604795
      type: 'test'
      ...
    # Subtest: B1 + B11 sihirbaz 'tümü' → 200: geçmiş bağlandı, ileri tarihliler atlandı (yanıtta); aynı istek kimliğiyle tek çalışma
    ok 7 - B1 + B11 sihirbaz 'tümü' → 200: geçmiş bağlandı, ileri tarihliler atlandı (yanıtta); aynı istek kimliğiyle tek çalışma
      ---
      duration_ms: 73.467782
      type: 'test'
      ...
    # Subtest: B2 yalnız ileri tarihli kaldı → sihirbaz 409 bank-setup-empty (mesaj ileri tarihliyi söyler); ön izleme 200
    ok 8 - B2 yalnız ileri tarihli kaldı → sihirbaz 409 bank-setup-empty (mesaj ileri tarihliyi söyler); ön izleme 200
      ---
      duration_ms: 21.926143
      type: 'test'
      ...
    # Subtest: B7 yeni ileri tarihli havale yine 400 date-future (kapı ve dönem kuralı gevşemedi)
    ok 9 - B7 yeni ileri tarihli havale yine 400 date-future (kapı ve dönem kuralı gevşemedi)
      ---
      duration_ms: 13.619514
      type: 'test'
      ...
    # Subtest: B10 iki şirket: 002'nin ileri tarihli satırı 001'de yok; 002'de sihirbaz yalnız geçmiş 50'yi aktarır
    ok 10 - B10 iki şirket: 002'nin ileri tarihli satırı 001'de yok; 002'de sihirbaz yalnız geçmiş 50'yi aktarır
      ---
      duration_ms: 83.488782
      type: 'test'
      ...
    # Subtest: B8 gün D+5: verilen çek ödemesi (bugün) atanabilir → Bu Hesaba Ata 200; havale tahsilat 200 (A13); D+10 satırı hâlâ ileri
    ok 11 - B8 gün D+5: verilen çek ödemesi (bugün) atanabilir → Bu Hesaba Ata 200; havale tahsilat 200 (A13); D+10 satırı hâlâ ileri
      ---
      duration_ms: 137.62778
      type: 'test'
      ...
    # Subtest: B9 gün D+11: kilitli döneme denk gelen satır atanamaz (409 period-locked), kilit kalkınca 200; mutabakat temiz
    ok 12 - B9 gün D+11: kilitli döneme denk gelen satır atanamaz (409 period-locked), kilit kalkınca 200; mutabakat temiz
      ---
      duration_ms: 85.104092
      type: 'test'
      ...
    # Subtest: B11 Geri Al: sihirbazın bağladığı geçmiş satır geri döner; sonradan atanan satırlara dokunulmaz
    ok 13 - B11 Geri Al: sihirbazın bağladığı geçmiş satır geri döner; sonradan atanan satırlara dokunulmaz
      ---
      duration_ms: 41.256806
      type: 'test'
      ...
    # Subtest: B12 aynı v2.0.23 verisi test kipinde (moneyStrict + gateVerify): ileri tarihli 409 bank-legacy-future, sihirbaz 200, tarih gelince 200
    ok 14 - B12 aynı v2.0.23 verisi test kipinde (moneyStrict + gateVerify): ileri tarihli 409 bank-legacy-future, sihirbaz 200, tarih gelince 200
      ---
      duration_ms: 432.479954
      type: 'test'
      ...
    1..14
ok 2 - İleri tarihli eski hesapsız havale (gerçek v2.0.23 verisi; gerçek kurulum koşulu)
  ---
  duration_ms: 2353.037311
  type: 'suite'
  ...
# Subtest: Nakit Akış başlangıcı (K10): bankasız kurulum
    # Subtest: başlangıç = Nakit Kasa 500; hesapsız havale 300 başlangıca girmez, ayrı satırda; ANLIK DURUM Kasa ile aynı
    ok 1 - başlangıç = Nakit Kasa 500; hesapsız havale 300 başlangıca girmez, ayrı satırda; ANLIK DURUM Kasa ile aynı
      ---
      duration_ms: 29.115794
      type: 'test'
      ...
    1..1
ok 3 - Nakit Akış başlangıcı (K10): bankasız kurulum
  ---
  duration_ms: 634.074353
  type: 'suite'
  ...
# Subtest: Nakit Akış başlangıcı (K10): ileri tarihli eski hesapsız havale başlangıca girmez, akışta bir kez
    # Subtest: başlangıç = Nakit 2.000 + Gerçek Banka 10.000 = 12.000; kira −1.000 akışta bir kez (18.10), dönem sonu 11.000
    ok 1 - başlangıç = Nakit 2.000 + Gerçek Banka 10.000 = 12.000; kira −1.000 akışta bir kez (18.10), dönem sonu 11.000
      ---
      duration_ms: 28.206356
      type: 'test'
      ...
    1..1
ok 4 - Nakit Akış başlangıcı (K10): ileri tarihli eski hesapsız havale başlangıca girmez, akışta bir kez
  ---
  duration_ms: 514.099077
  type: 'suite'
  ...
# Subtest: Nakit Akış adları (K10): bakiye Nakit ve Banka — ekran, PDF ve Excel aynı
    # Subtest: PDF: Başlangıç (Nakit ve Banka) · Dönem Sonu Tahmini Nakit ve Banka · En Düşük Tahmini Nakit ve Banka · Beklenen Nakit ve Banka; aylıkta Dönem Sonu Nakit ve Banka
    ok 1 - PDF: Başlangıç (Nakit ve Banka) · Dönem Sonu Tahmini Nakit ve Banka · En Düşük Tahmini Nakit ve Banka · Beklenen Nakit ve Banka; aylıkta Dönem Sonu Nakit ve Banka
      ---
      duration_ms: 58.294974
      type: 'test'
      ...
    # Subtest: Excel: Özet ve sütun adları aynı; eski 'kasa' adı yok
    ok 2 - Excel: Özet ve sütun adları aynı; eski 'kasa' adı yok
      ---
      duration_ms: 28.223746
      type: 'test'
      ...
    # Subtest: Ekran (istemci kaynağı): Nakit Akış kutuları, tablo başlıkları ve grafik 'Nakit ve Banka' der
    ok 3 - Ekran (istemci kaynağı): Nakit Akış kutuları, tablo başlıkları ve grafik 'Nakit ve Banka' der
      ---
      duration_ms: 2.430376
      type: 'test'
      ...
    1..3
ok 5 - Nakit Akış adları (K10): bakiye Nakit ve Banka — ekran, PDF ve Excel aynı
  ---
  duration_ms: 485.044958
  type: 'suite'
  ...
# Subtest: Aşama 3 — Hesabı Atanmamış Eski Hareketler ve Kurulum Sihirbazı
    # Subtest: Hesabı Atanmamış liste ve özet: 102.00 = 6.000, 108.00 = 3.000; satırlar İşlem No'lu
    ok 1 - Hesabı Atanmamış liste ve özet: 102.00 = 6.000, 108.00 = 3.000; satırlar İşlem No'lu
      ---
      duration_ms: 45.255889
      type: 'test'
      ...
    # Subtest: nasıl bozarım: Bu Hesaba Ata — açılıştan önce 409, POS satırı 400, uygun olmayan hesap 400, satır yok 404
    ok 2 - nasıl bozarım: Bu Hesaba Ata — açılıştan önce 409, POS satırı 400, uygun olmayan hesap 400, satır yok 404
      ---
      duration_ms: 179.43777
      type: 'test'
      ...
    # Subtest: nasıl bozarım: kilitli dönemdeki satır — uçta 409 period-locked; bank.post içinden doğrudan bağlansa kapı (kilit izi) 409
    ok 3 - nasıl bozarım: kilitli dönemdeki satır — uçta 409 period-locked; bank.post içinden doğrudan bağlansa kapı (kilit izi) 409
      ---
      duration_ms: 163.544301
      type: 'test'
      ...
    # Subtest: sihirbaz: önizleme → çalıştır → geri al (birebir eski hâl); ikinci geri al 409
    ok 4 - sihirbaz: önizleme → çalıştır → geri al (birebir eski hâl); ikinci geri al 409
      ---
      duration_ms: 173.595879
      type: 'test'
      ...
    # Subtest: nasıl bozarım: kilitli D ile sihirbaz 409; Geri Al'dan önce kilit → 409
    ok 5 - nasıl bozarım: kilitli D ile sihirbaz 409; Geri Al'dan önce kilit → 409
      ---
      duration_ms: 165.19092
      type: 'test'
      ...
    # Subtest: Bu Hesaba Ata tek satır; zaten bağlı satır 409
    ok 6 - Bu Hesaba Ata tek satır; zaten bağlı satır 409
      ---
      duration_ms: 52.881423
      type: 'test'
      ...
    # Subtest: Bankaya Geçmiş Say ve Kart Borcuna Aktar: tutar sınırı, kart hesabı, geri alınabilir
    ok 7 - Bankaya Geçmiş Say ve Kart Borcuna Aktar: tutar sınırı, kart hesabı, geri alınabilir
      ---
      duration_ms: 138.898033
      type: 'test'
      ...
    1..7
ok 6 - Aşama 3 — Hesabı Atanmamış Eski Hareketler ve Kurulum Sihirbazı
  ---
  duration_ms: 1732.487165
  type: 'suite'
  ...
# Subtest: Aşama 3 — sihirbaz eski sürüm verisinde (v2.0.26 zincir fikstürü)
    # Subtest: olaysız eski satırlar: sihirbaz → mutabakat tamam → geri al → mizan ve alt hesaplar birebir aynı
    ok 1 - olaysız eski satırlar: sihirbaz → mutabakat tamam → geri al → mizan ve alt hesaplar birebir aynı
      ---
      duration_ms: 1034.269034
      type: 'test'
      ...
    1..1
ok 7 - Aşama 3 — sihirbaz eski sürüm verisinde (v2.0.26 zincir fikstürü)
  ---
  duration_ms: 1034.847889
  type: 'suite'
  ...
# Subtest: çek/senet kural motoru (saf)
    # Subtest: durum geçişleri: izinli olanlar geçer, diğerleri okunur nedenle reddedilir
    ok 1 - durum geçişleri: izinli olanlar geçer, diğerleri okunur nedenle reddedilir
      ---
      duration_ms: 2.540843
      type: 'test'
      ...
    # Subtest: defter etkileri: alınan → cariye alacak ya da taksite tahsilat; ciro → tedarikçiye borç; karşılıksız → geri çevirme
    ok 2 - defter etkileri: alınan → cariye alacak ya da taksite tahsilat; ciro → tedarikçiye borç; karşılıksız → geri çevirme
      ---
      duration_ms: 0.709166
      type: 'test'
      ...
    # Subtest: portföy özeti vadeye göre (geçmiş / bugün / 7 gün)
    ok 3 - portföy özeti vadeye göre (geçmiş / bugün / 7 gün)
      ---
      duration_ms: 0.764209
      type: 'test'
      ...
    # Subtest: Excel başlıkları ve hücre değerleri
    ok 4 - Excel başlıkları ve hücre değerleri
      ---
      duration_ms: 7.511438
      type: 'test'
      ...
    1..4
ok 8 - çek/senet kural motoru (saf)
  ---
  duration_ms: 12.788352
  type: 'suite'
  ...
# Subtest: rapor motoru (saf): mizan, ekstre, nakit akışı
    # Subtest: mizan: devir + dönem borç/alacak = bakiye; hareketsiz cari istenmezse yazılmaz
    ok 1 - mizan: devir + dönem borç/alacak = bakiye; hareketsiz cari istenmezse yazılmaz
      ---
      duration_ms: 1.141796
      type: 'test'
      ...
    # Subtest: ekstre: devir satırı ve yürüyen bakiye
    ok 2 - ekstre: devir satırı ve yürüyen bakiye
      ---
      duration_ms: 0.35328
      type: 'test'
      ...
    # Subtest: nakit akışı: gecikmişler ayrı, aynı gün önce çıkış, en düşük bakiye, başlangıç bugünden sonraysa aradakiler taşınır
    ok 3 - nakit akışı: gecikmişler ayrı, aynı gün önce çıkış, en düşük bakiye, başlangıç bugünden sonraysa aradakiler taşınır
      ---
      duration_ms: 0.871761
      type: 'test'
      ...
    # Subtest: hazır aralıklar takvim günüyle (ay sonu, artık yıl, yıl dönümü)
    ok 4 - hazır aralıklar takvim günüyle (ay sonu, artık yıl, yıl dönümü)
      ---
      duration_ms: 0.690504
      type: 'test'
      ...
    1..4
ok 9 - rapor motoru (saf): mizan, ekstre, nakit akışı
  ---
  duration_ms: 3.606061
  type: 'suite'
  ...
# Subtest: çek/senet: Cari, Taksit ve Kasa ile işlem bütünlüğü
    # Subtest: alınan çek: carinin borcu düşer, Kasa değişmez; toplam alacak değişmez (cariden portföye geçer)
    ok 1 - alınan çek: carinin borcu düşer, Kasa değişmez; toplam alacak değişmez (cariden portföye geçer)
      ---
      duration_ms: 75.5908
      type: 'test'
      ...
    # Subtest: tahsil: Kasa artar, cari değişmez; geri al: Kasa eski haline döner
    ok 2 - tahsil: Kasa artar, cari değişmez; geri al: Kasa eski haline döner
      ---
      duration_ms: 80.456971
      type: 'test'
      ...
    # Subtest: ciro → tedarikçi borcu düşer; karşılıksız → müşteri yeniden borçlanır, ciro geri alınır; geri al hepsini çevirir
    ok 3 - ciro → tedarikçi borcu düşer; karşılıksız → müşteri yeniden borçlanır, ciro geri alınır; geri al hepsini çevirir
      ---
      duration_ms: 102.465217
      type: 'test'
      ...
    # Subtest: verilen çek: tedarikçi borcu düşer, toplam borç korunur; ödenince Kasa'dan çıkar ve borç kapanır
    ok 4 - verilen çek: tedarikçi borcu düşer, toplam borç korunur; ödenince Kasa'dan çıkar ve borç kapanır
      ---
      duration_ms: 151.497019
      type: 'test'
      ...
    # Subtest: taksite sayılan çek: taksit ödenmiş olur, Kasa değişmez; karşılıksız taksiti yeniden açar; kart silinemez, tahsilat karttan düzeltilemez
    ok 5 - taksite sayılan çek: taksit ödenmiş olur, Kasa değişmez; karşılıksız taksiti yeniden açar; kart silinemez, tahsilat karttan düzeltilemez
      ---
      duration_ms: 148.500398
      type: 'test'
      ...
    # Subtest: silme etkileri geri alır; Silinenler'den geri yükleme yeniden yazar; işlem görmüş evrak silinmez
    ok 6 - silme etkileri geri alır; Silinenler'den geri yükleme yeniden yazar; işlem görmüş evrak silinmez
      ---
      duration_ms: 150.485713
      type: 'test'
      ...
    # Subtest: doğrulama: tutar, tarih, kişi, çift seri no, işlem tarihi; personel çek göremez
    ok 7 - doğrulama: tutar, tarih, kişi, çift seri no, işlem tarihi; personel çek göremez
      ---
      duration_ms: 200.586949
      type: 'test'
      ...
    # Subtest: kısmi yazma geri alınır (ROLLBACK): ikinci etki başarısız olursa ilk etki de yazılmaz
    ok 8 - kısmi yazma geri alınır (ROLLBACK): ikinci etki başarısız olursa ilk etki de yazılmaz
      ---
      duration_ms: 73.814542
      type: 'test'
      ...
    # Subtest: Excel/Sheets'ten portföy: kapı raporu; varsayılan carilere dokunmaz, 'carilere işle' ile yazar; kapanmış ve çift satır alınmaz
    ok 9 - Excel/Sheets'ten portföy: kapı raporu; varsayılan carilere dokunmaz, 'carilere işle' ile yazar; kapanmış ve çift satır alınmaz
      ---
      duration_ms: 63.593124
      type: 'test'
      ...
    # Subtest: PDF ve Excel çıktıları: portföy, mizan, ekstre, nakit akışı
    ok 10 - PDF ve Excel çıktıları: portföy, mizan, ekstre, nakit akışı
      ---
      duration_ms: 117.114732
      type: 'test'
      ...
    1..10
ok 10 - çek/senet: Cari, Taksit ve Kasa ile işlem bütünlüğü
  ---
  duration_ms: 1699.913836
  type: 'suite'
  ...
# Subtest: ANLIK DURUM: karttaki rakamlar ekranlarla birebir aynı (rastgele 400 işlem)
    # Subtest: Kasa, alacak, borç, kritik stok, mizan ve nakit akışı her adımda tutarlı
    ok 1 - Kasa, alacak, borç, kritik stok, mizan ve nakit akışı her adımda tutarlı
      ---
      duration_ms: 6730.490912
      type: 'test'
      ...
    # Subtest: para ya da stok değişince herkese (işlemi yapan dahil) tek 'overview.changed' olayı gider
    ok 2 - para ya da stok değişince herkese (işlemi yapan dahil) tek 'overview.changed' olayı gider
      ---
      duration_ms: 340.090616
      type: 'test'
      ...
    # Subtest: kart yalnız yöneticide; kişiye verilen finans raporları yetkisi raporları açar, kartı açmaz; geri alınınca kapanır
    ok 3 - kart yalnız yöneticide; kişiye verilen finans raporları yetkisi raporları açar, kartı açmaz; geri alınınca kapanır
      ---
      duration_ms: 395.47969
      type: 'test'
      ...
    1..3
ok 11 - ANLIK DURUM: karttaki rakamlar ekranlarla birebir aynı (rastgele 400 işlem)
  ---
  duration_ms: 7798.714172
  type: 'suite'
  ...
# Subtest: rapor merkezi: programdaki her bilgi ön izleme, PDF ve Excel olarak alınır
    # Subtest: katalogdaki her rapor çalışır; PDF ve Excel üretilir; yetkisiz kişi göremez
    ok 1 - katalogdaki her rapor çalışır; PDF ve Excel üretilir; yetkisiz kişi göremez
      ---
      duration_ms: 1070.952891
      type: 'test'
      ...
    1..1
ok 12 - rapor merkezi: programdaki her bilgi ön izleme, PDF ve Excel olarak alınır
  ---
  duration_ms: 1575.594276
  type: 'suite'
  ...
# Subtest: 2.1.0 Rapor Merkezi BANKALI veriyle: bütün para raporları × bütün süzgeçler × ekran/PDF/Excel, bağımsız beklenenle
    # Subtest: katalog: denenen her rapor katalogda ve süzgeç seçenekleri tanımlı (yeni banka raporları ayrı testte)
    ok 1 - katalog: denenen her rapor katalogda ve süzgeç seçenekleri tanımlı (yeni banka raporları ayrı testte)
      ---
      duration_ms: 1.941895
      type: 'test'
      ...
    # Subtest: kasa-hareketleri: bütün süzgeçler × ekran/PDF/Excel, TOPLAM = satırlar, bağımsız beklenenle (bankalı veri)
    ok 2 - kasa-hareketleri: bütün süzgeçler × ekran/PDF/Excel, TOPLAM = satırlar, bağımsız beklenenle (bankalı veri)
      ---
      duration_ms: 332.271542
      type: 'test'
      ...
    # Subtest: kasa-gunluk: bütün süzgeçler × ekran/PDF/Excel, TOPLAM = satırlar, bağımsız beklenenle (bankalı veri)
    ok 3 - kasa-gunluk: bütün süzgeçler × ekran/PDF/Excel, TOPLAM = satırlar, bağımsız beklenenle (bankalı veri)
      ---
      duration_ms: 286.809823
      type: 'test'
      ...
    # Subtest: kasa-kaynak: bütün süzgeçler × ekran/PDF/Excel, TOPLAM = satırlar, bağımsız beklenenle (bankalı veri)
    ok 4 - kasa-kaynak: bütün süzgeçler × ekran/PDF/Excel, TOPLAM = satırlar, bağımsız beklenenle (bankalı veri)
      ---
      duration_ms: 261.523079
      type: 'test'
      ...
    # Subtest: kasa-aylik: bütün süzgeçler × ekran/PDF/Excel, TOPLAM = satırlar, bağımsız beklenenle (bankalı veri)
    ok 5 - kasa-aylik: bütün süzgeçler × ekran/PDF/Excel, TOPLAM = satırlar, bağımsız beklenenle (bankalı veri)
      ---
      duration_ms: 240.936151
      type: 'test'
      ...
    # Subtest: hesap-mizani: bütün süzgeçler × ekran/PDF/Excel, TOPLAM = satırlar, bağımsız beklenenle (bankalı veri)
    ok 6 - hesap-mizani: bütün süzgeçler × ekran/PDF/Excel, TOPLAM = satırlar, bağımsız beklenenle (bankalı veri)
      ---
      duration_ms: 270.900675
      type: 'test'
      ...
    # Subtest: yevmiye: bütün süzgeçler × ekran/PDF/Excel, TOPLAM = satırlar, bağımsız beklenenle (bankalı veri)
    ok 7 - yevmiye: bütün süzgeçler × ekran/PDF/Excel, TOPLAM = satırlar, bağımsız beklenenle (bankalı veri)
      ---
      duration_ms: 394.091519
      type: 'test'
      ...
    # Subtest: defter-mutabakati: bütün süzgeçler × ekran/PDF/Excel, TOPLAM = satırlar, bağımsız beklenenle (bankalı veri)
    ok 8 - defter-mutabakati: bütün süzgeçler × ekran/PDF/Excel, TOPLAM = satırlar, bağımsız beklenenle (bankalı veri)
      ---
      duration_ms: 97.009507
      type: 'test'
      ...
    # Subtest: mutabakat-gunlugu: bütün süzgeçler × ekran/PDF/Excel, TOPLAM = satırlar, bağımsız beklenenle (bankalı veri)
    ok 9 - mutabakat-gunlugu: bütün süzgeçler × ekran/PDF/Excel, TOPLAM = satırlar, bağımsız beklenenle (bankalı veri)
      ---
      duration_ms: 23.159843
      type: 'test'
      ...
    # Subtest: banka-pos-hareketleri: bütün süzgeçler × ekran/PDF/Excel, TOPLAM = satırlar, bağımsız beklenenle (bankalı veri)
    ok 10 - banka-pos-hareketleri: bütün süzgeçler × ekran/PDF/Excel, TOPLAM = satırlar, bağımsız beklenenle (bankalı veri)
      ---
      duration_ms: 897.896074
      type: 'test'
      ...
    # Subtest: mizan: bütün süzgeçler × ekran/PDF/Excel, TOPLAM = satırlar, bağımsız beklenenle (bankalı veri)
    ok 11 - mizan: bütün süzgeçler × ekran/PDF/Excel, TOPLAM = satırlar, bağımsız beklenenle (bankalı veri)
      ---
      duration_ms: 5706.288182
      type: 'test'
      ...
    # Subtest: cari-listesi: bütün süzgeçler × ekran/PDF/Excel, TOPLAM = satırlar, bağımsız beklenenle (bankalı veri)
    ok 12 - cari-listesi: bütün süzgeçler × ekran/PDF/Excel, TOPLAM = satırlar, bağımsız beklenenle (bankalı veri)
      ---
      duration_ms: 425.101127
      type: 'test'
      ...
    # Subtest: cari-ekstre: bütün süzgeçler × ekran/PDF/Excel, TOPLAM = satırlar, bağımsız beklenenle (bankalı veri)
    ok 13 - cari-ekstre: bütün süzgeçler × ekran/PDF/Excel, TOPLAM = satırlar, bağımsız beklenenle (bankalı veri)
      ---
      duration_ms: 1142.10309
      type: 'test'
      ...
    # Subtest: cari-hareketleri: bütün süzgeçler × ekran/PDF/Excel, TOPLAM = satırlar, bağımsız beklenenle (bankalı veri)
    ok 14 - cari-hareketleri: bütün süzgeçler × ekran/PDF/Excel, TOPLAM = satırlar, bağımsız beklenenle (bankalı veri)
      ---
      duration_ms: 1042.218698
      type: 'test'
      ...
    # Subtest: cari-tahsilat: bütün süzgeçler × ekran/PDF/Excel, TOPLAM = satırlar, bağımsız beklenenle (bankalı veri)
    ok 15 - cari-tahsilat: bütün süzgeçler × ekran/PDF/Excel, TOPLAM = satırlar, bağımsız beklenenle (bankalı veri)
      ---
      duration_ms: 825.05387
      type: 'test'
      ...
    # Subtest: alacak-yaslandirma: bütün süzgeçler × ekran/PDF/Excel, TOPLAM = satırlar, bağımsız beklenenle (bankalı veri)
    ok 16 - alacak-yaslandirma: bütün süzgeçler × ekran/PDF/Excel, TOPLAM = satırlar, bağımsız beklenenle (bankalı veri)
      ---
      duration_ms: 40.390602
      type: 'test'
      ...
    # Subtest: fatura-satis: bütün süzgeçler × ekran/PDF/Excel, TOPLAM = satırlar, bağımsız beklenenle (bankalı veri)
    ok 17 - fatura-satis: bütün süzgeçler × ekran/PDF/Excel, TOPLAM = satırlar, bağımsız beklenenle (bankalı veri)
      ---
      duration_ms: 1374.747774
      type: 'test'
      ...
    # Subtest: fatura-alis: bütün süzgeçler × ekran/PDF/Excel, TOPLAM = satırlar, bağımsız beklenenle (bankalı veri)
    ok 18 - fatura-alis: bütün süzgeçler × ekran/PDF/Excel, TOPLAM = satırlar, bağımsız beklenenle (bankalı veri)
      ---
      duration_ms: 1549.387074
      type: 'test'
      ...
    # Subtest: fatura-iade: bütün süzgeçler × ekran/PDF/Excel, TOPLAM = satırlar, bağımsız beklenenle (bankalı veri)
    ok 19 - fatura-iade: bütün süzgeçler × ekran/PDF/Excel, TOPLAM = satırlar, bağımsız beklenenle (bankalı veri)
      ---
      duration_ms: 1594.095675
      type: 'test'
      ...
    # Subtest: kdv-ozeti: bütün süzgeçler × ekran/PDF/Excel, TOPLAM = satırlar, bağımsız beklenenle (bankalı veri)
    ok 20 - kdv-ozeti: bütün süzgeçler × ekran/PDF/Excel, TOPLAM = satırlar, bağımsız beklenenle (bankalı veri)
      ---
      duration_ms: 235.240209
      type: 'test'
      ...
    # Subtest: ba-bs: bütün süzgeçler × ekran/PDF/Excel, TOPLAM = satırlar, bağımsız beklenenle (bankalı veri)
    ok 21 - ba-bs: bütün süzgeçler × ekran/PDF/Excel, TOPLAM = satırlar, bağımsız beklenenle (bankalı veri)
      ---
      duration_ms: 214.726512
      type: 'test'
      ...
    # Subtest: urun-satis-karlilik: bütün süzgeçler × ekran/PDF/Excel, TOPLAM = satırlar, bağımsız beklenenle (bankalı veri)
    ok 22 - urun-satis-karlilik: bütün süzgeçler × ekran/PDF/Excel, TOPLAM = satırlar, bağımsız beklenenle (bankalı veri)
      ---
      duration_ms: 221.606172
      type: 'test'
      ...
    # Subtest: cari-satis-alis: bütün süzgeçler × ekran/PDF/Excel, TOPLAM = satırlar, bağımsız beklenenle (bankalı veri)
    ok 23 - cari-satis-alis: bütün süzgeçler × ekran/PDF/Excel, TOPLAM = satırlar, bağımsız beklenenle (bankalı veri)
      ---
      duration_ms: 252.556343
      type: 'test'
      ...
    # Subtest: gider-raporu: bütün süzgeçler × ekran/PDF/Excel, TOPLAM = satırlar, bağımsız beklenenle (bankalı veri)
    ok 24 - gider-raporu: bütün süzgeçler × ekran/PDF/Excel, TOPLAM = satırlar, bağımsız beklenenle (bankalı veri)
      ---
      duration_ms: 146.029299
      type: 'test'
      ...
    # Subtest: stopaj-tevkifat: bütün süzgeçler × ekran/PDF/Excel, TOPLAM = satırlar, bağımsız beklenenle (bankalı veri)
    ok 25 - stopaj-tevkifat: bütün süzgeçler × ekran/PDF/Excel, TOPLAM = satırlar, bağımsız beklenenle (bankalı veri)
      ---
      duration_ms: 132.225034
      type: 'test'
      ...
    # Subtest: acik-faturalar: bütün süzgeçler × ekran/PDF/Excel, TOPLAM = satırlar, bağımsız beklenenle (bankalı veri)
    ok 26 - acik-faturalar: bütün süzgeçler × ekran/PDF/Excel, TOPLAM = satırlar, bağımsız beklenenle (bankalı veri)
      ---
      duration_ms: 137.493935
      type: 'test'
      ...
    # Subtest: taksit-kartlari: bütün süzgeçler × ekran/PDF/Excel, TOPLAM = satırlar, bağımsız beklenenle (bankalı veri)
    ok 27 - taksit-kartlari: bütün süzgeçler × ekran/PDF/Excel, TOPLAM = satırlar, bağımsız beklenenle (bankalı veri)
      ---
      duration_ms: 40.803123
      type: 'test'
      ...
    # Subtest: taksit-vadeleri: bütün süzgeçler × ekran/PDF/Excel, TOPLAM = satırlar, bağımsız beklenenle (bankalı veri)
    ok 28 - taksit-vadeleri: bütün süzgeçler × ekran/PDF/Excel, TOPLAM = satırlar, bağımsız beklenenle (bankalı veri)
      ---
      duration_ms: 144.969457
      type: 'test'
      ...
    # Subtest: geciken-taksitler: bütün süzgeçler × ekran/PDF/Excel, TOPLAM = satırlar, bağımsız beklenenle (bankalı veri)
    ok 29 - geciken-taksitler: bütün süzgeçler × ekran/PDF/Excel, TOPLAM = satırlar, bağımsız beklenenle (bankalı veri)
      ---
      duration_ms: 19.953028
      type: 'test'
      ...
    # Subtest: taksit-performans: bütün süzgeçler × ekran/PDF/Excel, TOPLAM = satırlar, bağımsız beklenenle (bankalı veri)
    ok 30 - taksit-performans: bütün süzgeçler × ekran/PDF/Excel, TOPLAM = satırlar, bağımsız beklenenle (bankalı veri)
      ---
      duration_ms: 178.975595
      type: 'test'
      ...
    # Subtest: taksit-tahsilatlari: bütün süzgeçler × ekran/PDF/Excel, TOPLAM = satırlar, bağımsız beklenenle (bankalı veri)
    ok 31 - taksit-tahsilatlari: bütün süzgeçler × ekran/PDF/Excel, TOPLAM = satırlar, bağımsız beklenenle (bankalı veri)
      ---
      duration_ms: 127.460654
      type: 'test'
      ...
    # Subtest: cek-portfoy: bütün süzgeçler × ekran/PDF/Excel, TOPLAM = satırlar, bağımsız beklenenle (bankalı veri)
    ok 32 - cek-portfoy: bütün süzgeçler × ekran/PDF/Excel, TOPLAM = satırlar, bağımsız beklenenle (bankalı veri)
      ---
      duration_ms: 4802.656749
      type: 'test'
      ...
    # Subtest: cek-hareketleri: bütün süzgeçler × ekran/PDF/Excel, TOPLAM = satırlar, bağımsız beklenenle (bankalı veri)
    ok 33 - cek-hareketleri: bütün süzgeçler × ekran/PDF/Excel, TOPLAM = satırlar, bağımsız beklenenle (bankalı veri)
      ---
      duration_ms: 171.115982
      type: 'test'
      ...
    # Subtest: cek-vade-dagilimi: bütün süzgeçler × ekran/PDF/Excel, TOPLAM = satırlar, bağımsız beklenenle (bankalı veri)
    ok 34 - cek-vade-dagilimi: bütün süzgeçler × ekran/PDF/Excel, TOPLAM = satırlar, bağımsız beklenenle (bankalı veri)
      ---
      duration_ms: 20.840711
      type: 'test'
      ...
    # Subtest: stok-durumu: bütün süzgeçler × ekran/PDF/Excel, TOPLAM = satırlar, bağımsız beklenenle (bankalı veri)
    ok 35 - stok-durumu: bütün süzgeçler × ekran/PDF/Excel, TOPLAM = satırlar, bağımsız beklenenle (bankalı veri)
      ---
      duration_ms: 168.114639
      type: 'test'
      ...
    # Subtest: stok-hareketleri: bütün süzgeçler × ekran/PDF/Excel, TOPLAM = satırlar, bağımsız beklenenle (bankalı veri)
    ok 36 - stok-hareketleri: bütün süzgeçler × ekran/PDF/Excel, TOPLAM = satırlar, bağımsız beklenenle (bankalı veri)
      ---
      duration_ms: 154.058992
      type: 'test'
      ...
    # Subtest: stok-ozet: bütün süzgeçler × ekran/PDF/Excel, TOPLAM = satırlar, bağımsız beklenenle (bankalı veri)
    ok 37 - stok-ozet: bütün süzgeçler × ekran/PDF/Excel, TOPLAM = satırlar, bağımsız beklenenle (bankalı veri)
      ---
      duration_ms: 289.475952
      type: 'test'
      ...
    # Subtest: stok-kategori: bütün süzgeçler × ekran/PDF/Excel, TOPLAM = satırlar, bağımsız beklenenle (bankalı veri)
    ok 38 - stok-kategori: bütün süzgeçler × ekran/PDF/Excel, TOPLAM = satırlar, bağımsız beklenenle (bankalı veri)
      ---
      duration_ms: 12.312118
      type: 'test'
      ...
    # Subtest: kayit-tahsilatlari: bütün süzgeçler × ekran/PDF/Excel, TOPLAM = satırlar, bağımsız beklenenle (bankalı veri)
    ok 39 - kayit-tahsilatlari: bütün süzgeçler × ekran/PDF/Excel, TOPLAM = satırlar, bağımsız beklenenle (bankalı veri)
      ---
      duration_ms: 122.940823
      type: 'test'
      ...
    # Subtest: anahtar toplamlar bağımsız defterle (tüm zamanlar): Kasa, Gerçek Banka (hesap hesap), KDV, cari bakiyeleri, stok
    ok 40 - anahtar toplamlar bağımsız defterle (tüm zamanlar): Kasa, Gerçek Banka (hesap hesap), KDV, cari bakiyeleri, stok
      ---
      duration_ms: 32.919547
      type: 'test'
      ...
    # Subtest: Kasa Dökümü PDF: yalnız nakit satırları ve Güncel Kasa; banka bağlı hareketler (havale, Kasa ↔ Banka banka bacağı) girmez
    ok 41 - Kasa Dökümü PDF: yalnız nakit satırları ve Güncel Kasa; banka bağlı hareketler (havale, Kasa ↔ Banka banka bacağı) girmez
      ---
      duration_ms: 11.061869
      type: 'test'
      ...
    # Subtest: Nakit Akış: başlangıç = Nakit + Gerçek Banka (K10: Hesabı Atanmamış POS 900 hariç)
    ok 42 - Nakit Akış: başlangıç = Nakit + Gerçek Banka (K10: Hesabı Atanmamış POS 900 hariç)
      ---
      duration_ms: 47.242711
      type: 'test'
      ...
    # Subtest: Nakit Akış (90 gün): beklenen giriş/çıkış bağımsız (taksit, portföydeki senet, verilen çek); başlangıç Kasa + Gerçek Banka (K10)
    ok 43 - Nakit Akış (90 gün): beklenen giriş/çıkış bağımsız (taksit, portföydeki senet, verilen çek); başlangıç Kasa + Gerçek Banka (K10)
      ---
      duration_ms: 11.769841
      type: 'test'
      ...
    # Subtest: Vade Takip (tüm açık kalemler) ve zil/takvim: tahsil edilecek / ödenecek bağımsız; banka bağlı ödenmiş evrak ve faturalar listede yok
    ok 44 - Vade Takip (tüm açık kalemler) ve zil/takvim: tahsil edilecek / ödenecek bağımsız; banka bağlı ödenmiş evrak ve faturalar listede yok
      ---
      duration_ms: 19.80739
      type: 'test'
      ...
    # Subtest: ileri tarihli banka hareketi denemesi 400; raporlar değişmez (ileri tarih aralığında hareket raporları boş)
    ok 45 - ileri tarihli banka hareketi denemesi 400; raporlar değişmez (ileri tarih aralığında hareket raporları boş)
      ---
      duration_ms: 25.722353
      type: 'test'
      ...
    # Subtest: tek kayıt + şirket ayrımı: 002'de tek havale tahsilatı → 002 raporlarında tek satır; 001'in raporları değişmez; ?hofCompany= yetkisiz 403
    ok 46 - tek kayıt + şirket ayrımı: 002'de tek havale tahsilatı → 002 raporlarında tek satır; 001'in raporları değişmez; ?hofCompany= yetkisiz 403
      ---
      duration_ms: 520.505562
      type: 'test'
      ...
    # Subtest: yetki: rapor yetkisi olmayan personel bütün bankalı raporlarda 403 (ekran, PDF, Excel); dosya sızmaz
    ok 47 - yetki: rapor yetkisi olmayan personel bütün bankalı raporlarda 403 (ekran, PDF, Excel); dosya sızmaz
      ---
      duration_ms: 373.525106
      type: 'test'
      ...
# [raporlar-210-banka] rapor 38, birleşim 1284, istek 3852, denetlenen TOPLAM kolonu 1511
    # Subtest: Mutabakat Testi tutarlı; özet sayılar
    ok 48 - Mutabakat Testi tutarlı; özet sayılar
      ---
      duration_ms: 25.760961
      type: 'test'
      ...
    1..48
ok 13 - 2.1.0 Rapor Merkezi BANKALI veriyle: bütün para raporları × bütün süzgeçler × ekran/PDF/Excel, bağımsız beklenenle
  ---
  duration_ms: 26905.434128
  type: 'suite'
  ...
# Subtest: yazım düzeni: başlıklarda her sözcüğün ilk harfi büyük
    # Subtest: arayüz dosyalarında kurala uymayan ad yok
    ok 1 - arayüz dosyalarında kurala uymayan ad yok
      ---
      duration_ms: 91.968847
      type: 'test'
      ...
    # Subtest: rapor, PDF ve Excel başlıklarında kurala uymayan ad yok
    ok 2 - rapor, PDF ve Excel başlıklarında kurala uymayan ad yok
      ---
      duration_ms: 31.460865
      type: 'test'
      ...
    1..2
ok 14 - yazım düzeni: başlıklarda her sözcüğün ilk harfi büyük
  ---
  duration_ms: 124.743899
  type: 'suite'
  ...
1..14
# tests 101
# suites 14
# pass 101
# fail 0
# cancelled 0
# skipped 0
# todo 0
# duration_ms 68354.79218
