TAP version 13
# Subtest: Drive klasör kipi (masaüstü senkron klasörü): Şimdi Yedek Al, otomatik, veri yüklemesi öncesi, iki şirket
    # Subtest: Drive bağlı değilken: yedek yalnız yerelde, bulut kopyası denenmez
    ok 1 - Drive bağlı değilken: yedek yalnız yerelde, bulut kopyası denenmez
      ---
      duration_ms: 81.390825
      type: 'test'
      ...
    # Subtest: klasör bağlanır: içinde 'DestekOfis Yedekleri' açılır; ekrana gelen durum doğru
    ok 2 - klasör bağlanır: içinde 'DestekOfis Yedekleri' açılır; ekrana gelen durum doğru
      ---
      duration_ms: 12.483583
      type: 'test'
      ...
    # Subtest: Şimdi Yedek Al — Tüm Şirketler: her şirketin kopyası Drive'da KENDİ alt klasöründe; ad, boyut, sha256 ve içerik yerel yedekle aynı
    ok 3 - Şimdi Yedek Al — Tüm Şirketler: her şirketin kopyası Drive'da KENDİ alt klasöründe; ad, boyut, sha256 ve içerik yerel yedekle aynı
      ---
      duration_ms: 94.744949
      type: 'test'
      ...
    # Subtest: Şimdi Yedek Al — Yalnız 002: yalnız 002'nin kopyası gider
    ok 4 - Şimdi Yedek Al — Yalnız 002: yalnız 002'nin kopyası gider
      ---
      duration_ms: 33.115021
      type: 'test'
      ...
    # Subtest: otomatik zamanlayıcı turu: verisi değişen iki şirketin yedeği alınır ve Drive'a da kopyalanır
    ok 5 - otomatik zamanlayıcı turu: verisi değişen iki şirketin yedeği alınır ve Drive'a da kopyalanır
      ---
      duration_ms: 182.686622
      type: 'test'
      ...
    # Subtest: veri yüklemesi öncesi yedek (Excel yerine koy) de Drive'a gider
    ok 6 - veri yüklemesi öncesi yedek (Excel yerine koy) de Drive'a gider
      ---
      duration_ms: 148.823209
      type: 'test'
      ...
    # Subtest: Drive klasörü sonradan erişilemez olursa: yerel yedek yine alınır, hata yanıtta ve durumda görünür; düzelince sürer
    ok 7 - Drive klasörü sonradan erişilemez olursa: yerel yedek yine alınır, hata yanıtta ve durumda görünür; düzelince sürer
      ---
      duration_ms: 88.924053
      type: 'test'
      ...
    1..7
ok 1 - Drive klasör kipi (masaüstü senkron klasörü): Şimdi Yedek Al, otomatik, veri yüklemesi öncesi, iki şirket
  ---
  duration_ms: 1266.181073
  type: 'suite'
  ...
# Subtest: Drive bağlantı kipi (lisans servisi /v1/yedek/oturum): üretimdeki bugünkü durum ve 'uç olsaydı'
    # Subtest: üretim adresi değiştirilmedi: lisans servisi https://destek-ofis.vercel.app/api/lisans
    ok 1 - üretim adresi değiştirilmedi: lisans servisi https://destek-ofis.vercel.app/api/lisans
      ---
      duration_ms: 0.423911
      type: 'test'
      ...
    # Subtest: bağlantı kaydedilirken servis hiç denenmez: yanıt 200 'bağlı', hata yok (kullanıcı 'bağlandı' görür)
    ok 2 - bağlantı kaydedilirken servis hiç denenmez: yanıt 200 'bağlı', hata yok (kullanıcı 'bağlandı' görür)
      ---
      duration_ms: 4.302731
      type: 'test'
      ...
    # Subtest: ÜRETİM (uç yok, 404): Şimdi Yedek Al Tüm → yerel 2 yedek alınır, Drive'a HİÇBİRİ gitmez; neden yanıtta ve durumda
    ok 3 - ÜRETİM (uç yok, 404): Şimdi Yedek Al Tüm → yerel 2 yedek alınır, Drive'a HİÇBİRİ gitmez; neden yanıtta ve durumda
      ---
      duration_ms: 67.791504
      type: 'test'
      ...
    # Subtest: ÜRETİM: otomatik zamanlayıcı ve 'Şimdi Dene' de aynı: yerel yedek var, Drive yok
    ok 4 - ÜRETİM: otomatik zamanlayıcı ve 'Şimdi Dene' de aynı: yerel yedek var, Drive yok
      ---
      duration_ms: 200.273378
      type: 'test'
      ...
    # Subtest: UÇ OLSAYDI (sahte servis 200 + yükleme adresi): her şirketin dosyası tek PUT ile gider; ikisi AYNI Drive klasörüne (şirket alt klasörü yok)
    ok 5 - UÇ OLSAYDI (sahte servis 200 + yükleme adresi): her şirketin dosyası tek PUT ile gider; ikisi AYNI Drive klasörüne (şirket alt klasörü yok)
      ---
      duration_ms: 106.506878
      type: 'test'
      ...
    1..5
ok 2 - Drive bağlantı kipi (lisans servisi /v1/yedek/oturum): üretimdeki bugünkü durum ve 'uç olsaydı'
  ---
  duration_ms: 921.3171
  type: 'suite'
  ...
1..2
# tests 12
# suites 2
# pass 12
# fail 0
# cancelled 0
# skipped 0
# todo 0
# duration_ms 2606.795171
