TAP version 13
# (node:26857) ExperimentalWarning: SQLite is an experimental feature and might change at any time
# (Use `node --trace-warnings ...` to show where the warning was created)
# Subtest: GG2 — Alt Hesap Mizanı ve Genel Bakış tek kaynaktan (Ana Defter kurulmadan) = eski yol
    # Subtest: tüm zamanlar ve üç dönem: alt hesaplar, borç/alacak/bakiye ve ana hesaplar Ana Defter'le kuruşu kuruşuna aynı
    ok 1 - tüm zamanlar ve üç dönem: alt hesaplar, borç/alacak/bakiye ve ana hesaplar Ana Defter'le kuruşu kuruşuna aynı
      ---
      duration_ms: 30.624505
      type: 'test'
      ...
    # Subtest: Genel Bakış ve Hesaplar: bütün para satırlarının gruplanmasıyla bulunan değerlerle aynı
    ok 2 - Genel Bakış ve Hesaplar: bütün para satırlarının gruplanmasıyla bulunan değerlerle aynı
      ---
      duration_ms: 14.289344
      type: 'test'
      ...
    1..2
ok 1 - GG2 — Alt Hesap Mizanı ve Genel Bakış tek kaynaktan (Ana Defter kurulmadan) = eski yol
  ---
  duration_ms: 6759.178776
  type: 'suite'
  ...
# Subtest: GG2 — hareketsiz hesabın türü değişince kapı süzgeçte kalır
    # Subtest: Vadesiz → Ticari (satırsız açılış): süzgeç yolu; hareketli hesapta tür değişmez (409)
    ok 1 - Vadesiz → Ticari (satırsız açılış): süzgeç yolu; hareketli hesapta tür değişmez (409)
      ---
      duration_ms: 55.2937
      type: 'test'
      ...
    1..1
ok 2 - GG2 — hareketsiz hesabın türü değişince kapı süzgeçte kalır
  ---
  duration_ms: 340.553348
  type: 'suite'
  ...
# Subtest: GG2 — ölçüm aracı yeni olay kimliğiyle çalışır (küçük hacim)
    # Subtest: tools/banka-hareket-olcum.mjs --hedef 3000 --gun 15 --tekrar 1: hatasız biter, Banka penceresinin bütün uçlarını ölçer
    ok 1 - tools/banka-hareket-olcum.mjs --hedef 3000 --gun 15 --tekrar 1: hatasız biter, Banka penceresinin bütün uçlarını ölçer
      ---
      duration_ms: 3002.402507
      type: 'test'
      ...
    1..1
ok 3 - GG2 — ölçüm aracı yeni olay kimliğiyle çalışır (küçük hacim)
  ---
  duration_ms: 3002.706615
  type: 'suite'
  ...
# Subtest: GG2 — Banka Fişi kaydında hesabın bütün satırları yeniden toplanmaz (K7), toplam doğru kalır
    # Subtest: fiş, fiş, okuma: tam toplam sorgusu yok; Ters Kaydet'te tam toplam; bakiyeler bağımsız hesapla aynı; eksi bakiye yine sorulur
    ok 1 - fiş, fiş, okuma: tam toplam sorgusu yok; Ters Kaydet'te tam toplam; bakiyeler bağımsız hesapla aynı; eksi bakiye yine sorulur
      ---
      duration_ms: 122.614608
      type: 'test'
      ...
    1..1
ok 4 - GG2 — Banka Fişi kaydında hesabın bütün satırları yeniden toplanmaz (K7), toplam doğru kalır
  ---
  duration_ms: 385.908425
  type: 'suite'
  ...
1..4
# tests 5
# suites 4
# pass 5
# fail 0
# cancelled 0
# skipped 0
# todo 0
# duration_ms 10965.44975
