TAP version 13
# (node:26903) ExperimentalWarning: SQLite is an experimental feature and might change at any time
# (Use `node --trace-warnings ...` to show where the warning was created)
# Subtest: B8 — carinin defter bakiyesi: SQL toplamı = yevmiye (iki yolun eşdeğerliği)
    # Subtest: rastgele mutabakat motoru (eşik 0: her cari SQL yolunda, eşdeğerlik denetimi açık): her işlem tutarlı, süzgeç bulgusu yok, her cari eşit
    ok 1 - rastgele mutabakat motoru (eşik 0: her cari SQL yolunda, eşdeğerlik denetimi açık): her işlem tutarlı, süzgeç bulgusu yok, her cari eşit
      ---
      duration_ms: 12292.080575
      type: 'test'
      ...
    # Subtest: gerçek 2.0.26 verisi (her şirket): her carinin SQL toplamı = yevmiye
    ok 2 - gerçek 2.0.26 verisi (her şirket): her carinin SQL toplamı = yevmiye
      ---
      duration_ms: 422.435364
      type: 'test'
      ...
    1..2
ok 1 - B8 — carinin defter bakiyesi: SQL toplamı = yevmiye (iki yolun eşdeğerliği)
  ---
  duration_ms: 12715.760463
  type: 'suite'
  ...
# Subtest: B8 — çok hareketli cari: süzgeç süresi carinin geçmişiyle büyümez
    # Subtest: 2.100 satırlı cari: tahsilat süzgeç yolunda, yevmiye maddesi kurulmadan (SQL); bozuk fatura tutarı 409 ve party:accounts
    ok 1 - 2.100 satırlı cari: tahsilat süzgeç yolunda, yevmiye maddesi kurulmadan (SQL); bozuk fatura tutarı 409 ve party:accounts
      ---
      duration_ms: 586.449577
      type: 'test'
      ...
    1..1
ok 2 - B8 — çok hareketli cari: süzgeç süresi carinin geçmişiyle büyümez
  ---
  duration_ms: 586.829711
  type: 'suite'
  ...
1..2
# tests 3
# suites 2
# pass 3
# fail 0
# cancelled 0
# skipped 0
# todo 0
# duration_ms 13759.372911
