TAP version 13
# Subtest: K6 statik: para tablosuna yazan her yer bank.post içinde ya da izinli listede
    # Subtest: tarayıcı kendini sınar
    ok 1 - tarayıcı kendini sınar
      ---
      duration_ms: 8.968467
      type: 'test'
      ...
    # Subtest: izinli liste geçerli: her girdinin dosyası, işlevi, türü ve gerekçesi var
    ok 2 - izinli liste geçerli: her girdinin dosyası, işlevi, türü ve gerekçesi var
      ---
      duration_ms: 0.775604
      type: 'test'
      ...
    # Subtest: gerçek kod: liste dışında ham yazım yeri yok; listede eskimiş girdi yok
    ok 3 - gerçek kod: liste dışında ham yazım yeri yok; listede eskimiş girdi yok
      ---
      duration_ms: 493.223616
      type: 'test'
      ...
    # Subtest: 'para-disi' yazıcılar yazdıkları satırı assertWrittenNonMoney ile denetletir, 'yardimci' yazıcılar olayı eventFor ile yazar; 'bag' yalnız para alanı olmayan kolona
    ok 4 - 'para-disi' yazıcılar yazdıkları satırı assertWrittenNonMoney ile denetletir, 'yardimci' yazıcılar olayı eventFor ile yazar; 'bag' yalnız para alanı olmayan kolona
      ---
      duration_ms: 495.589616
      type: 'test'
      ...
    # Subtest: olay türleri sözlükte (CHECK yerine kod sözlüğü, §3.6)
    ok 5 - olay türleri sözlükte (CHECK yerine kod sözlüğü, §3.6)
      ---
      duration_ms: 0.540924
      type: 'test'
      ...
    # Subtest: cheque_events.kind'e yazılan her değer göçteki CHECK listesinde (plan Aşama 8)
    ok 6 - cheque_events.kind'e yazılan her değer göçteki CHECK listesinde (plan Aşama 8)
      ---
      duration_ms: 33.485311
      type: 'test'
      ...
    1..6
ok 1 - K6 statik: para tablosuna yazan her yer bank.post içinde ya da izinli listede
  ---
  duration_ms: 1034.63608
  type: 'suite'
  ...
1..1
# tests 6
# suites 1
# pass 6
# fail 0
# cancelled 0
# skipped 0
# todo 0
# duration_ms 1229.319459
