TAP version 13
# Subtest: platform taşınabilirliği: Windows'ta kırılan kalıplar kaynakta yok
    # Subtest: taranan dosya var
    ok 1 - taranan dosya var
      ---
      duration_ms: 0.757819
      type: 'test'
      ...
    # Subtest: import(path.join/resolve(…)) yerine import(pathToFileURL(…).href)
    ok 2 - import(path.join/resolve(…)) yerine import(pathToFileURL(…).href)
      ---
      duration_ms: 89.598853
      type: 'test'
      ...
    # Subtest: new URL(…, import.meta.url).pathname yerine fileURLToPath(…)
    ok 3 - new URL(…, import.meta.url).pathname yerine fileURLToPath(…)
      ---
      duration_ms: 121.042221
      type: 'test'
      ...
    # Subtest: signal === "SIGKILL" iddiası Windows kolu olmadan (process.platform === "win32")
    ok 4 - signal === "SIGKILL" iddiası Windows kolu olmadan (process.platform === "win32")
      ---
      duration_ms: 118.539861
      type: 'test'
      ...
    # Subtest: path.relative(…) bir alana ayırıcısı çevrilmeden atanmaz (.split(path.sep).join("/"))
    ok 5 - path.relative(…) bir alana ayırıcısı çevrilmeden atanmaz (.split(path.sep).join("/"))
      ---
      duration_ms: 199.815246
      type: 'test'
      ...
    1..5
ok 1 - platform taşınabilirliği: Windows'ta kırılan kalıplar kaynakta yok
  ---
  duration_ms: 531.674881
  type: 'suite'
  ...
1..1
# tests 5
# suites 1
# pass 5
# fail 0
# cancelled 0
# skipped 0
# todo 0
# duration_ms 658.52787
