TAP version 13
# Subtest: Banka Bakiye Raporu: ileri tarihli eski hesapsız havale bakiyeye karışmaz (gerçek v2.0.23 verisi)
    # Subtest: Banka Genel Bakış: Hesabı Atanmamış 250 (bugüne kadar); ileri tarihli 2 satır (+600) ayrı
    ok 1 - Banka Genel Bakış: Hesabı Atanmamış 250 (bugüne kadar); ileri tarihli 2 satır (+600) ayrı
      ---
      duration_ms: 13.639287
      type: 'test'
      ...
    # Subtest: varsayılan (Bu Yıl): Hesabı Atanmamış = dönem sonu ile bugünden hangisi önceyse o güne kadar; ileri tarihli ayrı bilgi; TOPLAM = satırlar
    ok 2 - varsayılan (Bu Yıl): Hesabı Atanmamış = dönem sonu ile bugünden hangisi önceyse o güne kadar; ileri tarihli ayrı bilgi; TOPLAM = satırlar
      ---
      duration_ms: 16.613795
      type: 'test'
      ...
    # Subtest: Bu Ay: Hesabı Atanmamış = dönem sonu ile bugünden hangisi önceyse o güne kadar; ileri tarihli ayrı bilgi; TOPLAM = satırlar
    ok 3 - Bu Ay: Hesabı Atanmamış = dönem sonu ile bugünden hangisi önceyse o güne kadar; ileri tarihli ayrı bilgi; TOPLAM = satırlar
      ---
      duration_ms: 10.355004
      type: 'test'
      ...
    # Subtest: Geçen Ay: Hesabı Atanmamış = dönem sonu ile bugünden hangisi önceyse o güne kadar; ileri tarihli ayrı bilgi; TOPLAM = satırlar
    ok 4 - Geçen Ay: Hesabı Atanmamış = dönem sonu ile bugünden hangisi önceyse o güne kadar; ileri tarihli ayrı bilgi; TOPLAM = satırlar
      ---
      duration_ms: 11.458102
      type: 'test'
      ...
    # Subtest: Son 30 Gün: Hesabı Atanmamış = dönem sonu ile bugünden hangisi önceyse o güne kadar; ileri tarihli ayrı bilgi; TOPLAM = satırlar
    ok 5 - Son 30 Gün: Hesabı Atanmamış = dönem sonu ile bugünden hangisi önceyse o güne kadar; ileri tarihli ayrı bilgi; TOPLAM = satırlar
      ---
      duration_ms: 9.002413
      type: 'test'
      ...
    # Subtest: Tüm Zamanlar: Hesabı Atanmamış = dönem sonu ile bugünden hangisi önceyse o güne kadar; ileri tarihli ayrı bilgi; TOPLAM = satırlar
    ok 6 - Tüm Zamanlar: Hesabı Atanmamış = dönem sonu ile bugünden hangisi önceyse o güne kadar; ileri tarihli ayrı bilgi; TOPLAM = satırlar
      ---
      duration_ms: 8.524958
      type: 'test'
      ...
    # Subtest: geleceğe uzanan (D−10 … D+30): Hesabı Atanmamış = dönem sonu ile bugünden hangisi önceyse o güne kadar; ileri tarihli ayrı bilgi; TOPLAM = satırlar
    ok 7 - geleceğe uzanan (D−10 … D+30): Hesabı Atanmamış = dönem sonu ile bugünden hangisi önceyse o güne kadar; ileri tarihli ayrı bilgi; TOPLAM = satırlar
      ---
      duration_ms: 9.922748
      type: 'test'
      ...
    # Subtest: yalnız ilk ileri satır (D−10 … D+7): Hesabı Atanmamış = dönem sonu ile bugünden hangisi önceyse o güne kadar; ileri tarihli ayrı bilgi; TOPLAM = satırlar
    ok 8 - yalnız ilk ileri satır (D−10 … D+7): Hesabı Atanmamış = dönem sonu ile bugünden hangisi önceyse o güne kadar; ileri tarihli ayrı bilgi; TOPLAM = satırlar
      ---
      duration_ms: 10.457092
      type: 'test'
      ...
    # Subtest: geçmişte biten (D−10 … D−3): Hesabı Atanmamış = dönem sonu ile bugünden hangisi önceyse o güne kadar; ileri tarihli ayrı bilgi; TOPLAM = satırlar
    ok 9 - geçmişte biten (D−10 … D−3): Hesabı Atanmamış = dönem sonu ile bugünden hangisi önceyse o güne kadar; ileri tarihli ayrı bilgi; TOPLAM = satırlar
      ---
      duration_ms: 9.878906
      type: 'test'
      ...
    # Subtest: tamamen gelecekte (D+1 … D+30): Hesabı Atanmamış = dönem sonu ile bugünden hangisi önceyse o güne kadar; ileri tarihli ayrı bilgi; TOPLAM = satırlar
    ok 10 - tamamen gelecekte (D+1 … D+30): Hesabı Atanmamış = dönem sonu ile bugünden hangisi önceyse o güne kadar; ileri tarihli ayrı bilgi; TOPLAM = satırlar
      ---
      duration_ms: 13.556581
      type: 'test'
      ...
    # Subtest: Bu Yıl: rapor Hesabı Atanmamış = Banka Genel Bakış (aynı gün aynı sayı); PDF ve Excel ekranla aynı
    ok 11 - Bu Yıl: rapor Hesabı Atanmamış = Banka Genel Bakış (aynı gün aynı sayı); PDF ve Excel ekranla aynı
      ---
      duration_ms: 44.679893
      type: 'test'
      ...
    1..11
ok 1 - Banka Bakiye Raporu: ileri tarihli eski hesapsız havale bakiyeye karışmaz (gerçek v2.0.23 verisi)
  ---
  duration_ms: 990.505227
  type: 'suite'
  ...
1..1
# tests 11
# suites 1
# pass 11
# fail 0
# cancelled 0
# skipped 0
# todo 0
# duration_ms 1374.142023
