TAP version 13
# Subtest: Nakit Akış / Vade Takip: ileri tarihli satırın kaynağı yoluna göre (gerçek v2.0.23 verisi)
    # Subtest: B1+B2 API: nakit 'Kasa (ileri tarihli)', hesapsız eski havale 'Hesabı Atanmamış (ileri tarihli)'; her satır bir kez; toplamlar bağımsız defterle
    ok 1 - B1+B2 API: nakit 'Kasa (ileri tarihli)', hesapsız eski havale 'Hesabı Atanmamış (ileri tarihli)'; her satır bir kez; toplamlar bağımsız defterle
      ---
      duration_ms: 2.46278
      type: 'test'
      ...
    # Subtest: B1 PDF ve Excel: Kaynak kolonu ekranla aynı ad (Kasa yalnız nakitte)
    ok 2 - B1 PDF ve Excel: Kaynak kolonu ekranla aynı ad (Kasa yalnız nakitte)
      ---
      duration_ms: 71.525528
      type: 'test'
      ...
    # Subtest: B1 ekran: istemcinin satır adı sunucuyla aynı ('Hesabı Atanmamış (ileri tarihli)'; Kasa kutusu süzgeci değişmez)
    ok 3 - B1 ekran: istemcinin satır adı sunucuyla aynı ('Hesabı Atanmamış (ileri tarihli)'; Kasa kutusu süzgeci değişmez)
      ---
      duration_ms: 0.773992
      type: 'test'
      ...
    # Subtest: B4 Vade Takip (komşu): aynı satırlar aynı adla; Kasa süzgeci Kasa'nın satırlarını ve hesapsız eski satırları ayrı adla verir
    ok 4 - B4 Vade Takip (komşu): aynı satırlar aynı adla; Kasa süzgeci Kasa'nın satırlarını ve hesapsız eski satırları ayrı adla verir
      ---
      duration_ms: 14.882123
      type: 'test'
      ...
    # Subtest: B3 tutarlılık: D+11'de eski satırlar hesaba atanınca başlangıç = D0 projeksiyonunun dönem sonu (11.700)
    ok 5 - B3 tutarlılık: D+11'de eski satırlar hesaba atanınca başlangıç = D0 projeksiyonunun dönem sonu (11.700)
      ---
      duration_ms: 32.374581
      type: 'test'
      ...
    1..5
ok 1 - Nakit Akış / Vade Takip: ileri tarihli satırın kaynağı yoluna göre (gerçek v2.0.23 verisi)
  ---
  duration_ms: 1280.412795
  type: 'suite'
  ...
# Subtest: Nakit Akış: hesaba atanmış ileri tarihli banka ve kurumsal kart satırı (ham veri)
    # Subtest: B5 dönem sonu = Nakit 2.000 + Ziraat (10.000 − 700) = 11.300; havale bir kez, kart borcu hiç
    ok 1 - B5 dönem sonu = Nakit 2.000 + Ziraat (10.000 − 700) = 11.300; havale bir kez, kart borcu hiç
      ---
      duration_ms: 11.7422
      type: 'test'
      ...
    1..1
ok 2 - Nakit Akış: hesaba atanmış ileri tarihli banka ve kurumsal kart satırı (ham veri)
  ---
  duration_ms: 301.252623
  type: 'suite'
  ...
1..2
# tests 6
# suites 2
# pass 6
# fail 0
# cancelled 0
# skipped 0
# todo 0
# duration_ms 2039.965981
