TAP version 13
# Subtest: Nakit Akış başlangıcı (K10): bankasız kurulum
    # Subtest: başlangıç = Nakit Kasa 500; hesapsız havale 300 başlangıca girmez, ayrı satırda; ANLIK DURUM Kasa ile aynı
    ok 1 - başlangıç = Nakit Kasa 500; hesapsız havale 300 başlangıca girmez, ayrı satırda; ANLIK DURUM Kasa ile aynı
      ---
      duration_ms: 30.301078
      type: 'test'
      ...
    1..1
ok 1 - Nakit Akış başlangıcı (K10): bankasız kurulum
  ---
  duration_ms: 499.114128
  type: 'suite'
  ...
# Subtest: Nakit Akış başlangıcı (K10): ileri tarihli eski hesapsız havale başlangıca girmez, akışta bir kez
    # Subtest: başlangıç = Nakit 2.000 + Gerçek Banka 10.000 = 12.000; kira −1.000 akışta bir kez (18.10), dönem sonu 11.000
    ok 1 - başlangıç = Nakit 2.000 + Gerçek Banka 10.000 = 12.000; kira −1.000 akışta bir kez (18.10), dönem sonu 11.000
      ---
      duration_ms: 20.848372
      type: 'test'
      ...
    1..1
ok 2 - Nakit Akış başlangıcı (K10): ileri tarihli eski hesapsız havale başlangıca girmez, akışta bir kez
  ---
  duration_ms: 339.567714
  type: 'suite'
  ...
# Subtest: Nakit Akış adları (K10): bakiye Nakit ve Banka — ekran, PDF ve Excel aynı
    # Subtest: PDF: Başlangıç (Nakit ve Banka) · Dönem Sonu Tahmini Nakit ve Banka · En Düşük Tahmini Nakit ve Banka · Beklenen Nakit ve Banka; aylıkta Dönem Sonu Nakit ve Banka
    ok 1 - PDF: Başlangıç (Nakit ve Banka) · Dönem Sonu Tahmini Nakit ve Banka · En Düşük Tahmini Nakit ve Banka · Beklenen Nakit ve Banka; aylıkta Dönem Sonu Nakit ve Banka
      ---
      duration_ms: 54.491883
      type: 'test'
      ...
    # Subtest: Excel: Özet ve sütun adları aynı; eski 'kasa' adı yok
    ok 2 - Excel: Özet ve sütun adları aynı; eski 'kasa' adı yok
      ---
      duration_ms: 30.351144
      type: 'test'
      ...
    # Subtest: Excel sayfa adı ve PDF alt başlığı her görünümde ekrandaki seçenekle aynı: Günlük / Haftalık / Aylık Toplamlar
    ok 3 - Excel sayfa adı ve PDF alt başlığı her görünümde ekrandaki seçenekle aynı: Günlük / Haftalık / Aylık Toplamlar
      ---
      duration_ms: 71.490872
      type: 'test'
      ...
    # Subtest: Ekran (istemci kaynağı): Nakit Akış kutuları, tablo başlıkları ve grafik 'Nakit ve Banka' der
    ok 4 - Ekran (istemci kaynağı): Nakit Akış kutuları, tablo başlıkları ve grafik 'Nakit ve Banka' der
      ---
      duration_ms: 1.015411
      type: 'test'
      ...
    1..4
ok 3 - Nakit Akış adları (K10): bakiye Nakit ve Banka — ekran, PDF ve Excel aynı
  ---
  duration_ms: 480.099093
  type: 'suite'
  ...
1..3
# tests 6
# suites 3
# pass 6
# fail 0
# cancelled 0
# skipped 0
# todo 0
# duration_ms 1765.709542
