TAP version 13
# Subtest: R1 — iade geri ödemesi fatura kapamada (açık fatura + kart kalanı = cari bakiye)
    # Subtest: R1a: geri ödeme NAKİT → açık satış 120 Açık kalır (Vadesi Geçti); Açık Faturalar ve Yaşlandırma 120 = cari bakiye
    ok 1 - R1a: geri ödeme NAKİT → açık satış 120 Açık kalır (Vadesi Geçti); Açık Faturalar ve Yaşlandırma 120 = cari bakiye
      ---
      duration_ms: 568.329499
      type: 'test'
      ...
    # Subtest: R1b: geri ödeme HAVALE (Garanti, hesaba bağlı) → aynı sonuç; Garanti 50.000 + 1.200 − 1.200
    ok 2 - R1b: geri ödeme HAVALE (Garanti, hesaba bağlı) → aynı sonuç; Garanti 50.000 + 1.200 − 1.200
      ---
      duration_ms: 466.033613
      type: 'test'
      ...
    # Subtest: R1c: KISMİ geri ödeme (500 / 1.200) → iade alacağından artan 700 açık satışı kapatır (FIFO), 580 müşterinin alacağı; açık 0
    ok 3 - R1c: KISMİ geri ödeme (500 / 1.200) → iade alacağından artan 700 açık satışı kapatır (FIFO), 580 müşterinin alacağı; açık 0
      ---
      duration_ms: 407.353079
      type: 'test'
      ...
    # Subtest: R1d: aynı cariye açık ALIŞ faturası (500) varken müşteriye iade geri ödemesi alış faturasını ÖDEMEZ (hayalet ödeme yok)
    ok 4 - R1d: aynı cariye açık ALIŞ faturası (500) varken müşteriye iade geri ödemesi alış faturasını ÖDEMEZ (hayalet ödeme yok)
      ---
      duration_ms: 398.680418
      type: 'test'
      ...
    # Subtest: R1e: simetrik — alıştan iadenin tedarikçiden GERİ ALINAN parası aynı cariye kesilmiş açık SATIŞ faturasını kapatmaz
    ok 5 - R1e: simetrik — alıştan iadenin tedarikçiden GERİ ALINAN parası aynı cariye kesilmiş açık SATIŞ faturasını kapatmaz
      ---
      duration_ms: 461.69018
      type: 'test'
      ...
    1..5
ok 1 - R1 — iade geri ödemesi fatura kapamada (açık fatura + kart kalanı = cari bakiye)
  ---
  duration_ms: 2304.750714
  type: 'suite'
  ...
# Subtest: R2 — Gider Raporu (Türüne Göre): her gider türü ayrı satır; KDV'li banka masrafı "Banka Masrafları"
    # Subtest: aynı ayda Kira 2.000, Elektrik 300 ve KDV'li banka masrafı 100 → üç satır, doğru adlar ve tutarlar; toplam 2.400
    ok 1 - aynı ayda Kira 2.000, Elektrik 300 ve KDV'li banka masrafı 100 → üç satır, doğru adlar ve tutarlar; toplam 2.400
      ---
      duration_ms: 143.153138
      type: 'test'
      ...
    1..1
ok 2 - R2 — Gider Raporu (Türüne Göre): her gider türü ayrı satır; KDV'li banka masrafı "Banka Masrafları"
  ---
  duration_ms: 420.570716
  type: 'suite'
  ...
1..2
# tests 6
# suites 2
# pass 6
# fail 0
# cancelled 0
# skipped 0
# todo 0
# duration_ms 3209.191697
