TAP version 13
# Subtest: Doğrulama Kapısı — beklenen liste ↔ CI adımları
    # Subtest: ci.yml'de koşan her kanıt kaydı kapının --beklenen listesinde, listede koşmayan ad yok
    ok 1 - ci.yml'de koşan her kanıt kaydı kapının --beklenen listesinde, listede koşmayan ad yok
      ---
      duration_ms: 3.70366
      type: 'test'
      ...
    # Subtest: yayın iş akışı CI'nin koştuğu her arayüz senaryosunu koşar
    ok 2 - yayın iş akışı CI'nin koştuğu her arayüz senaryosunu koşar
      ---
      duration_ms: 0.306358
      type: 'test'
      ...
    1..2
ok 1 - Doğrulama Kapısı — beklenen liste ↔ CI adımları
  ---
  duration_ms: 5.192309
  type: 'suite'
  ...
# Subtest: Uzun Doğrulama Kapısı — beklenen liste ↔ matris
    # Subtest: mutabakat ve güvenilirlik matrislerinin her kaydı kapıda bekleniyor, fazlası yok; plan alt sınırı karşılanıyor
    ok 1 - mutabakat ve güvenilirlik matrislerinin her kaydı kapıda bekleniyor, fazlası yok; plan alt sınırı karşılanıyor
      ---
      duration_ms: 1.55002
      type: 'test'
      ...
    1..1
ok 2 - Uzun Doğrulama Kapısı — beklenen liste ↔ matris
  ---
  duration_ms: 1.676359
  type: 'suite'
  ...
# Subtest: yazım düzeni: başlıklarda her sözcüğün ilk harfi büyük
    # Subtest: arayüz dosyalarında kurala uymayan ad yok
    ok 1 - arayüz dosyalarında kurala uymayan ad yok
      ---
      duration_ms: 64.152536
      type: 'test'
      ...
    # Subtest: rapor, PDF ve Excel başlıklarında kurala uymayan ad yok
    ok 2 - rapor, PDF ve Excel başlıklarında kurala uymayan ad yok
      ---
      duration_ms: 29.757234
      type: 'test'
      ...
    1..2
ok 3 - yazım düzeni: başlıklarda her sözcüğün ilk harfi büyük
  ---
  duration_ms: 94.969981
  type: 'suite'
  ...
1..3
# tests 5
# suites 3
# pass 5
# fail 0
# cancelled 0
# skipped 0
# todo 0
# duration_ms 219.471197
