TAP version 13
# (node:19142) ExperimentalWarning: SQLite is an experimental feature and might change at any time
# (Use `node --trace-warnings ...` to show where the warning was created)
# K1 zincir: durumu değişen belge 12; karşılaştırılan yanıt 550
# Subtest: altın test: v2.0.26 ile bu dal aynı veride aynı Kasa, Banka ve POS, ANLIK DURUM, Ana Defter ve raporları gösterir
    # Subtest: zincir fikstürü surum-2.0.26-zincir (2.0.16 → 2.0.26 gerçek sürüm koduyla, 4 şirket)
    ok 1 - zincir fikstürü surum-2.0.26-zincir (2.0.16 → 2.0.26 gerçek sürüm koduyla, 4 şirket)
      ---
      duration_ms: 17567.869534
      type: 'test'
      ...
# K1 motor: durumu değişen belge 8; karşılaştırılan yanıt 154
    # Subtest: v2.0.26'nın kendi koduyla üretilen veri (mutabakat motoru: 120 güne yayılmış 260 rastgele işlem, dönem kilidi, iade/iptal)
    ok 2 - v2.0.26'nın kendi koduyla üretilen veri (mutabakat motoru: 120 güne yayılmış 260 rastgele işlem, dönem kilidi, iade/iptal)
      ---
      duration_ms: 7426.507292
      type: 'test'
      ...
    1..2
ok 1 - altın test: v2.0.26 ile bu dal aynı veride aynı Kasa, Banka ve POS, ANLIK DURUM, Ana Defter ve raporları gösterir
  ---
  duration_ms: 24996.13075
  type: 'suite'
  ...
# (node:19143) ExperimentalWarning: SQLite is an experimental feature and might change at any time
# (Use `node --trace-warnings ...` to show where the warning was created)
# Subtest: m2 Vade Takip kaynak adları: istemci sunucuyla aynı (fatura dahil)
    # Subtest: sunucunun her kaynağının istemcide adı var; 'invoice' adı PDF/Excel'deki gibi
    ok 1 - sunucunun her kaynağının istemcide adı var; 'invoice' adı PDF/Excel'deki gibi
      ---
      duration_ms: 2.938422
      type: 'test'
      ...
    1..1
ok 2 - m2 Vade Takip kaynak adları: istemci sunucuyla aynı (fatura dahil)
  ---
  duration_ms: 4.576554
  type: 'suite'
  ...
# Subtest: m6 + m7 Nakit Akış PDF alt başlığı ve Vade Takip banka satırı yetkisi (gerçek v2.0.23 verisi)
    # Subtest: ön koşul: yönetici Vade Takip'te nakit ve hesapsız eski banka satırını görür (bağımsız defter)
    ok 1 - ön koşul: yönetici Vade Takip'te nakit ve hesapsız eski banka satırını görür (bağımsız defter)
      ---
      duration_ms: 10.241884
      type: 'test'
      ...
    # Subtest: m7 API: banka yetkisiz kişi Kasa satırını görür, hesapsız eski banka satırını görmez (süzgeçli ve süzgeçsiz)
    ok 2 - m7 API: banka yetkisiz kişi Kasa satırını görür, hesapsız eski banka satırını görmez (süzgeçli ve süzgeçsiz)
      ---
      duration_ms: 29.43136
      type: 'test'
      ...
    # Subtest: m7 PDF ve Excel: banka yetkisiz kişinin dışa aktarımında da eski banka satırı yok
    ok 3 - m7 PDF ve Excel: banka yetkisiz kişinin dışa aktarımında da eski banka satırı yok
      ---
      duration_ms: 39.394129
      type: 'test'
      ...
    # Subtest: m7 aşırı düzeltme yok: banka yetkili avukat eski banka satırını görür; Nakit Akış ucu banka yetkisiz kişiye kapalı kalır
    ok 4 - m7 aşırı düzeltme yok: banka yetkili avukat eski banka satırını görür; Nakit Akış ucu banka yetkisiz kişiye kapalı kalır
      ---
      duration_ms: 5.011915
      type: 'test'
      ...
    # Subtest: m6 Nakit Akış PDF alt başlığı kesilmez (başlangıç tanımı tam)
    ok 5 - m6 Nakit Akış PDF alt başlığı kesilmez (başlangıç tanımı tam)
      ---
      duration_ms: 42.912575
      type: 'test'
      ...
    1..5
ok 3 - m6 + m7 Nakit Akış PDF alt başlığı ve Vade Takip banka satırı yetkisi (gerçek v2.0.23 verisi)
  ---
  duration_ms: 1295.034822
  type: 'suite'
  ...
1..3
# tests 8
# suites 3
# pass 8
# fail 0
# cancelled 0
# skipped 0
# todo 0
# duration_ms 25471.850823
