DestekOfis e2e — http://127.0.0.1:40287
  ✓ giriş ekranı açılır, hatalı parola reddedilir (1180 ms)
  ✓ yönetici giriş yapar, uygulama ve operasyon kartı yüklenir (699 ms)
  ✓ ücretsiz deneme program açılınca kendiliğinden başlar; lisans ekranı sadeleşir (2088 ms)
  ✓ veri yokken ortada 'başlayalım' kartı; paketin yükleme düğmeleri gizli (264 ms)
  ✓ Excel başlangıç kartından yüklenir ve ofisin kalıcı verisi olur (1909 ms)
  ✓ akıllı analiz ekranı adım adım açılır; sektör önerisi kanıtıyla gelir, kendiliğinden uygulanmaz (3668 ms)
  ✓ sektör seçici: kelimeyle aranır, klavyeyle gezilir, Esc ile kapanır (645 ms)
  ✓ öneri onaylanınca görünüm sektör diline geçer; göstergeler kolon adlarıyla (1036 ms)
  ✓ kolon genişliği başlığın kenarından sürüklenir, hatırlanır; çift tık otomatik genişliğe döndürür (947 ms)
  ✓ akıllı özet kartı tıklanınca kayıt listesi açılır; kayda gidilir ve satır belirginleşir (809 ms)
  ✓ kartın 'Nasıl hesaplandı?' açıklaması ve dağılımdan kayıt listesi (1709 ms)
  ✓ başlık kalemle değiştirilir, kalıcıdır ve varsayılana döndürülebilir; ana ekranda 'Dosya özeti' bloğu yok (v2.0.10) (2296 ms)
  ✓ satırlar sunucu kimliği taşır, sayfalama 20 satır gösterir (376 ms)
  ✓ sekmeler kendi kolonlarıyla; arama tüm sekmeleri sayar, Enter başka sekmedeki kayda gider (1235 ms)
  ✓ hücre düzenlenir; tablo yenilenir ve seçim korunur (2210 ms)
  ✓ satır silinir ve geri alınır (1085 ms)
  ✓ yeni kayıt açık sekmenin kolonlarıyla oluşturulur, o sekmede en üste gelir ve seçilir (861 ms)
  ✓ dosyaya not eklenir; işlem geçmişinde işlemi yapanla görünür (2111 ms)
  ✓ tahsilat işlenir (en altta), düzeltilir ve silinir; kasaya düşer, kasadan ödeme girilir (6067 ms)
  ✓ taksitler (v2.0.4): kart açılır, taksitler dağıtılır, tahsilat kalanı düşürür ve kasaya iner (8508 ms)
  ✓ taksit kartı tablodaki kayda bağlanır; kişinin kartından taksit tahsilatı taksitten düşer ve Kasa'ya tek kayıt iner (v2.0.6) (5037 ms)
  ✓ Cari (2.0.18): Tablodan Al yok; cariler Excel yükleme ucuyla açılır (kayda bağ yok), cari tahsilatı Kasa'ya düşer; taksitli caride tahsilat taksite yazılır (2724 ms)
  ✓ Stok (v2.0.6): ürün açılır, çıkışla kritik seviyeye iner (rozet), Kasa'dan ödenen giriş Kasa'ya gider olarak düşer (4933 ms)
  ✓ ANLIK DURUM (v2.0.7): kart canlı; arayüzden tahsil edilen çek Kasa'yı anında değiştirir; Rapor Al, nakit akışı grafiği, rapor merkezi PDF/Excel; kart küçülür ve öyle kalır (7472 ms)
  ✓ detaydaki 'Notu Kaydet' merkezi sunucuya yazılır (969 ms)
  ✓ tahsilat takvimi şeridi ödeme sözlerini gösterir; söz 'ödendi say' ile kapanır (379 ms)
  ✓ yönetici personel hesabı oluşturur (yönetim paneli) (980 ms)
  ✓ yönetim panelinde yedek alınır ve geçmiş listelenir (345 ms)
  ✓ yönetim panelinde ofis adı kaydedilir, bağlantı adresleri listelenir (395 ms)
  ✓ yeni personel ilk girişte parolasını değiştirmek zorunda (1735 ms)
  ✓ personel aynı merkezi tabloyu ve notları görür (166 ms)
  ✓ operasyon merkezi düğme adları köşedeki kalemle değişir; tüm bilgisayarlara yansır, personel kalemi görmez (3687 ms)
  ✓ personel kaynak menülerini göremez, satır silemez (562 ms)
  ✓ ANLIK DURUM kartı yalnız yöneticide (v2.0.10); yetki panelinden 'Finans raporları' verilince personelde Raporlar sayfa yenilenmeden açılır, kart açılmaz; geri alınınca kapanır (2933 ms)
  ✓ yönetici görev atar, personel sayfayı yenilemeden rozet ve bildirim alır, tamamlar (2271 ms)
  ✓ sohbet: özel mesaj anında gelir, okundu görünür, dosya numarası dosyayı açar (3142 ms)
  ✓ alt tablolu Excel 'yerine koy' ile yüklenir; sekme içindeki tablolar kendi kolonlarıyla bölüm olur (7105 ms)
  ✓ yeni ay dosyası 'devamı olarak' eklenir: yeniler eklenir, değişen güncellenir, olmayan korunur (1359 ms)
  ✓ farklı konudaki Excel yeni sayfada açılır; adı şeritte değişir, sayfalar arasında geçilir, diğer kullanıcının ekranı değişmez (7289 ms)
  ✓ oturum kapanınca giriş ekranı ofis adıyla gelir (342 ms)
  ✓ v1.0.0 tarayıcısındaki kaynak ve notlar ilk girişte ofise taşınır (1765 ms)
  ✓ hukuk dışı veri: klinik tablosu Klinik önerir; seçilince dil 'hasta'ya döner, haciz gizlenir (7926 ms)
  ✓ okul servisi: sektör tanınır; ödenmeyen aylar şeritte ve sağ alt bildirimde; pilden tahsilat girilince pil kaybolur; belge son günleri zilde; kasa aralığı PDF iner (19939 ms)
  ✓ Excel açılır listeleri tarayıcıda okunur; kartta ▾ ile seçilir; gizli liste sayfası sekme olmaz; kendi sektörü oluşturulur (11440 ms)
  ✓ formüllü Excel: detay kartında taksit girilince Kalan ve Durum yeniden hesaplanır (8957 ms)
  ✓ akıllı denetim öneriyle düzeltir; belge eklenir ve önizlenir; kolon adlandırılır; Excel'e aktarılır (17641 ms)
  ✓ serbest sayfa: '+ Sayfa' ile açılır; Excel gibi yazılır, geçince kaydedilir; formül, alt toplam, detay kartı ve geri alma çalışır (13006 ms)
  ✓ denemenin 3. gününde yöneticiden firma bilgisi istenir; gönderilince bir daha sorulmaz (7376 ms)
  ✓ deneme süresi dolunca program durur: şerit, açıklama, yazma engeli; lisans anahtarıyla kaldığı yerden devam eder (4709 ms)
  ✓ tarayıcı konsolunda hata ve CSP ihlali yok (1 ms)

50 adım başarılı.
