2026-10-10T18:17:39.269Z [INFO] DestekOfis servis yöneticisi http://127.0.0.1:44815
2026-10-10T18:17:39.272Z [INFO] Uygulama başlatılıyor (app/9.0.0, iç port 39241)
2026-10-10T18:17:39.311Z [WARN] Güncelleme API'si yanıt vermedi (Güncelleme sunucusu hata döndürdü (HTTP 503).); yedek yol deneniyor.
2026-10-10T18:17:39.320Z [WARN] Güncelleme denetimi başarısız: Güncelleme sunucusu hata döndürdü (HTTP 503).
2026-10-10T18:17:39.320Z [INFO] Güncelleme denetimi 60 sn sonra yeniden denenecek.
2026-10-10T18:17:39.727Z [INFO] Uygulama hazır: DestekOfis 9.0.0
[uygulama] 2026-10-10T18:17:42.728Z [WARN] Ücretsiz deneme başlatılamadı: Lisans servisine ulaşılamadı.
2026-10-10T18:18:39.335Z [INFO] Yeni sürüm bulundu: 9.0.1 (kurulu 9.0.0)
2026-10-10T18:18:39.336Z [INFO] 9.0.1 sürümü hazır; kullanıcılar çalışıyor; sunucu 15 dakika boş kalınca ya da mesai dışında kendiliğinden kurulacak (saatte bir bakılır) (Yönetim → Sistem → Şimdi Güncelle ile hemen kurulabilir).
[uygulama] 2026-10-10T18:19:42.731Z [WARN] Ücretsiz deneme başlatılamadı: Lisans servisine ulaşılamadı.
[uygulama] 2026-10-10T18:29:42.733Z [WARN] Ücretsiz deneme başlatılamadı: Lisans servisine ulaşılamadı.
[uygulama] 2026-10-10T18:59:42.735Z [WARN] Ücretsiz deneme başlatılamadı: Lisans servisine ulaşılamadı.
2026-10-10T19:18:39.355Z [INFO] Yeni sürüm bulundu: 9.0.1 (kurulu 9.0.0)
[uygulama] 2026-10-10T19:29:42.737Z [WARN] Ücretsiz deneme başlatılamadı: Lisans servisine ulaşılamadı.
[uygulama] 2026-10-10T19:59:42.740Z [WARN] Ücretsiz deneme başlatılamadı: Lisans servisine ulaşılamadı.
2026-10-10T20:18:39.359Z [INFO] 9.0.1 sürümü indiriliyor (4769 KB)…
2026-10-10T20:18:39.623Z [INFO] Uygulama başlatılıyor (app/9.0.1, iç port 41905)
2026-10-10T20:18:40.062Z [INFO] Uygulama hazır: DestekOfis 9.0.1
2026-10-10T20:18:40.090Z [INFO] DestekOfis 9.0.1 sürümüne güncellendi (önceki 9.0.0).
[uygulama] 2026-10-10T20:18:43.057Z [WARN] Ücretsiz deneme başlatılamadı: Lisans servisine ulaşılamadı.
[uygulama] 2026-10-10T20:20:43.063Z [WARN] Ücretsiz deneme başlatılamadı: Lisans servisine ulaşılamadı.
[uygulama] 2026-10-10T20:30:43.068Z [WARN] Ücretsiz deneme başlatılamadı: Lisans servisine ulaşılamadı.
2026-10-10T20:33:48.683Z [INFO] Servis yöneticisi kapatılıyor…
