TAP version 13
# (node:19367) ExperimentalWarning: SQLite is an experimental feature and might change at any time
# (Use `node --trace-warnings ...` to show where the warning was created)
# Subtest: yedekleme
    # Subtest: çalışan veritabanının tutarlı kopyasını alır ve eski yedekleri temizler
    ok 1 - çalışan veritabanının tutarlı kopyasını alır ve eski yedekleri temizler
      ---
      duration_ms: 104.572324
      type: 'test'
      ...
    # Subtest: yeni yedekler sektörden bağımsız adla alınır; eski adlı yedekler tanınır ve zamanına göre sıralanır
    ok 2 - yeni yedekler sektörden bağımsız adla alınır; eski adlı yedekler tanınır ve zamanına göre sıralanır
      ---
      duration_ms: 43.103728
      type: 'test'
      ...
    # Subtest: veritabanı dosyası: yeni kurulumda destekofis.sqlite, eski kurulumda hukuk-ofisi.sqlite korunur
    ok 3 - veritabanı dosyası: yeni kurulumda destekofis.sqlite, eski kurulumda hukuk-ofisi.sqlite korunur
      ---
      duration_ms: 0.916991
      type: 'test'
      ...
    # Subtest: npm run backup aracı doğru klasörü kullanır (v1.0.0 hatası)
    ok 4 - npm run backup aracı doğru klasörü kullanır (v1.0.0 hatası)
      ---
      duration_ms: 193.127172
      type: 'test'
      ...
    # Subtest: npm run backup aracı düşerse adımı ve SQLite hata kodunu yazar, çıkış kodu 1
    ok 5 - npm run backup aracı düşerse adımı ve SQLite hata kodunu yazar, çıkış kodu 1
      ---
      duration_ms: 154.767352
      type: 'test'
      ...
    # Subtest: yönetici yedek alır, listeler ve indirir
    ok 6 - yönetici yedek alır, listeler ve indirir
      ---
      duration_ms: 75.740071
      type: 'test'
      ...
    # Subtest: sistem bilgisini döndürür
    ok 7 - sistem bilgisini döndürür
      ---
      duration_ms: 4.498703
      type: 'test'
      ...
    # Subtest: ofis adı kaydedilir, keşif bilgisine ve giriş ekranına yansır, geçmişe yazılır
    ok 8 - ofis adı kaydedilir, keşif bilgisine ve giriş ekranına yansır, geçmişe yazılır
      ---
      duration_ms: 15.999492
      type: 'test'
      ...
    1..8
ok 1 - yedekleme
  ---
  duration_ms: 961.67187
  type: 'suite'
  ...
# (node:19368) ExperimentalWarning: SQLite is an experimental feature and might change at any time
# (Use `node --trace-warnings ...` to show where the warning was created)
# Subtest: Drive'a yedek kaldırıldı — klasör kipi ayarı dolu eski kurulum
    # Subtest: kaldırılan uçlar 404: GET/POST /api/admin/backups/cloud ve POST …/cloud/test (yönetici ve oturumsuz)
    ok 1 - kaldırılan uçlar 404: GET/POST /api/admin/backups/cloud ve POST …/cloud/test (yönetici ve oturumsuz)
      ---
      duration_ms: 25.324312
      type: 'test'
      ...
    # Subtest: Şimdi Yedek Al — Tüm Şirketler ve Yalnız 001: yerel yedek alınır, Drive klasörüne dosya gitmez, yanıtta Drive alanı yok
    ok 2 - Şimdi Yedek Al — Tüm Şirketler ve Yalnız 001: yerel yedek alınır, Drive klasörüne dosya gitmez, yanıtta Drive alanı yok
      ---
      duration_ms: 489.37306
      type: 'test'
      ...
    # Subtest: veri yükleme öncesi yedek (001 ve 002): yerel yedek alınır, kopya yok
    ok 3 - veri yükleme öncesi yedek (001 ve 002): yerel yedek alınır, kopya yok
      ---
      duration_ms: 554.827552
      type: 'test'
      ...
    # Subtest: otomatik zamanlayıcı (son yedek 7 saat önce: zamanı gelmiş): iki şirket yedeklenir, kopya yok
    ok 4 - otomatik zamanlayıcı (son yedek 7 saat önce: zamanı gelmiş): iki şirket yedeklenir, kopya yok
      ---
      duration_ms: 462.312284
      type: 'test'
      ...
    # Subtest: Drive ayarı okunmaz, silinmez, değişmez (001 ve 002); gerçek zamanlayıcı ve bootstrap `yedek` de kopyalamaz
    ok 5 - Drive ayarı okunmaz, silinmez, değişmez (001 ve 002); gerçek zamanlayıcı ve bootstrap `yedek` de kopyalamaz
      ---
      duration_ms: 748.365298
      type: 'test'
      ...
    1..5
ok 2 - Drive'a yedek kaldırıldı — klasör kipi ayarı dolu eski kurulum
  ---
  duration_ms: 3040.191667
  type: 'suite'
  ...
# Subtest: Drive'a yedek kaldırıldı — bağlantı kipi ayarı dolu eski kurulum (sahte lisans servisi)
    # Subtest: Şimdi Yedek Al (Tüm + Yalnız) ve otomatik tur: yerel yedek var, servise ve Google'a tek istek yok; ayar ortak katmana taşınmaz
    ok 1 - Şimdi Yedek Al (Tüm + Yalnız) ve otomatik tur: yerel yedek var, servise ve Google'a tek istek yok; ayar ortak katmana taşınmaz
      ---
      duration_ms: 569.897585
      type: 'test'
      ...
    1..1
ok 3 - Drive'a yedek kaldırıldı — bağlantı kipi ayarı dolu eski kurulum (sahte lisans servisi)
  ---
  duration_ms: 1097.036374
  type: 'suite'
  ...
# (node:19374) ExperimentalWarning: SQLite is an experimental feature and might change at any time
# (Use `node --trace-warnings ...` to show where the warning was created)
# Subtest: kurulum sonrası sürüm etkinleştirme (bootstrap etkinlestir)
    # Subtest: ilk kurulumda kurulan sürümü etkinleştirir
    ok 1 - ilk kurulumda kurulan sürümü etkinleştirir
      ---
      duration_ms: 57.696115
      type: 'test'
      ...
    # Subtest: yükseltmede yeni sürümü etkinleştirir, öncekini saklar, daha eskileri siler
    ok 2 - yükseltmede yeni sürümü etkinleştirir, öncekini saklar, daha eskileri siler
      ---
      duration_ms: 67.336519
      type: 'test'
      ...
    # Subtest: otomatik güncellemeyle gelmiş daha yeni sürümü eski kurulum dosyası geri almaz
    ok 3 - otomatik güncellemeyle gelmiş daha yeni sürümü eski kurulum dosyası geri almaz
      ---
      duration_ms: 118.136426
      type: 'test'
      ...
    1..3
ok 4 - kurulum sonrası sürüm etkinleştirme (bootstrap etkinlestir)
  ---
  duration_ms: 244.557028
  type: 'suite'
  ...
# Subtest: Windows kurulum düzeni (bootstrap)
    # Subtest: bootstrap etkin sürümü açar; veri kurulum kökündeki data klasörüne yazılır
    ok 1 - bootstrap etkin sürümü açar; veri kurulum kökündeki data klasörüne yazılır
      ---
      duration_ms: 930.058364
      type: 'test'
      ...
    # uygulama alt süreci bootstrap kapandıktan 0 ms sonra kapandı (linux)
    # Subtest: 'surum' ve 'yedek' alt komutları çalışır
    ok 2 - 'surum' ve 'yedek' alt komutları çalışır
      ---
      duration_ms: 231.655972
      type: 'test'
      ...
    # Subtest: hizmet ÇALIŞIRKEN ve yazarken 'yedek' alınır; yedek bütün ve okunur
    ok 3 - hizmet ÇALIŞIRKEN ve yazarken 'yedek' alınır; yedek bütün ve okunur
      ---
      duration_ms: 964.638389
      type: 'test'
      ...
    # hizmet açıkken yedek 164 ms; bu sürede 4 giriş yazıldı
    # uygulama alt süreci bootstrap kapandıktan 0 ms sonra kapandı (linux)
    # Subtest: etkin sürüm açılamazsa önceki sürüme dönülür ve açılamayan sürüm işaretlenir
    ok 4 - etkin sürüm açılamazsa önceki sürüme dönülür ve açılamayan sürüm işaretlenir
      ---
      duration_ms: 771.912109
      type: 'test'
      ...
    # uygulama alt süreci bootstrap kapandıktan 0 ms sonra kapandı (linux)
    # Subtest: current.json bozuk veya olmayan sürümü gösteriyorsa kurulu en yeni sürümle açılır
    ok 5 - current.json bozuk veya olmayan sürümü gösteriyorsa kurulu en yeni sürümle açılır
      ---
      duration_ms: 759.14771
      type: 'test'
      ...
    # uygulama alt süreci bootstrap kapandıktan 0 ms sonra kapandı (linux)
    1..5
ok 5 - Windows kurulum düzeni (bootstrap)
  ---
  duration_ms: 3719.445573
  type: 'suite'
  ...
# Subtest: kurulum sonrası sağlık kontrolü (bootstrap saglik)
    # Subtest: sağlık ucu 200 dönünce hemen başarılı olur
    ok 1 - sağlık ucu 200 dönünce hemen başarılı olur
      ---
      duration_ms: 148.542171
      type: 'test'
      ...
    # Subtest: servis bakım yanıtı veriyorsa (açılışta güncelleme) çalışıyor sayılır
    ok 2 - servis bakım yanıtı veriyorsa (açılışta güncelleme) çalışıyor sayılır
      ---
      duration_ms: 2124.618537
      type: 'test'
      ...
    # Subtest: servis başlatılamadıysa veya hiç yanıt yoksa başarısız olur ve servis günlüğünü yazdırır
    ok 3 - servis başlatılamadıysa veya hiç yanıt yoksa başarısız olur ve servis günlüğünü yazdırır
      ---
      duration_ms: 4247.888602
      type: 'test'
      ...
    1..3
ok 6 - kurulum sonrası sağlık kontrolü (bootstrap saglik)
  ---
  duration_ms: 6523.851273
  type: 'suite'
  ...
1..6
# tests 25
# suites 6
# pass 25
# fail 0
# cancelled 0
# skipped 0
# todo 0
# duration_ms 10643.340685
