{"kip":"acik","deneme":1,"onkosul":true,"giris":200,"yazilan":7,"yazmaHatasi":0,"kod":0,"ms":213,"hata":null}
{"kip":"acik","deneme":2,"onkosul":true,"giris":200,"yazilan":7,"yazmaHatasi":0,"kod":0,"ms":198,"hata":null}
{"kip":"acik","deneme":3,"onkosul":true,"giris":200,"yazilan":9,"yazmaHatasi":0,"kod":0,"ms":259,"hata":null}
{"kip":"acik","deneme":4,"onkosul":true,"giris":200,"yazilan":7,"yazmaHatasi":0,"kod":0,"ms":290,"hata":null}
{"kip":"acik","deneme":5,"onkosul":true,"giris":200,"yazilan":6,"yazmaHatasi":0,"kod":0,"ms":206,"hata":null}
{"kip":"acik","deneme":6,"onkosul":true,"giris":200,"yazilan":6,"yazmaHatasi":0,"kod":0,"ms":296,"hata":null}
{"kip":"acik","deneme":7,"onkosul":true,"giris":200,"yazilan":5,"yazmaHatasi":0,"kod":0,"ms":278,"hata":null}
{"kip":"acik","deneme":8,"onkosul":true,"giris":200,"yazilan":7,"yazmaHatasi":0,"kod":0,"ms":184,"hata":null}
{"kip":"acik","deneme":9,"onkosul":true,"giris":200,"yazilan":8,"yazmaHatasi":0,"kod":0,"ms":222,"hata":null}
{"kip":"acik","deneme":10,"onkosul":true,"giris":200,"yazilan":7,"yazmaHatasi":0,"kod":0,"ms":179,"hata":null}
{"kip":"acik","deneme":11,"onkosul":true,"giris":200,"yazilan":8,"yazmaHatasi":0,"kod":0,"ms":261,"hata":null}
{"kip":"acik","deneme":12,"onkosul":true,"giris":200,"yazilan":7,"yazmaHatasi":0,"kod":0,"ms":190,"hata":null}
{"kip":"acik","deneme":13,"onkosul":true,"giris":200,"yazilan":6,"yazmaHatasi":0,"kod":0,"ms":234,"hata":null}
{"kip":"acik","deneme":14,"onkosul":true,"giris":200,"yazilan":7,"yazmaHatasi":0,"kod":0,"ms":201,"hata":null}
{"kip":"acik","deneme":15,"onkosul":true,"giris":200,"yazilan":7,"yazmaHatasi":0,"kod":0,"ms":196,"hata":null}
{"kip":"acik","deneme":16,"onkosul":true,"giris":200,"yazilan":8,"yazmaHatasi":0,"kod":0,"ms":198,"hata":null}
{"kip":"acik","deneme":17,"onkosul":true,"giris":200,"yazilan":7,"yazmaHatasi":0,"kod":0,"ms":192,"hata":null}
{"kip":"acik","deneme":18,"onkosul":true,"giris":200,"yazilan":7,"yazmaHatasi":0,"kod":0,"ms":221,"hata":null}
{"kip":"acik","deneme":19,"onkosul":true,"giris":200,"yazilan":7,"yazmaHatasi":0,"kod":0,"ms":203,"hata":null}
{"kip":"acik","deneme":20,"onkosul":true,"giris":200,"yazilan":7,"yazmaHatasi":0,"kod":0,"ms":279,"hata":null}
# acik: deneme 20 · onkosul 20 · basarisiz 0 (onkosullu basarisiz 0)
# deneme 20 · onkosul 20 · basarisiz 0
# tests 20
# pass 20
# fail 0
# cancelled 0
# skipped 0
# todo 0
