{"kip":"oksuz","deneme":1,"onkosul":true,"oldurmeOfseti":195,"kod":0,"ms":378,"hata":null}
{"kip":"oksuz","deneme":2,"onkosul":true,"oldurmeOfseti":241,"kod":0,"ms":241,"hata":null}
{"kip":"oksuz","deneme":3,"onkosul":true,"oldurmeOfseti":-56,"kod":0,"ms":232,"hata":null}
{"kip":"oksuz","deneme":4,"onkosul":true,"oldurmeOfseti":108,"kod":0,"ms":200,"hata":null}
{"kip":"oksuz","deneme":5,"onkosul":true,"oldurmeOfseti":-112,"kod":0,"ms":199,"hata":null}
{"kip":"oksuz","deneme":6,"onkosul":true,"oldurmeOfseti":-119,"kod":0,"ms":237,"hata":null}
{"kip":"oksuz","deneme":7,"onkosul":true,"oldurmeOfseti":81,"kod":0,"ms":205,"hata":null}
{"kip":"oksuz","deneme":8,"onkosul":true,"oldurmeOfseti":175,"kod":0,"ms":175,"hata":null}
{"kip":"oksuz","deneme":9,"onkosul":true,"oldurmeOfseti":-127,"kod":0,"ms":212,"hata":null}
{"kip":"oksuz","deneme":10,"onkosul":true,"oldurmeOfseti":-95,"kod":0,"ms":257,"hata":null}
{"kip":"oksuz","deneme":11,"onkosul":true,"oldurmeOfseti":-140,"kod":0,"ms":191,"hata":null}
{"kip":"oksuz","deneme":12,"onkosul":true,"oldurmeOfseti":257,"kod":0,"ms":267,"hata":null}
{"kip":"oksuz","deneme":13,"onkosul":true,"oldurmeOfseti":219,"kod":0,"ms":219,"hata":null}
{"kip":"oksuz","deneme":14,"onkosul":true,"oldurmeOfseti":-76,"kod":0,"ms":173,"hata":null}
{"kip":"oksuz","deneme":15,"onkosul":true,"oldurmeOfseti":-6,"kod":0,"ms":217,"hata":null}
{"kip":"oksuz","deneme":16,"onkosul":true,"oldurmeOfseti":216,"kod":0,"ms":216,"hata":null}
{"kip":"oksuz","deneme":17,"onkosul":true,"oldurmeOfseti":49,"kod":0,"ms":189,"hata":null}
{"kip":"oksuz","deneme":18,"onkosul":true,"oldurmeOfseti":176,"kod":0,"ms":176,"hata":null}
{"kip":"oksuz","deneme":19,"onkosul":true,"oldurmeOfseti":178,"kod":0,"ms":179,"hata":null}
{"kip":"oksuz","deneme":20,"onkosul":true,"oldurmeOfseti":73,"kod":0,"ms":200,"hata":null}
{"kip":"oksuz","deneme":21,"onkosul":true,"oldurmeOfseti":-116,"kod":0,"ms":170,"hata":null}
{"kip":"oksuz","deneme":22,"onkosul":true,"oldurmeOfseti":-110,"kod":0,"ms":220,"hata":null}
{"kip":"oksuz","deneme":23,"onkosul":true,"oldurmeOfseti":61,"kod":0,"ms":240,"hata":null}
{"kip":"oksuz","deneme":24,"onkosul":true,"oldurmeOfseti":83,"kod":0,"ms":210,"hata":null}
{"kip":"oksuz","deneme":25,"onkosul":true,"oldurmeOfseti":192,"kod":0,"ms":192,"hata":null}
{"kip":"oksuz","deneme":26,"onkosul":true,"oldurmeOfseti":244,"kod":0,"ms":244,"hata":null}
{"kip":"oksuz","deneme":27,"onkosul":true,"oldurmeOfseti":180,"kod":0,"ms":180,"hata":null}
{"kip":"oksuz","deneme":28,"onkosul":true,"oldurmeOfseti":241,"kod":0,"ms":241,"hata":null}
{"kip":"oksuz","deneme":29,"onkosul":true,"oldurmeOfseti":48,"kod":0,"ms":201,"hata":null}
{"kip":"oksuz","deneme":30,"onkosul":true,"oldurmeOfseti":198,"kod":0,"ms":198,"hata":null}
{"kip":"oksuz","deneme":31,"onkosul":true,"oldurmeOfseti":261,"kod":0,"ms":261,"hata":null}
{"kip":"oksuz","deneme":32,"onkosul":true,"oldurmeOfseti":-57,"kod":0,"ms":244,"hata":null}
{"kip":"oksuz","deneme":33,"onkosul":true,"oldurmeOfseti":-101,"kod":0,"ms":210,"hata":null}
{"kip":"oksuz","deneme":34,"onkosul":true,"oldurmeOfseti":29,"kod":0,"ms":210,"hata":null}
{"kip":"oksuz","deneme":35,"onkosul":true,"oldurmeOfseti":265,"kod":0,"ms":265,"hata":null}
{"kip":"oksuz","deneme":36,"onkosul":false,"oldurmeOfseti":261,"kod":0,"ms":253,"hata":null}
{"kip":"oksuz","deneme":37,"onkosul":true,"oldurmeOfseti":197,"kod":0,"ms":197,"hata":null}
{"kip":"oksuz","deneme":38,"onkosul":true,"oldurmeOfseti":197,"kod":0,"ms":197,"hata":null}
{"kip":"oksuz","deneme":39,"onkosul":true,"oldurmeOfseti":209,"kod":0,"ms":209,"hata":null}
{"kip":"oksuz","deneme":40,"onkosul":true,"oldurmeOfseti":171,"kod":0,"ms":171,"hata":null}
# oksuz: deneme 40 · onkosul 39 · basarisiz 0 (onkosullu basarisiz 0)
# deneme 40 · onkosul 39 · basarisiz 0
# tests 40
# pass 39
# fail 0
# cancelled 0
# skipped 1
# todo 0
