TAP version 13
# Subtest: K3 — Kasa elle hareketi istek kimliği (plan §7, §3.3/1, §3.10/1)
    # Subtest: B1: aynı kimlik + aynı içerik → 200 replayed, aynı id, tek satır; Kasa 788, 770 = 212
    ok 1 - B1: aynı kimlik + aynı içerik → 200 replayed, aynı id, tek satır; Kasa 788, 770 = 212
      ---
      duration_ms: 49.362977
      type: 'test'
      ...
    # Subtest: B2: aynı kimlik + farklı içerik (250) → 409 request-id-reused; satır yazılmaz
    ok 2 - B2: aynı kimlik + farklı içerik (250) → 409 request-id-reused; satır yazılmaz
      ---
      duration_ms: 14.518
      type: 'test'
      ...
    # Subtest: B3: aynı kimlikle iki istek AYNI ANDA → tek satır (biri yazar, öbürü onun sonucunu görür)
    ok 3 - B3: aynı kimlikle iki istek AYNI ANDA → tek satır (biri yazar, öbürü onun sonucunu görür)
      ---
      duration_ms: 39.160886
      type: 'test'
      ...
    # Subtest: B4: giriş yönünde aynı kimlik iki kez → tek giriş (Kasa ve 649 bir kez)
    ok 4 - B4: giriş yönünde aynı kimlik iki kez → tek giriş (Kasa ve 649 bir kez)
      ---
      duration_ms: 35.524639
      type: 'test'
      ...
    # Subtest: B5: kimliksiz iki aynı istek iki ayrı ödemedir (eski davranış: ikisi de yazılır)
    ok 5 - B5: kimliksiz iki aynı istek iki ayrı ödemedir (eski davranış: ikisi de yazılır)
      ---
      duration_ms: 48.496882
      type: 'test'
      ...
    # Subtest: Mutabakat Testi tamam
    ok 6 - Mutabakat Testi tamam
      ---
      duration_ms: 14.275523
      type: 'test'
      ...
    1..6
ok 1 - K3 — Kasa elle hareketi istek kimliği (plan §7, §3.3/1, §3.10/1)
  ---
  duration_ms: 592.520056
  type: 'suite'
  ...
1..1
# tests 6
# suites 1
# pass 6
# fail 0
# cancelled 0
# skipped 0
# todo 0
# duration_ms 1090.433101
