TAP version 13
# Subtest: K4 — Kasa'yı sıfırlayan nakit çıkışın yinelemesi (Uyar)
    # Subtest: B1: cari nakit ödemesi 100 (Kasa 100 → 0) aynı kimlikle yeniden → 200 replayed; Kasa 0, tek satır
    ok 1 - B1: cari nakit ödemesi 100 (Kasa 100 → 0) aynı kimlikle yeniden → 200 replayed; Kasa 0, tek satır
      ---
      duration_ms: 505.693294
      type: 'test'
      ...
    # Subtest: B10: Kasa 0 iken ödeme sorulur (409 cash-negative; ön denetim kaybolmadı); onayla (cashForce) yazılır; onaylı isteğin yinelemesi de yinelemedir
    ok 2 - B10: Kasa 0 iken ödeme sorulur (409 cash-negative; ön denetim kaybolmadı); onayla (cashForce) yazılır; onaylı isteğin yinelemesi de yinelemedir
      ---
      duration_ms: 380.773539
      type: 'test'
      ...
    # Subtest: B2: Kasadan Bankaya Yatır 50 (Kasa 50 → 0) aynı kimlikle yeniden → 200 replayed; tek transfer
    ok 3 - B2: Kasadan Bankaya Yatır 50 (Kasa 50 → 0) aynı kimlikle yeniden → 200 replayed; tek transfer
      ---
      duration_ms: 342.909421
      type: 'test'
      ...
    # Subtest: B5: Kasa elle çıkış 40 (Kasa 40 → 0) aynı kimlikle yeniden → 200 replayed
    ok 4 - B5: Kasa elle çıkış 40 (Kasa 40 → 0) aynı kimlikle yeniden → 200 replayed
      ---
      duration_ms: 344.974472
      type: 'test'
      ...
    # Subtest: B4: stok nakit alımı 3 × 10 (Kasa 30 → 0) aynı kimlikle yeniden → 200 replayed; stok 3
    ok 5 - B4: stok nakit alımı 3 × 10 (Kasa 30 → 0) aynı kimlikle yeniden → 200 replayed; stok 3
      ---
      duration_ms: 354.794748
      type: 'test'
      ...
    # Subtest: B6 (komşu): stoğu bitiren satış (3 → 0) aynı kimlikle yeniden → 200 replayed (409 stock-negative değil); stok 0
    ok 6 - B6 (komşu): stoğu bitiren satış (3 → 0) aynı kimlikle yeniden → 200 replayed (409 stock-negative değil); stok 0
      ---
      duration_ms: 420.407167
      type: 'test'
      ...
    # Subtest: B3 (komşu): taksit iadesi 80 (kartın net tahsilatı ve Kasa 80 → 0) aynı kimlikle yeniden → 200 replayed
    ok 7 - B3 (komşu): taksit iadesi 80 (kartın net tahsilatı ve Kasa 80 → 0) aynı kimlikle yeniden → 200 replayed
      ---
      duration_ms: 358.85834
      type: 'test'
      ...
    # Subtest: B8 (karşılaştırma): verilen çekin nakit ödemesi (Kasa 70 → 0) yeniden → 200 replayed (Kasa denetimi yazımın içinde)
    ok 8 - B8 (karşılaştırma): verilen çekin nakit ödemesi (Kasa 70 → 0) yeniden → 200 replayed (Kasa denetimi yazımın içinde)
      ---
      duration_ms: 415.192246
      type: 'test'
      ...
    1..8
ok 1 - K4 — Kasa'yı sıfırlayan nakit çıkışın yinelemesi (Uyar)
  ---
  duration_ms: 3126.753853
  type: 'suite'
  ...
# Subtest: K4 — Engelle politikasında yineleme
    # Subtest: B7: Kasa Engelle; cari nakit ödemesi Kasa'yı 0'a indirir; aynı kimlikle yeniden → 200 replayed (409 cash-blocked değil)
    ok 1 - B7: Kasa Engelle; cari nakit ödemesi Kasa'yı 0'a indirir; aynı kimlikle yeniden → 200 replayed (409 cash-blocked değil)
      ---
      duration_ms: 57.060701
      type: 'test'
      ...
    1..1
ok 2 - K4 — Engelle politikasında yineleme
  ---
  duration_ms: 295.072159
  type: 'suite'
  ...
# Subtest: K4 — karşılaştırma: banka hesabında aynı durum (K7 bank.post adım 8)
    # Subtest: B9: havale ödemesi hesabı 100 → 0 indirir; aynı kimlikle yeniden → 200 replayed
    ok 1 - B9: havale ödemesi hesabı 100 → 0 indirir; aynı kimlikle yeniden → 200 replayed
      ---
      duration_ms: 53.172987
      type: 'test'
      ...
    1..1
ok 3 - K4 — karşılaştırma: banka hesabında aynı durum (K7 bank.post adım 8)
  ---
  duration_ms: 355.962125
  type: 'suite'
  ...
1..3
# tests 10
# suites 3
# pass 10
# fail 0
# cancelled 0
# skipped 0
# todo 0
# duration_ms 4198.521152
