TAP version 13
# Subtest: K7 (a) — KMH limiti yalnız Vadesiz'de (kart ve kredi limiti kendi türünde)
    # Subtest: N1: Ticari, Diğer, Vadeli ve Döviz hesaba KMH → 400 bank-limit; hesap açılmaz
    ok 1 - N1: Ticari, Diğer, Vadeli ve Döviz hesaba KMH → 400 bank-limit; hesap açılmaz
      ---
      duration_ms: 30.709538
      type: 'test'
      ...
    # Subtest: N2: var olan Ticari hesabı PUT ile KMH'li yapmak → 400; limit 0 kalır
    ok 2 - N2: var olan Ticari hesabı PUT ile KMH'li yapmak → 400; limit 0 kalır
      ---
      duration_ms: 61.792943
      type: 'test'
      ...
    # Subtest: N5: Vadesiz KMH, Kurumsal Kredi Kartı limiti ve Kredi Hesabı limiti → 200 (limit saklanır)
    ok 3 - N5: Vadesiz KMH, Kurumsal Kredi Kartı limiti ve Kredi Hesabı limiti → 200 (limit saklanır)
      ---
      duration_ms: 77.218851
      type: 'test'
      ...
    1..3
ok 1 - K7 (a) — KMH limiti yalnız Vadesiz'de (kart ve kredi limiti kendi türünde)
  ---
  duration_ms: 565.757556
  type: 'suite'
  ...
# Subtest: K7 (b) — Vadesiz → Ticari çevrilince KMH sıfırlanır (gizli KMH Engelle'yi atlatmaz)
    # Subtest: N4: tür Ticari + creditLimit birlikte → 400 bank-limit; hesap Vadesiz ve KMH'li kalır
    ok 1 - N4: tür Ticari + creditLimit birlikte → 400 bank-limit; hesap Vadesiz ve KMH'li kalır
      ---
      duration_ms: 7.330832
      type: 'test'
      ...
    # Subtest: N3: Düzenle'de tür Ticari (ekranın gövdesi: creditLimit yok) → KMH 0; Engelle'de 12.529,50 Diğer Gider → 409, hesap 0 kalır
    ok 2 - N3: Düzenle'de tür Ticari (ekranın gövdesi: creditLimit yok) → KMH 0; Engelle'de 12.529,50 Diğer Gider → 409, hesap 0 kalır
      ---
      duration_ms: 41.523856
      type: 'test'
      ...
    1..2
ok 2 - K7 (b) — Vadesiz → Ticari çevrilince KMH sıfırlanır (gizli KMH Engelle'yi atlatmaz)
  ---
  duration_ms: 344.561684
  type: 'suite'
  ...
1..2
# tests 5
# suites 2
# pass 5
# fail 0
# cancelled 0
# skipped 0
# todo 0
# duration_ms 1361.802079
