TAP version 13
# Subtest: K8 (a) — Kredi Kullanımı'nın Ters Kaydet ve Düzelt'inde ret metni işleme uygun
    # Subtest: N1a: ödenmiş kredinin kullanımı Ters Kaydet → 409 bank-loan-exceeds; metin Kredi Kullanımı'nın ters kaydını anlatır; hiçbir şey yazılmaz
    ok 1 - N1a: ödenmiş kredinin kullanımı Ters Kaydet → 409 bank-loan-exceeds; metin Kredi Kullanımı'nın ters kaydını anlatır; hiçbir şey yazılmaz
      ---
      duration_ms: 16.380153
      type: 'test'
      ...
    # Subtest: N1b: kullanımı 400'e Düzelt → 409 bank-loan-exceeds; metin Kredi Kullanımı'nın düzeltilmesini anlatır
    ok 2 - N1b: kullanımı 400'e Düzelt → 409 bank-loan-exceeds; metin Kredi Kullanımı'nın düzeltilmesini anlatır
      ---
      duration_ms: 16.347582
      type: 'test'
      ...
    # Subtest: N4a: kalan borcu aşan geri ödeme → 409, metin yine geri ödemeyi anlatır (değişmedi)
    ok 3 - N4a: kalan borcu aşan geri ödeme → 409, metin yine geri ödemeyi anlatır (değişmedi)
      ---
      duration_ms: 9.459276
      type: 'test'
      ...
    1..3
ok 1 - K8 (a) — Kredi Kullanımı'nın Ters Kaydet ve Düzelt'inde ret metni işleme uygun
  ---
  duration_ms: 628.229705
  type: 'suite'
  ...
# Subtest: K8 (b) — geri ödeme işlem günündeki kalan borcu aşamaz (plan §3.9 yaklaşımı)
    # Subtest: N2: kullanım 07.10, geri ödeme 03.10 → 409 bank-loan-exceeds (03.10'da kalan borç 0); 05.10 mizanında 300 = 0
    ok 1 - N2: kullanım 07.10, geri ödeme 03.10 → 409 bank-loan-exceeds (03.10'da kalan borç 0); 05.10 mizanında 300 = 0
      ---
      duration_ms: 17.777847
      type: 'test'
      ...
    # Subtest: N4b: aynı gün (07.10) geri ödeme → 200; kredi 0
    ok 2 - N4b: aynı gün (07.10) geri ödeme → 200; kredi 0
      ---
      duration_ms: 25.91309
      type: 'test'
      ...
    1..2
ok 2 - K8 (b) — geri ödeme işlem günündeki kalan borcu aşamaz (plan §3.9 yaklaşımı)
  ---
  duration_ms: 385.200894
  type: 'suite'
  ...
# Subtest: K8 (c) — kredi hesabında Açılışı Düzelt ödenen anaparanın altına inemez
    # Subtest: N3: açılış borcu 5.000 → 3.000 (5.000 ödenmiş) → 409 bank-loan-exceeds; açılış ve bakiye değişmez
    ok 1 - N3: açılış borcu 5.000 → 3.000 (5.000 ödenmiş) → 409 bank-loan-exceeds; açılış ve bakiye değişmez
      ---
      duration_ms: 15.821027
      type: 'test'
      ...
    # Subtest: N4c: açılış borcunu 6.000'e büyüt → 200; kalan borç 1.000
    ok 2 - N4c: açılış borcunu 6.000'e büyüt → 200; kalan borç 1.000
      ---
      duration_ms: 22.589265
      type: 'test'
      ...
    1..2
ok 3 - K8 (c) — kredi hesabında Açılışı Düzelt ödenen anaparanın altına inemez
  ---
  duration_ms: 388.113908
  type: 'suite'
  ...
1..3
# tests 7
# suites 3
# pass 7
# fail 0
# cancelled 0
# skipped 0
# todo 0
# duration_ms 1853.97342
