TAP version 13
# Subtest: Aşama 4 — Banka Fişi: çalışıyor mu (masraf, faiz, diğer, kart, kredi; bağımsız modelle)
    # Subtest: 1–4: masraf BSMV Dahil / Hariç / Yok ve POS komisyonu; hesap masraf türüne göre (770 / 653)
    ok 1 - 1–4: masraf BSMV Dahil / Hariç / Yok ve POS komisyonu; hesap masraf türüne göre (770 / 653)
      ---
      duration_ms: 205.282895
      type: 'test'
      ...
    # Subtest: 5–6: KDV'li masraf tek işlemde gider faturası + havale; cari 0; fatura Ödendi; KDV raporu 191 = 20
    ok 2 - 5–6: KDV'li masraf tek işlemde gider faturası + havale; cari 0; fatura Ödendi; KDV raporu 191 = 20
      ---
      duration_ms: 210.338727
      type: 'test'
      ...
    # Subtest: 7–9: faiz geliri (stopaj 193), faiz gideri (780), diğer gelir (649) ve gider (659)
    ok 3 - 7–9: faiz geliri (stopaj 193), faiz gideri (780), diğer gelir (649) ve gider (659)
      ---
      duration_ms: 134.291813
      type: 'test'
      ...
    # Subtest: 10–11: kart borcu ödemesi (309) ve kredi kullanımı / geri ödemesi (300); iç hareket
    ok 4 - 10–11: kart borcu ödemesi (309) ve kredi kullanımı / geri ödemesi (300); iç hareket
      ---
      duration_ms: 129.99872
      type: 'test'
      ...
    # Subtest: İşlem Kartı: İşlem No ya da kimlikle; satırların adları; bağlar; işlem geçmişi
    ok 5 - İşlem Kartı: İşlem No ya da kimlikle; satırların adları; bağlar; işlem geçmişi
      ---
      duration_ms: 13.080853
      type: 'test'
      ...
    1..5
ok 1 - Aşama 4 — Banka Fişi: çalışıyor mu (masraf, faiz, diğer, kart, kredi; bağımsız modelle)
  ---
  duration_ms: 1284.481439
  type: 'suite'
  ...
# Subtest: Aşama 4 — Banka Fişi: nasıl bozarım
    # Subtest: tutar: eksi, sıfır, 1e13, 3 ondalık, 0,005, boş, metin → 400; stopaj oranı / tutarı sınır dışı → 400; hiçbir satır yazılmaz
    ok 1 - tutar: eksi, sıfır, 1e13, 3 ondalık, 0,005, boş, metin → 400; stopaj oranı / tutarı sınır dışı → 400; hiçbir satır yazılmaz
      ---
      duration_ms: 35.014348
      type: 'test'
      ...
    # Subtest: tarih: ileri 400, kilitli 409, hesabın açılışından önce 409
    ok 2 - tarih: ileri 400, kilitli 409, hesabın açılışından önce 409
      ---
      duration_ms: 46.229347
      type: 'test'
      ...
    # Subtest: hesap: yok, pasif, döviz, kredi hesabından ödeme, kart/vadeli hesaba masraf, yanlış karşı hesap, aynı hesap → 404/400
    ok 3 - hesap: yok, pasif, döviz, kredi hesabından ödeme, kart/vadeli hesaba masraf, yanlış karşı hesap, aynı hesap → 404/400
      ---
      duration_ms: 155.367392
      type: 'test'
      ...
    # Subtest: tür ve vergi: tanınmayan / bu uçtan girilmeyen tür, tanınmayan vergi kipi ve masraf türü, KDV'de cari ve fatura no zorunlu → 400
    ok 4 - tür ve vergi: tanınmayan / bu uçtan girilmeyen tür, tanınmayan vergi kipi ve masraf türü, KDV'de cari ve fatura no zorunlu → 400
      ---
      duration_ms: 65.345005
      type: 'test'
      ...
    # Subtest: beyaz liste: diğer gelire 770, diğer gidere 642, yasak hesaplar → 400; elle fiş kapalıyken 409, açıkken fx_gain'e 656 / 320 / dengesiz → 400
    ok 5 - beyaz liste: diğer gelire 770, diğer gidere 642, yasak hesaplar → 400; elle fiş kapalıyken 409, açıkken fx_gain'e 656 / 320 / dengesiz → 400
      ---
      duration_ms: 108.748967
      type: 'test'
      ...
    # Subtest: yetki: personel 403; bank.move kaldırılan 403; kredi bank.transfer, KDV'li masraf invoices.manage ister; avukat masraf girer
    ok 6 - yetki: personel 403; bank.move kaldırılan 403; kredi bank.transfer, KDV'li masraf invoices.manage ister; avukat masraf girer
      ---
      duration_ms: 443.721318
      type: 'test'
      ...
    # Subtest: başka şirketin hesabı (?hofCompany=) 404; şirketler ayrı
    ok 7 - başka şirketin hesabı (?hofCompany=) 404; şirketler ayrı
      ---
      duration_ms: 158.665772
      type: 'test'
      ...
    1..7
ok 2 - Aşama 4 — Banka Fişi: nasıl bozarım
  ---
  duration_ms: 1451.588471
  type: 'suite'
  ...
# Subtest: Aşama 4 — Banka Fişi: salt okunur lisans
    # Subtest: salt okunur lisans: fiş yazımı 403 LICENSE_READ_ONLY
    ok 1 - salt okunur lisans: fiş yazımı 403 LICENSE_READ_ONLY
      ---
      duration_ms: 244.935652
      type: 'test'
      ...
    # Subtest: boş şirket: hareketler, plan listesi, masraf raporu, fiş meta 200 ve boş
    ok 2 - boş şirket: hareketler, plan listesi, masraf raporu, fiş meta 200 ve boş
      ---
      duration_ms: 344.106308
      type: 'test'
      ...
    1..2
ok 3 - Aşama 4 — Banka Fişi: salt okunur lisans
  ---
  duration_ms: 589.601265
  type: 'suite'
  ...
1..3
# tests 14
# suites 3
# pass 14
# fail 0
# cancelled 0
# skipped 0
# todo 0
# duration_ms 3872.197513
