TAP version 13
# Subtest: Doğrulama Kapısı — beklenen liste ↔ CI adımları
    # Subtest: ci.yml'de koşan her kanıt kaydı kapının --beklenen listesinde, listede koşmayan ad yok
    ok 1 - ci.yml'de koşan her kanıt kaydı kapının --beklenen listesinde, listede koşmayan ad yok
      ---
      duration_ms: 2.683884
      type: 'test'
      ...
    # Subtest: yayın iş akışı CI'nin koştuğu her arayüz senaryosunu koşar
    ok 2 - yayın iş akışı CI'nin koştuğu her arayüz senaryosunu koşar
      ---
      duration_ms: 1.727743
      type: 'test'
      ...
    1..2
ok 1 - Doğrulama Kapısı — beklenen liste ↔ CI adımları
  ---
  duration_ms: 5.744961
  type: 'suite'
  ...
1..1
# tests 2
# suites 1
# pass 2
# fail 0
# cancelled 0
# skipped 0
# todo 0
# duration_ms 106.436821
