TAP version 13
# Subtest: Doğrulama Kapısı — beklenen liste ↔ CI adımları
    # Subtest: ci.yml'de koşan her kanıt kaydı kapının --beklenen listesinde, listede koşmayan ad yok
    not ok 1 - ci.yml'de koşan her kanıt kaydı kapının --beklenen listesinde, listede koşmayan ad yok
      ---
      duration_ms: 5.092561
      type: 'test'
      location: '/home/user/ofis---y-netimi/test/ci-kapi-listesi.test.mjs:38:3'
      failureType: 'testCodeFailure'
      error: |-
        CI'de koşuyor ama kapı beklemiyor (koşmasa fark edilmez): e2e-senaryo-banka-210b
        + actual - expected
        
        + [
        +   'e2e-senaryo-banka-210b'
        + ]
        - []
        
      code: 'ERR_ASSERTION'
      name: 'AssertionError'
      expected:
      actual:
        0: 'e2e-senaryo-banka-210b'
      operator: 'deepStrictEqual'
      stack: |-
        TestContext.<anonymous> (file:///home/user/ofis---y-netimi/test/ci-kapi-listesi.test.mjs:46:12)
        Test.runInAsyncScope (node:async_hooks:214:14)
        Test.run (node:internal/test_runner/test:1047:25)
        Test.start (node:internal/test_runner/test:944:17)
        node:internal/test_runner/test:1440:71
        node:internal/per_context/primordials:464:82
        new Promise (<anonymous>)
        new SafePromise (node:internal/per_context/primordials:433:3)
        node:internal/per_context/primordials:464:9
        Array.map (<anonymous>)
      ...
    # Subtest: yayın iş akışı CI'nin koştuğu her arayüz senaryosunu koşar
    ok 2 - yayın iş akışı CI'nin koştuğu her arayüz senaryosunu koşar
      ---
      duration_ms: 0.529859
      type: 'test'
      ...
    1..2
not ok 1 - Doğrulama Kapısı — beklenen liste ↔ CI adımları
  ---
  duration_ms: 7.527623
  type: 'suite'
  location: '/home/user/ofis---y-netimi/test/ci-kapi-listesi.test.mjs:37:1'
  failureType: 'subtestsFailed'
  error: '1 subtest failed'
  code: 'ERR_TEST_FAILURE'
  ...
1..1
# tests 2
# suites 1
# pass 1
# fail 1
# cancelled 0
# skipped 0
# todo 0
# duration_ms 142.003364
