TAP version 13
# Subtest: yazım düzeni: başlıklarda her sözcüğün ilk harfi büyük
    # Subtest: arayüz dosyalarında kurala uymayan ad yok
    ok 1 - arayüz dosyalarında kurala uymayan ad yok
      ---
      duration_ms: 99.874406
      type: 'test'
      ...
    # Subtest: rapor, PDF ve Excel başlıklarında kurala uymayan ad yok
    ok 2 - rapor, PDF ve Excel başlıklarında kurala uymayan ad yok
      ---
      duration_ms: 49.878874
      type: 'test'
      ...
    1..2
ok 1 - yazım düzeni: başlıklarda her sözcüğün ilk harfi büyük
  ---
  duration_ms: 151.222099
  type: 'suite'
  ...
1..1
# tests 2
# suites 1
# pass 2
# fail 0
# cancelled 0
# skipped 0
# todo 0
# duration_ms 315.464635
