TAP version 13
# (node:12681) ExperimentalWarning: SQLite is an experimental feature and might change at any time
# (Use `node --trace-warnings ...` to show where the warning was created)
# Subtest: m2 Vade Takip kaynak adları: istemci sunucuyla aynı (fatura dahil)
    # Subtest: sunucunun her kaynağının istemcide adı var; 'invoice' adı PDF/Excel'deki gibi
    ok 1 - sunucunun her kaynağının istemcide adı var; 'invoice' adı PDF/Excel'deki gibi
      ---
      duration_ms: 2.164399
      type: 'test'
      ...
    1..1
ok 1 - m2 Vade Takip kaynak adları: istemci sunucuyla aynı (fatura dahil)
  ---
  duration_ms: 3.400063
  type: 'suite'
  ...
# Subtest: m6 + m7 Nakit Akış PDF alt başlığı ve Vade Takip banka satırı yetkisi (gerçek v2.0.23 verisi)
    # Subtest: ön koşul: yönetici Vade Takip'te nakit ve hesapsız eski banka satırını görür (bağımsız defter)
    ok 1 - ön koşul: yönetici Vade Takip'te nakit ve hesapsız eski banka satırını görür (bağımsız defter)
      ---
      duration_ms: 10.671266
      type: 'test'
      ...
    # Subtest: m7 API: banka yetkisiz kişi Kasa satırını görür, hesapsız eski banka satırını görmez (süzgeçli ve süzgeçsiz)
    ok 2 - m7 API: banka yetkisiz kişi Kasa satırını görür, hesapsız eski banka satırını görmez (süzgeçli ve süzgeçsiz)
      ---
      duration_ms: 28.288132
      type: 'test'
      ...
    # Subtest: m7 PDF ve Excel: banka yetkisiz kişinin dışa aktarımında da eski banka satırı yok
    ok 3 - m7 PDF ve Excel: banka yetkisiz kişinin dışa aktarımında da eski banka satırı yok
      ---
      duration_ms: 45.251369
      type: 'test'
      ...
    # Subtest: m7 aşırı düzeltme yok: banka yetkili avukat eski banka satırını görür; Nakit Akış ucu banka yetkisiz kişiye kapalı kalır
    ok 4 - m7 aşırı düzeltme yok: banka yetkili avukat eski banka satırını görür; Nakit Akış ucu banka yetkisiz kişiye kapalı kalır
      ---
      duration_ms: 8.218287
      type: 'test'
      ...
    # Subtest: m6 Nakit Akış PDF alt başlığı kesilmez (başlangıç tanımı tam)
    ok 5 - m6 Nakit Akış PDF alt başlığı kesilmez (başlangıç tanımı tam)
      ---
      duration_ms: 47.992924
      type: 'test'
      ...
    1..5
ok 2 - m6 + m7 Nakit Akış PDF alt başlığı ve Vade Takip banka satırı yetkisi (gerçek v2.0.23 verisi)
  ---
  duration_ms: 1162.789797
  type: 'suite'
  ...
1..2
# tests 6
# suites 2
# pass 6
# fail 0
# cancelled 0
# skipped 0
# todo 0
# duration_ms 1576.392824
