TAP version 13
# Subtest: K2 · hakemin en küçük senaryosu (birebir sayılar; kâhin A = B)
    # Subtest: [K2] adım 272: kurumsal kart yokken kart yolunda vadesiz B1 → 400 bank-account-invalid; hiçbir satır yazılmaz
    ok 1 - [K2] adım 272: kurumsal kart yokken kart yolunda vadesiz B1 → 400 bank-account-invalid; hiçbir satır yazılmaz
      ---
      duration_ms: 30.61692
      type: 'test'
      ...
    # Subtest: [K3][K17] k1–k4: kart açılır; 100 (KK verilerek), alış faturası 240 peşin kartla (KK), 50 hesapsız (tek kart) → hepsi KK'ya bağlı
    ok 2 - [K3][K17] k1–k4: kart açılır; 100 (KK verilerek), alış faturası 240 peşin kartla (KK), 50 hesapsız (tek kart) → hepsi KK'ya bağlı
      ---
      duration_ms: 324.0521
      type: 'test'
      ...
    # Subtest: [K21] sayılar (elle): 309.01 alacak 390 · KK −390 · 108.00 = 0 · 320 +150 · 191 = 40 · 770 = 200 · Kart ve Kredi Borcu 390 · Hesabı Atanmamış 0
    ok 3 - [K21] sayılar (elle): 309.01 alacak 390 · KK −390 · 108.00 = 0 · 320 +150 · 191 = 40 · 770 = 200 · Kart ve Kredi Borcu 390 · Hesabı Atanmamış 0
      ---
      duration_ms: 201.966902
      type: 'test'
      ...
    # Subtest: [K21] raporlar: Banka Bakiye (Kart ve Kredi Borcu) KK satırı Çıkış 390 / Dönem Sonu −390; Banka ve POS Hareketleri'nde kart ödemesi yok; mizan raporları 309
    ok 4 - [K21] raporlar: Banka Bakiye (Kart ve Kredi Borcu) KK satırı Çıkış 390 / Dönem Sonu −390; Banka ve POS Hareketleri'nde kart ödemesi yok; mizan raporları 309
      ---
      duration_ms: 119.172179
      type: 'test'
      ...
    1..4
ok 1 - K2 · hakemin en küçük senaryosu (birebir sayılar; kâhin A = B)
  ---
  duration_ms: 2138.595383
  type: 'suite'
  ...
# Subtest: K2 · hakemin tanı senaryosu: Kart Borcu Ödemesi, kart limiti, iki kart
    # Subtest: [K13] 100 kartla ödeme → KK −100; Kart Borcu Ödemesi (B1 → KK) 100 → KK 0 (ters bakiye yok), B1 86.286,39, 309.01 0
    ok 1 - [K13] 100 kartla ödeme → KK −100; Kart Borcu Ödemesi (B1 → KK) 100 → KK 0 (ters bakiye yok), B1 86.286,39, 309.01 0
      ---
      duration_ms: 309.324969
      type: 'test'
      ...
    # Subtest: [K7] limit 20.000: 25.000 → 409 (kart limiti); tam 20.000 → 200; 0,01 fazlası 409; Yine de Kaydet 200; Engelle'de onayla da 409
    ok 2 - [K7] limit 20.000: 25.000 → 409 (kart limiti); tam 20.000 → 200; 0,01 fazlası 409; Yine de Kaydet 200; Engelle'de onayla da 409
      ---
      duration_ms: 159.093243
      type: 'test'
      ...
    # Subtest: [K13][K7] Kart Borcu Ödemesi Ters Kaydet: kart borcu geri gelir; limit aşılıyorsa kartta sorulur (Yine de Kaydet ile)
    ok 3 - [K13][K7] Kart Borcu Ödemesi Ters Kaydet: kart borcu geri gelir; limit aşılıyorsa kartta sorulur (Yine de Kaydet ile)
      ---
      duration_ms: 247.7221
      type: 'test'
      ...
    # Subtest: [K4] ikinci kurumsal kart (KK2): hesapsız kart ödemesi → 400 bank-account-required (alan bankAccountId); KK2 verilince KK2'ye
    ok 4 - [K4] ikinci kurumsal kart (KK2): hesapsız kart ödemesi → 400 bank-account-required (alan bankAccountId); KK2 verilince KK2'ye
      ---
      duration_ms: 100.27208
      type: 'test'
      ...
    1..4
ok 2 - K2 · hakemin tanı senaryosu: Kart Borcu Ödemesi, kart limiti, iki kart
  ---
  duration_ms: 1700.153501
  type: 'suite'
  ...
# Subtest: K2 · kart yokken, yanlış tür, pasif kart, POS yolu ve yetki
    # Subtest: [K1][K16] kart yokken: hesapsız kartla ödeme 108.00'a (fin_ref ''); bank.move'suz muhasebe de öder (bugünkü gibi)
    ok 1 - [K1][K16] kart yokken: hesapsız kartla ödeme 108.00'a (fin_ref ''); bank.move'suz muhasebe de öder (bugünkü gibi)
      ---
      duration_ms: 100.764076
      type: 'test'
      ...
    # Subtest: [K5] kart yolunda vadeli ya da kredi hesabı → 400 bank-account-invalid; bilinmeyen kimlik → 404; havale yolunda kart hesabı → 400
    ok 2 - [K5] kart yolunda vadeli ya da kredi hesabı → 400 bank-account-invalid; bilinmeyen kimlik → 404; havale yolunda kart hesabı → 400
      ---
      duration_ms: 145.109773
      type: 'test'
      ...
    # Subtest: [K6] pasif kart verilirse 400; tek etkin kart kalınca hesapsız ödeme ona gider
    ok 3 - [K6] pasif kart verilirse 400; tek etkin kart kalınca hesapsız ödeme ona gider
      ---
      duration_ms: 178.937368
      type: 'test'
      ...
    # Subtest: [K15] POS tahsilatı değişmez: kart tanımlıyken cari tahsilat (POS) 108.00'a; POS yolunda hesap kimliği → 400 bank-account-invalid
    ok 4 - [K15] POS tahsilatı değişmez: kart tanımlıyken cari tahsilat (POS) 108.00'a; POS yolunda hesap kimliği → 400 bank-account-invalid
      ---
      duration_ms: 63.721953
      type: 'test'
      ...
    # Subtest: [K16] bank.move'suz muhasebe: kart tanımlıyken kartla ödeme 403 bank-permission; satır yazılmaz
    ok 5 - [K16] bank.move'suz muhasebe: kart tanımlıyken kartla ödeme 403 bank-permission; satır yazılmaz
      ---
      duration_ms: 319.867245
      type: 'test'
      ...
    1..5
ok 3 - K2 · kart yokken, yanlış tür, pasif kart, POS yolu ve yetki
  ---
  duration_ms: 2047.84982
  type: 'suite'
  ...
# Subtest: K2 · düzelt, sil → geri yükle, pasif kart, eşleşmiş satır, eski bağsız satır
    # Subtest: [K10] kart tanımlanmadan girilmiş bağsız satır: yalnız açıklama → bağsız; tutar değişirse iki kartta 400, KK seçilince bağlanır
    ok 1 - [K10] kart tanımlanmadan girilmiş bağsız satır: yalnız açıklama → bağsız; tutar değişirse iki kartta 400, KK seçilince bağlanır
      ---
      duration_ms: 83.486265
      type: 'test'
      ...
    # Subtest: [K9][K7] tutar artışı limiti aşarsa 409 (Yine de Kaydet geçer); KK → KK2 taşıma KK2'nin limitinde sorulur
    ok 2 - [K9][K7] tutar artışı limiti aşarsa 409 (Yine de Kaydet geçer); KK → KK2 taşıma KK2'nin limitinde sorulur
      ---
      duration_ms: 250.330139
      type: 'test'
      ...
    # Subtest: [K9] yol değişimi: kart → havale (B1) → kart (KK) → nakit; her adımda kart, banka ve Kasa
    ok 3 - [K9] yol değişimi: kart → havale (B1) → kart (KK) → nakit; her adımda kart, banka ve Kasa
      ---
      duration_ms: 436.686785
      type: 'test'
      ...
    # Subtest: [K11][K6] sil → geri yükle: bağ korunur; pasif kartta silme ve geri yükleme 400; limit aşılıyorsa geri yüklemede sorulur
    ok 4 - [K11][K6] sil → geri yükle: bağ korunur; pasif kartta silme ve geri yükleme 400; limit aşılıyorsa geri yüklemede sorulur
      ---
      duration_ms: 307.198476
      type: 'test'
      ...
    # Subtest: [K12] ekstreyle eşleşmiş kart ödemesi: düzelt ve sil 409 bank-reconciled
    ok 5 - [K12] ekstreyle eşleşmiş kart ödemesi: düzelt ve sil 409 bank-reconciled
      ---
      duration_ms: 27.96845
      type: 'test'
      ...
    1..5
ok 4 - K2 · düzelt, sil → geri yükle, pasif kart, eşleşmiş satır, eski bağsız satır
  ---
  duration_ms: 2025.39747
  type: 'suite'
  ...
# Subtest: K2 · alış faturası, alıştan iade, stok alımı; POS yolları değişmez
    # Subtest: [K17] alış faturası iki kartta kart seçilmeden → 400 bank-account-required (alan 1. peşin satırın hesabı); belge yazılmaz
    ok 1 - [K17] alış faturası iki kartta kart seçilmeden → 400 bank-account-required (alan 1. peşin satırın hesabı); belge yazılmaz
      ---
      duration_ms: 8.976213
      type: 'test'
      ...
    # Subtest: [K17] alış faturası 600 peşin kartla (KK) → KK −600; Düzenle'de KK2'ye taşınır (olay yenilenir, numara aynı)
    ok 2 - [K17] alış faturası 600 peşin kartla (KK) → KK −600; Düzenle'de KK2'ye taşınır (olay yenilenir, numara aynı)
      ---
      duration_ms: 207.403462
      type: 'test'
      ...
    # Subtest: [K17] alıştan iade kurumsal karta (2 adet, 240): seçimsiz 400; KK2'ye → KK2 −360 (309 düşer); iade iptali ve alış iptali kartı sıfırlar
    ok 3 - [K17] alıştan iade kurumsal karta (2 adet, 240): seçimsiz 400; KK2'ye → KK2 −360 (309 düşer); iade iptali ve alış iptali kartı sıfırlar
      ---
      duration_ms: 244.973303
      type: 'test'
      ...
    # Subtest: [K18] stok peşin alımı kartla (KK) → KK −100; müşteri iadesi kartla POS iadesi (bağsız; hesap verilirse 400)
    ok 4 - [K18] stok peşin alımı kartla (KK) → KK −100; müşteri iadesi kartla POS iadesi (bağsız; hesap verilirse 400)
      ---
      duration_ms: 175.649908
      type: 'test'
      ...
    # Subtest: [K15] POS yolları değişmez: satış peşini, satıştan iade, stok satışı, taksit ve kayıt tahsilatı kartla → hepsi bağsız (108.00)
    ok 5 - [K15] POS yolları değişmez: satış peşini, satıştan iade, stok satışı, taksit ve kayıt tahsilatı kartla → hepsi bağsız (108.00)
      ---
      duration_ms: 526.776205
      type: 'test'
      ...
    1..5
ok 5 - K2 · alış faturası, alıştan iade, stok alımı; POS yolları değişmez
  ---
  duration_ms: 2383.308847
  type: 'suite'
  ...
# Subtest: K2 · Benzer İşlem, istek kimliği, eşzamanlı limit, açılış öncesi tarih, Kart Borcuna Aktar
    # Subtest: [K14] Kart Borcuna Aktar eski satırı taşır (108.00 0, KK −400); yeni bağlı kart ödemesi havuza girmez (409 bank-legacy-exceeds)
    ok 1 - [K14] Kart Borcuna Aktar eski satırı taşır (108.00 0, KK −400); yeni bağlı kart ödemesi havuza girmez (409 bank-legacy-exceeds)
      ---
      duration_ms: 167.153278
      type: 'test'
      ...
    # Subtest: [K19] Benzer İşlem: aynı gün, aynı kart, aynı cari, aynı tutar → 409 bank-similar; Yine de Kaydet geçer; istek kimliği tek satır
    ok 2 - [K19] Benzer İşlem: aynı gün, aynı kart, aynı cari, aynı tutar → 409 bank-similar; Yine de Kaydet geçer; istek kimliği tek satır
      ---
      duration_ms: 121.912224
      type: 'test'
      ...
    # Subtest: [K20] kartın açılışından (05.10) önceki tarih → 409 bank-before-opening
    ok 3 - [K20] kartın açılışından (05.10) önceki tarih → 409 bank-before-opening
      ---
      duration_ms: 3.241844
      type: 'test'
      ...
    # Subtest: [K8] aynı anda iki 300'lük ödeme (kalan limit 350): biri 200, öbürü 409; kart limiti delinmez
    ok 4 - [K8] aynı anda iki 300'lük ödeme (kalan limit 350): biri 200, öbürü 409; kart limiti delinmez
      ---
      duration_ms: 61.337025
      type: 'test'
      ...
    1..4
ok 6 - K2 · Benzer İşlem, istek kimliği, eşzamanlı limit, açılış öncesi tarih, Kart Borcuna Aktar
  ---
  duration_ms: 1219.372667
  type: 'suite'
  ...
# Subtest: Aşama 15 — yetki matrisi: banka uçları ve bankaya bağlı modül uçları × 6 rol
    # Subtest: kapsam: server/routes/bank.mjs'teki her uç matriste (yeni uç → matrise eklenmeli)
    ok 1 - kapsam: server/routes/bank.mjs'teki her uç matriste (yeni uç → matrise eklenmeli)
      ---
      duration_ms: 8.587676
      type: 'test'
      ...
    # Subtest: banka uçları × yonetici
    ok 2 - banka uçları × yonetici
      ---
      duration_ms: 1808.746623
      type: 'test'
      ...
    # Subtest: bankaya bağlı modül uçları × yonetici
    ok 3 - bankaya bağlı modül uçları × yonetici
      ---
      duration_ms: 1087.287277
      type: 'test'
      ...
    # Subtest: banka uçları × avukat
    ok 4 - banka uçları × avukat
      ---
      duration_ms: 1941.709497
      type: 'test'
      ...
    # Subtest: bankaya bağlı modül uçları × avukat
    ok 5 - bankaya bağlı modül uçları × avukat
      ---
      duration_ms: 1269.574731
      type: 'test'
      ...
    # Subtest: banka uçları × muhasebe
    ok 6 - banka uçları × muhasebe
      ---
      duration_ms: 2241.610177
      type: 'test'
      ...
    # Subtest: bankaya bağlı modül uçları × muhasebe
    ok 7 - bankaya bağlı modül uçları × muhasebe
      ---
      duration_ms: 722.198205
      type: 'test'
      ...
    # Subtest: banka uçları × personel
    ok 8 - banka uçları × personel
      ---
      duration_ms: 1211.05645
      type: 'test'
      ...
    # Subtest: bankaya bağlı modül uçları × personel
    ok 9 - bankaya bağlı modül uçları × personel
      ---
      duration_ms: 723.737097
      type: 'test'
      ...
    # Subtest: banka uçları × ozel
    ok 10 - banka uçları × ozel
      ---
      duration_ms: 1022.843371
      type: 'test'
      ...
    # Subtest: bankaya bağlı modül uçları × ozel
    ok 11 - bankaya bağlı modül uçları × ozel
      ---
      duration_ms: 921.714332
      type: 'test'
      ...
    # Subtest: banka uçları × kaldirilmis
    ok 12 - banka uçları × kaldirilmis
      ---
      duration_ms: 1270.432823
      type: 'test'
      ...
    # Subtest: bankaya bağlı modül uçları × kaldirilmis
    ok 13 - bankaya bağlı modül uçları × kaldirilmis
      ---
      duration_ms: 870.455452
      type: 'test'
      ...
# [yetki-matrisi] hücre 336 (izinli 197, izinsiz 139) — 42 banka ucu durumu + 14 modül ucu × 6 rol
    # Subtest: Y1: kendi girdiği havale tahsilatı (cari, kayıt, taksit): sil → bank.cancel; nakde çevir / başka hesaba taşı → bank.move; açıklama herkese açık
    ok 14 - Y1: kendi girdiği havale tahsilatı (cari, kayıt, taksit): sil → bank.cancel; nakde çevir / başka hesaba taşı → bank.move; açıklama herkese açık
      ---
      duration_ms: 4259.298632
      type: 'test'
      ...
    # Subtest: özet: matris hücre sayısı; Mutabakat Testi tutarlı
    ok 15 - özet: matris hücre sayısı; Mutabakat Testi tutarlı
      ---
      duration_ms: 27.921756
      type: 'test'
      ...
    1..15
ok 7 - Aşama 15 — yetki matrisi: banka uçları ve bankaya bağlı modül uçları × 6 rol
  ---
  duration_ms: 22638.535539
  type: 'suite'
  ...
# Subtest: Aşama 15 — Y3–Y6: eşzamanlılık (iki kullanıcı), ödeme yönünde istek kimliği, kredi/kart hesabından ödeme, şirket ayrımı
    # Subtest: Y3: iki ayrı muhasebe kullanıcısı (iki oturum, iki bağlantı) aynı anda Engelle'deki Garanti'den XYZ ve KLM'ye 40.000 → biri 200, öbürü 409 bank-blocked
    ok 1 - Y3: iki ayrı muhasebe kullanıcısı (iki oturum, iki bağlantı) aynı anda Engelle'deki Garanti'den XYZ ve KLM'ye 40.000 → biri 200, öbürü 409 bank-blocked
      ---
      duration_ms: 595.673132
      type: 'test'
      ...
    # Subtest: Y4: ödeme yönünde aynı istek kimliği iki kez → tek satır, ikinci yanıt replayed (cari ödeme, alış faturası peşini, çek ödemesi)
    ok 2 - Y4: ödeme yönünde aynı istek kimliği iki kez → tek satır, ikinci yanıt replayed (cari ödeme, alış faturası peşini, çek ödemesi)
      ---
      duration_ms: 277.775376
      type: 'test'
      ...
    # Subtest: Y5: kredi, vadeli ve kurumsal kart hesabından cari ödemesi → 400 bank-account-invalid; hiçbir şey yazılmaz
    ok 3 - Y5: kredi, vadeli ve kurumsal kart hesabından cari ödemesi → 400 bank-account-invalid; hiçbir şey yazılmaz
      ---
      duration_ms: 178.619778
      type: 'test'
      ...
    # Subtest: Y6: ?hofCompany= — yetkisiz şirket 403; başka şirketin hesabı 404; 002'deki işlem 001'i değiştirmez
    ok 4 - Y6: ?hofCompany= — yetkisiz şirket 403; başka şirketin hesabı 404; 002'deki işlem 001'i değiştirmez
      ---
      duration_ms: 652.213571
      type: 'test'
      ...
    1..4
ok 8 - Aşama 15 — Y3–Y6: eşzamanlılık (iki kullanıcı), ödeme yönünde istek kimliği, kredi/kart hesabından ödeme, şirket ayrımı
  ---
  duration_ms: 2465.14535
  type: 'suite'
  ...
# [yetki-matrisi] previous denetlenen banka audit türü: 3
# Subtest: Aşama 15 — Y2: salt okunur lisansta bankaya bağlı modül havale uçları 403 LICENSE_READ_ONLY
    # Subtest: veri girilmiş şirket salt okunur açılır: cari/kayıt/taksit/stok/çek/fatura/Kasa ↔ Banka/transfer yazımı 403; okuma 200; hiçbir şey değişmez
    ok 1 - veri girilmiş şirket salt okunur açılır: cari/kayıt/taksit/stok/çek/fatura/Kasa ↔ Banka/transfer yazımı 403; okuma 200; hiçbir şey değişmez
      ---
      duration_ms: 993.98841
      type: 'test'
      ...
    1..1
ok 9 - Aşama 15 — Y2: salt okunur lisansta bankaya bağlı modül havale uçları 403 LICENSE_READ_ONLY
  ---
  duration_ms: 994.936723
  type: 'suite'
  ...
# Subtest: Aşama 15 — Y7: previous alanı olmayan audit (statik tarama)
    # Subtest: bank.post'a op 'update' | 'delete' | 'move' | 'restore' | 'assign' ile giden her çağrı prev taşır (bank.post prev'siz çağrıyı zaten reddeder; burada kaynakta)
    ok 1 - bank.post'a op 'update' | 'delete' | 'move' | 'restore' | 'assign' ile giden her çağrı prev taşır (bank.post prev'siz çağrıyı zaten reddeder; burada kaynakta)
      ---
      duration_ms: 16.31718
      type: 'test'
      ...
    # Subtest: banka rotalarındaki düzeltme/silme/ters kayıt audit kayıtları previous yazar (kaynak: lib/bank/*.mjs)
    ok 2 - banka rotalarındaki düzeltme/silme/ters kayıt audit kayıtları previous yazar (kaynak: lib/bank/*.mjs)
      ---
      duration_ms: 2.513352
      type: 'test'
      ...
    1..2
ok 10 - Aşama 15 — Y7: previous alanı olmayan audit (statik tarama)
  ---
  duration_ms: 19.041239
  type: 'suite'
  ...
1..10
# tests 49
# suites 10
# pass 49
# fail 0
# cancelled 0
# skipped 0
# todo 0
# duration_ms 27479.055284
