YAKALANDI  rh taban bölme                   FAILED (failures=8)
YAKALANDI  BSMV hariç oranı                 FAILED (failures=1)
YAKALANDI  transfer ücreti BSMV'siz         FAILED (failures=1)
YAKALANDI  FIFO ters sıra                   FAILED (failures=1)
YAKALANDI  eksi: yalnız Bh(d)               FAILED (errors=1)
YAKALANDI  eksi: limit yok                  FAILED (failures=2)
YAKALANDI  tek hesap kendiliğinden değil    FAILED (failures=10)
YAKALANDI  benzer kapalı                    FAILED (failures=1)
YAKALANDI  iade KDV yönü                    FAILED (failures=2)
YAKALANDI  Kasa açılışı 649                 FAILED (failures=1)
YAKALANDI  ters tarihi hep asıl             FAILED (failures=1)
YAKALANDI  birim fiyattan yuvarlama         FAILED (failures=2)
YAKALANDI  BELİRSİZ-7 yok                   FAILED (failures=1)
YAKALANDI  iade sınırı yok                  FAILED (errors=1)
YAKALANDI  personel transfer serbest        FAILED (errors=1)
YAKALANDI  açılış düzelt eşit gün           FAILED (failures=1)
YAKALANDI  kilit sınır günü                 FAILED (failures=1)
YAKALANDI  açılış öncesi kuralı yok         FAILED (failures=1)
YAKALANDI  stopaj netten düşmez             FAILED (failures=1)
YAKALANDI  istek kimliği yinelemesi yok     FAILED (failures=2)
YAKALANDI  kart odenen silinmişi sayar      FAILED (errors=1)
YAKALANDI  engelle uyar gibi                FAILED (failures=1)
toplam 22 yakalanan 22 kaçan []
