TAP version 13
# Subtest: Doğrulama Kapısı — beklenen liste ↔ CI adımları
    # Subtest: ci.yml'de koşan her kanıt kaydı kapının --beklenen listesinde, listede koşmayan ad yok
    ok 1 - ci.yml'de koşan her kanıt kaydı kapının --beklenen listesinde, listede koşmayan ad yok
      ---
      duration_ms: 3.70568
      type: 'test'
      ...
    # Subtest: yayın iş akışı CI'nin koştuğu her arayüz senaryosunu koşar
    ok 2 - yayın iş akışı CI'nin koştuğu her arayüz senaryosunu koşar
      ---
      duration_ms: 0.344401
      type: 'test'
      ...
    1..2
ok 1 - Doğrulama Kapısı — beklenen liste ↔ CI adımları
  ---
  duration_ms: 5.026887
  type: 'suite'
  ...
# Subtest: Uzun Doğrulama Kapısı — beklenen liste ↔ matris
    # Subtest: mutabakat ve güvenilirlik matrislerinin her kaydı kapıda bekleniyor, fazlası yok; plan alt sınırı karşılanıyor
    not ok 1 - mutabakat ve güvenilirlik matrislerinin her kaydı kapıda bekleniyor, fazlası yok; plan alt sınırı karşılanıyor
      ---
      duration_ms: 2.359156
      type: 'test'
      location: '/home/user/ofis---y-netimi/test/ci-kapi-listesi.test.mjs:95:3'
      failureType: 'testCodeFailure'
      error: |-
        koşuyor ama kapı beklemiyor
        + actual - expected
        
        + [
        +   'guvenilirlik-windows-latest-bos-tohum1'
        + ]
        - []
        
      code: 'ERR_ASSERTION'
      name: 'AssertionError'
      expected:
      actual:
        0: 'guvenilirlik-windows-latest-bos-tohum1'
      operator: 'deepStrictEqual'
      stack: |-
        TestContext.<anonymous> (file:///home/user/ofis---y-netimi/test/ci-kapi-listesi.test.mjs:98:12)
        Test.runInAsyncScope (node:async_hooks:214:14)
        Test.run (node:internal/test_runner/test:1047:25)
        Test.start (node:internal/test_runner/test:944:17)
        node:internal/test_runner/test:1440:71
        node:internal/per_context/primordials:464:82
        new Promise (<anonymous>)
        new SafePromise (node:internal/per_context/primordials:433:3)
        node:internal/per_context/primordials:464:9
        Array.map (<anonymous>)
      ...
    1..1
not ok 2 - Uzun Doğrulama Kapısı — beklenen liste ↔ matris
  ---
  duration_ms: 2.521828
  type: 'suite'
  location: '/home/user/ofis---y-netimi/test/ci-kapi-listesi.test.mjs:61:1'
  failureType: 'subtestsFailed'
  error: '1 subtest failed'
  code: 'ERR_TEST_FAILURE'
  ...
1..2
# tests 3
# suites 2
# pass 2
# fail 1
# cancelled 0
# skipped 0
# todo 0
# duration_ms 112.758337
