TAP version 13
# Subtest: Doğrulama Kapısı — beklenen liste ↔ CI adımları
    # Subtest: ci.yml'de koşan her kanıt kaydı kapının --beklenen listesinde, listede koşmayan ad yok
    ok 1 - ci.yml'de koşan her kanıt kaydı kapının --beklenen listesinde, listede koşmayan ad yok
      ---
      duration_ms: 8.221713
      type: 'test'
      ...
    # Subtest: yayın iş akışı CI'nin koştuğu her arayüz senaryosunu koşar
    ok 2 - yayın iş akışı CI'nin koştuğu her arayüz senaryosunu koşar
      ---
      duration_ms: 0.363258
      type: 'test'
      ...
    1..2
ok 1 - Doğrulama Kapısı — beklenen liste ↔ CI adımları
  ---
  duration_ms: 10.034903
  type: 'suite'
  ...
# Subtest: Uzun Doğrulama Kapısı — beklenen liste ↔ matris
    # Subtest: mutabakat ve güvenilirlik matrislerinin her kaydı kapıda bekleniyor, fazlası yok; plan alt sınırı karşılanıyor
    ok 1 - mutabakat ve güvenilirlik matrislerinin her kaydı kapıda bekleniyor, fazlası yok; plan alt sınırı karşılanıyor
      ---
      duration_ms: 2.547643
      type: 'test'
      ...
    1..1
ok 2 - Uzun Doğrulama Kapısı — beklenen liste ↔ matris
  ---
  duration_ms: 2.720735
  type: 'suite'
  ...
1..2
# tests 3
# suites 2
# pass 3
# fail 0
# cancelled 0
# skipped 0
# todo 0
# duration_ms 348.826058
