TAP version 13
# Subtest: Y1 — yalnız büyük/küçük harf farkıyla ad değişince silinmiş şirketin yedek klasörü verilmez
    # Subtest: A silinir, B aynı kod + küçük harfli adla açılır, B'nin adı A'nın yazımına çevrilir → B'nin klasörü A'nınki değil; A'nın yedekleri yerinde, B'ninkiler B'de
    ok 1 - A silinir, B aynı kod + küçük harfli adla açılır, B'nin adı A'nın yazımına çevrilir → B'nin klasörü A'nınki değil; A'nın yedekleri yerinde, B'ninkiler B'de
      ---
      duration_ms: 1172.63432
      type: 'test'
      ...
    1..1
ok 1 - Y1 — yalnız büyük/küçük harf farkıyla ad değişince silinmiş şirketin yedek klasörü verilmez
  ---
  duration_ms: 1947.021783
  type: 'suite'
  ...
1..1
# tests 1
# suites 1
# pass 1
# fail 0
# cancelled 0
# skipped 0
# todo 0
# duration_ms 2614.731118
