TAP version 13
# Subtest: Y2 — fazla tahsilatlı kartta iade iptali kartı faturanın açığına kadar büyütür
    # Subtest: satış 3.000 (peşin 1.000, taksit 2.000) → iade 2.400 → karta 500 tahsilat → iade İptal Et: açık 1.500 = kartın kalanı 1.500 = cari bakiye
    ok 1 - satış 3.000 (peşin 1.000, taksit 2.000) → iade 2.400 → karta 500 tahsilat → iade İptal Et: açık 1.500 = kartın kalanı 1.500 = cari bakiye
      ---
      duration_ms: 580.395651
      type: 'test'
      ...
    1..1
ok 1 - Y2 — fazla tahsilatlı kartta iade iptali kartı faturanın açığına kadar büyütür
  ---
  duration_ms: 1443.489719
  type: 'suite'
  ...
1..1
# tests 1
# suites 1
# pass 1
# fail 0
# cancelled 0
# skipped 0
# todo 0
# duration_ms 2320.68293
