TAP version 13
# Subtest: R1 — iade geri ödemesi fatura kapamada (açık fatura + kart kalanı = cari bakiye)
    # Subtest: R1a: geri ödeme NAKİT → açık satış 120 Açık kalır (Vadesi Geçti); Açık Faturalar ve Yaşlandırma 120 = cari bakiye
    ok 1 - R1a: geri ödeme NAKİT → açık satış 120 Açık kalır (Vadesi Geçti); Açık Faturalar ve Yaşlandırma 120 = cari bakiye
      ---
      duration_ms: 605.210956
      type: 'test'
      ...
    # Subtest: R1b: geri ödeme HAVALE (Garanti, hesaba bağlı) → aynı sonuç; Garanti 50.000 + 1.200 − 1.200
    ok 2 - R1b: geri ödeme HAVALE (Garanti, hesaba bağlı) → aynı sonuç; Garanti 50.000 + 1.200 − 1.200
      ---
      duration_ms: 484.560453
      type: 'test'
      ...
    # Subtest: R1c: KISMİ geri ödeme (500 / 1.200) → iade alacağından artan 700 açık satışı kapatır (FIFO), 580 müşterinin alacağı; açık 0
    ok 3 - R1c: KISMİ geri ödeme (500 / 1.200) → iade alacağından artan 700 açık satışı kapatır (FIFO), 580 müşterinin alacağı; açık 0
      ---
      duration_ms: 392.572689
      type: 'test'
      ...
    # Subtest: R1d: aynı cariye açık ALIŞ faturası (500) varken müşteriye iade geri ödemesi alış faturasını ÖDEMEZ (hayalet ödeme yok)
    ok 4 - R1d: aynı cariye açık ALIŞ faturası (500) varken müşteriye iade geri ödemesi alış faturasını ÖDEMEZ (hayalet ödeme yok)
      ---
      duration_ms: 450.698767
      type: 'test'
      ...
    # Subtest: R1e: simetrik — alıştan iadenin tedarikçiden GERİ ALINAN parası aynı cariye kesilmiş açık SATIŞ faturasını kapatmaz
    ok 5 - R1e: simetrik — alıştan iadenin tedarikçiden GERİ ALINAN parası aynı cariye kesilmiş açık SATIŞ faturasını kapatmaz
      ---
      duration_ms: 454.542776
      type: 'test'
      ...
    1..5
ok 1 - R1 — iade geri ödemesi fatura kapamada (açık fatura + kart kalanı = cari bakiye)
  ---
  duration_ms: 2389.753342
  type: 'suite'
  ...
# Subtest: R2 — Gider Raporu (Türüne Göre): her gider türü ayrı satır; KDV'li banka masrafı "Banka Masrafları"
    # Subtest: aynı ayda Kira 2.000, Elektrik 300 ve KDV'li banka masrafı 100 → üç satır, doğru adlar ve tutarlar; toplam 2.400
    ok 1 - aynı ayda Kira 2.000, Elektrik 300 ve KDV'li banka masrafı 100 → üç satır, doğru adlar ve tutarlar; toplam 2.400
      ---
      duration_ms: 129.77528
      type: 'test'
      ...
    1..1
ok 2 - R2 — Gider Raporu (Türüne Göre): her gider türü ayrı satır; KDV'li banka masrafı "Banka Masrafları"
  ---
  duration_ms: 388.568909
  type: 'suite'
  ...
# Subtest: 2.0.23 Bulgu 2: taksit kartı ↔ fatura kapama
    # Subtest: A: önce fatura, sonra ayrı kart — kartın tahsilatı faturayı kapatmaz
    ok 1 - A: önce fatura, sonra ayrı kart — kartın tahsilatı faturayı kapatmaz
      ---
      duration_ms: 200.561033
      type: 'test'
      ...
    # Subtest: B: önce kart, sonra fatura — cari kartından alınan tahsilat faturaya sayılır, kaybolmaz
    ok 2 - B: önce kart, sonra fatura — cari kartından alınan tahsilat faturaya sayılır, kaybolmaz
      ---
      duration_ms: 152.181605
      type: 'test'
      ...
    # Subtest: C: fatura hiç ödenmedi, kart tamamen ödendi — fatura 'Ödendi' görünmez
    ok 3 - C: fatura hiç ödenmedi, kart tamamen ödendi — fatura 'Ödendi' görünmez
      ---
      duration_ms: 115.49467
      type: 'test'
      ...
    # Subtest: G: ayrı kartı kapatmak (kalanı silmek) ödenmemiş faturayı kapatmaz
    ok 4 - G: ayrı kartı kapatmak (kalanı silmek) ödenmemiş faturayı kapatmaz
      ---
      duration_ms: 90.887079
      type: 'test'
      ...
    # Subtest: ayrı kartın borcunu aşan tahsilat artanı faturaya sayılır (para kaybolmaz)
    ok 5 - ayrı kartın borcunu aşan tahsilat artanı faturaya sayılır (para kaybolmaz)
      ---
      duration_ms: 73.789421
      type: 'test'
      ...
    # Subtest: D: Mevcut Borç kartına bölünen fatura — fatura ve kart tutarlı; yaşlandırma, nakit akış, vade takip ve takvim bir kez sayar
    ok 6 - D: Mevcut Borç kartına bölünen fatura — fatura ve kart tutarlı; yaşlandırma, nakit akış, vade takip ve takvim bir kez sayar
      ---
      duration_ms: 112.922159
      type: 'test'
      ...
    # Subtest: D (çok cari): 12 caride Mevcut Borç kartı — toplu bakiye yolu da her borcu bir kez sayar
    ok 7 - D (çok cari): 12 caride Mevcut Borç kartı — toplu bakiye yolu da her borcu bir kez sayar
      ---
      duration_ms: 1002.635136
      type: 'test'
      ...
    # Subtest: E: taksitli fatura + cari kartından bağsız tahsilat — fatura açığı = kendi kartının kalanı
    ok 8 - E: taksitli fatura + cari kartından bağsız tahsilat — fatura açığı = kendi kartının kalanı
      ---
      duration_ms: 79.925621
      type: 'test'
      ...
    # Subtest: F: taksitli faturaya 'Kapatılacak Fatura' bağı reddedilir; liste taksitli faturayı ayırt eder
    ok 9 - F: taksitli faturaya 'Kapatılacak Fatura' bağı reddedilir; liste taksitli faturayı ayırt eder
      ---
      duration_ms: 53.616935
      type: 'test'
      ...
    # Subtest: taksitli fatura kendi kartından tahsil edilince fatura da kapanır (eski davranış korunur)
    ok 10 - taksitli fatura kendi kartından tahsil edilince fatura da kapanır (eski davranış korunur)
      ---
      duration_ms: 65.299032
      type: 'test'
      ...
    # Subtest: Bulgu 4: Banka ve POS Hareketleri raporunda Yol süzgeci uygulanır
    ok 11 - Bulgu 4: Banka ve POS Hareketleri raporunda Yol süzgeci uygulanır
      ---
      duration_ms: 97.148032
      type: 'test'
      ...
    1..11
ok 3 - 2.0.23 Bulgu 2: taksit kartı ↔ fatura kapama
  ---
  duration_ms: 2580.257569
  type: 'suite'
  ...
# Subtest: 2.0.23 Bulgu 2: kapama kuralı (saf fonksiyon)
    # Subtest: taksitli faturaya cari kartından bağ (eski veri) yok sayılır; fatura kendi kartının tahsilatıyla kapanır
    ok 1 - taksitli faturaya cari kartından bağ (eski veri) yok sayılır; fatura kendi kartının tahsilatıyla kapanır
      ---
      duration_ms: 0.555464
      type: 'test'
      ...
    # Subtest: ayrı kartın satırları fatura sırasına girmez; artan ödeme havuza düşer
    ok 2 - ayrı kartın satırları fatura sırasına girmez; artan ödeme havuza düşer
      ---
      duration_ms: 0.255728
      type: 'test'
      ...
    1..2
ok 4 - 2.0.23 Bulgu 2: kapama kuralı (saf fonksiyon)
  ---
  duration_ms: 0.948215
  type: 'suite'
  ...
# Subtest: 2.0.23: PDF özet kutusunda uzun başlık kesilmez
    # Subtest: Kasa Hareketleri gibi 6 kutulu özette 'Güncel Kasa (tüm hareketler)' iki satıra iner, '…' ile kesilmez
    ok 1 - Kasa Hareketleri gibi 6 kutulu özette 'Güncel Kasa (tüm hareketler)' iki satıra iner, '…' ile kesilmez
      ---
      duration_ms: 15.298059
      type: 'test'
      ...
    # Subtest: dar kutuda (8 kutu, dikey) uzun sözcük harf ortasından bölünmez: küçülür ya da tireyle bölünür (gözden geçirme)
    ok 2 - dar kutuda (8 kutu, dikey) uzun sözcük harf ortasından bölünmez: küçülür ya da tireyle bölünür (gözden geçirme)
      ---
      duration_ms: 4.890615
      type: 'test'
      ...
    1..2
ok 5 - 2.0.23: PDF özet kutusunda uzun başlık kesilmez
  ---
  duration_ms: 20.504955
  type: 'suite'
  ...
# Subtest: 2.0.23 gözden geçirme: kapamanın kalan yolları
    # Subtest: \#2: Mevcut Borç kartından SONRA kesilen fatura karta bölünmüş sayılmaz (Alacak Yaz)
    ok 1 - \#2: Mevcut Borç kartından SONRA kesilen fatura karta bölünmüş sayılmaz (Alacak Yaz)
      ---
      duration_ms: 121.455595
      type: 'test'
      ...
    # Subtest: \#2: Mevcut Borç kartından SONRA kesilen fatura karta bölünmüş sayılmaz (alış faturası)
    ok 2 - \#2: Mevcut Borç kartından SONRA kesilen fatura karta bölünmüş sayılmaz (alış faturası)
      ---
      duration_ms: 121.939018
      type: 'test'
      ...
    # Subtest: \#4: stoktan taksitli satışın kartı tahsil edilince ilgisiz eski fatura 'Ödendi' olmaz
    ok 3 - \#4: stoktan taksitli satışın kartı tahsil edilince ilgisiz eski fatura 'Ödendi' olmaz
      ---
      duration_ms: 207.735577
      type: 'test'
      ...
    # Subtest: D (peşinatlı): peşinatı alınmış fatura Mevcut Borç kartına bölünür; fatura açığı = kart kalanı
    ok 4 - D (peşinatlı): peşinatı alınmış fatura Mevcut Borç kartına bölünür; fatura açığı = kart kalanı
      ---
      duration_ms: 85.466484
      type: 'test'
      ...
    # Subtest: \#9: taksitli faturanın kendi kartında taksit iadesi faturayı da yeniden açar
    ok 5 - \#9: taksitli faturanın kendi kartında taksit iadesi faturayı da yeniden açar
      ---
      duration_ms: 91.789823
      type: 'test'
      ...
    # Subtest: \#9: faturanın kendi taksit kartının tutarı Taksitler'den değiştirilemez (fatura ile kart ayrışmasın)
    ok 6 - \#9: faturanın kendi taksit kartının tutarı Taksitler'den değiştirilemez (fatura ile kart ayrışmasın)
      ---
      duration_ms: 60.272719
      type: 'test'
      ...
    # Subtest: \#5: taksitli fatura mahsup edilemez (fatura ile kendi kartı ayrışmasın)
    ok 7 - \#5: taksitli fatura mahsup edilemez (fatura ile kendi kartı ayrışmasın)
      ---
      duration_ms: 59.909932
      type: 'test'
      ...
    # Subtest: \#6: eski veride taksitli faturaya bağlı cari tahsilatı düzeltilebilir (bağ değişmeden)
    ok 8 - \#6: eski veride taksitli faturaya bağlı cari tahsilatı düzeltilebilir (bağ değişmeden)
      ---
      duration_ms: 111.831805
      type: 'test'
      ...
    # Subtest: \#7: kısmen ödenmiş açık fatura sonradan taksitlendirilemez; neden ve doğru yol söylenir
    ok 9 - \#7: kısmen ödenmiş açık fatura sonradan taksitlendirilemez; neden ve doğru yol söylenir
      ---
      duration_ms: 74.731152
      type: 'test'
      ...
    # Subtest: 2. tur: kapsanan fatura iptal edilince kartın kapsamı eski, ödenmiş faturaya kaymaz
    ok 10 - 2. tur: kapsanan fatura iptal edilince kartın kapsamı eski, ödenmiş faturaya kaymaz
      ---
      duration_ms: 140.105501
      type: 'test'
      ...
    # Subtest: 2. tur: kapsanan fatura düzenlenip küçülünce kapsam ödenmiş faturaya kaymaz
    ok 11 - 2. tur: kapsanan fatura düzenlenip küçülünce kapsam ödenmiş faturaya kaymaz
      ---
      duration_ms: 173.13367
      type: 'test'
      ...
    # Subtest: 2. tur: kapsanan Borç Yaz silinince kapsam ödenmiş faturaya kaymaz
    ok 12 - 2. tur: kapsanan Borç Yaz silinince kapsam ödenmiş faturaya kaymaz
      ---
      duration_ms: 115.441039
      type: 'test'
      ...
    # Subtest: 2. tur: geriye tarihli borç girilince kart, açık kalan faturayı kapsar; tahsilat başka faturaya kaymaz
    ok 13 - 2. tur: geriye tarihli borç girilince kart, açık kalan faturayı kapsar; tahsilat başka faturaya kaymaz
      ---
      duration_ms: 162.911902
      type: 'test'
      ...
    # Subtest: 2. tur: peşin ödenmiş yeni fatura varken kart, açık eski faturayı kapsar (yaşlandırmada bir kez)
    ok 14 - 2. tur: peşin ödenmiş yeni fatura varken kart, açık eski faturayı kapsar (yaşlandırmada bir kez)
      ---
      duration_ms: 179.195768
      type: 'test'
      ...
    # Subtest: 2. tur: Otomatik Dağıt Mevcut Borç kartını carinin borcundan büyütemez (Düzenle'deki denetim)
    ok 15 - 2. tur: Otomatik Dağıt Mevcut Borç kartını carinin borcundan büyütemez (Düzenle'deki denetim)
      ---
      duration_ms: 205.68112
      type: 'test'
      ...
    # Subtest: 2. tur: Otomatik Dağıt faturanın kendi taksit kartının tutarını değiştiremez
    ok 16 - 2. tur: Otomatik Dağıt faturanın kendi taksit kartının tutarını değiştiremez
      ---
      duration_ms: 122.536711
      type: 'test'
      ...
    # Subtest: 2. tur: Otomatik Dağıt kilitli dönemdeki yeni borç kartının tutarını değiştiremez
    ok 17 - 2. tur: Otomatik Dağıt kilitli dönemdeki yeni borç kartının tutarını değiştiremez
      ---
      duration_ms: 91.281907
      type: 'test'
      ...
    # Subtest: 2. tur \#1: taksitleri girilmemiş ('Şimdilik yok') Mevcut Borç kartında borç birleşik listelerden düşmez
    ok 18 - 2. tur \#1: taksitleri girilmemiş ('Şimdilik yok') Mevcut Borç kartında borç birleşik listelerden düşmez
      ---
      duration_ms: 67.190414
      type: 'test'
      ...
    # Subtest: 2. tur \#1: elle tek taksit (500) girilen 2.000'lik kartta kalan 1.500 faturada görünür
    ok 19 - 2. tur \#1: elle tek taksit (500) girilen 2.000'lik kartta kalan 1.500 faturada görünür
      ---
      duration_ms: 101.395666
      type: 'test'
      ...
    # Subtest: 2. tur \#1: tutarı Düzenle ile küçültülen kartta (taksitler aynı) borç bir kez sayılır
    ok 20 - 2. tur \#1: tutarı Düzenle ile küçültülen kartta (taksitler aynı) borç bir kez sayılır
      ---
      duration_ms: 83.732168
      type: 'test'
      ...
    # Subtest: 2. tur \#2: geriye tarihli stoktan taksitli satışın kartı, kendi satışını kapsar (ilgisiz fatura ödenmiş görünmez)
    ok 21 - 2. tur \#2: geriye tarihli stoktan taksitli satışın kartı, kendi satışını kapsar (ilgisiz fatura ödenmiş görünmez)
      ---
      duration_ms: 182.598107
      type: 'test'
      ...
    # Subtest: 2. tur \#3 / 3. tur: Mevcut Borç kartı büyütülemez (Düzenle ve Otomatik Dağıt); yeni borç kartın dışında, bir kez sayılır
    ok 22 - 2. tur \#3 / 3. tur: Mevcut Borç kartı büyütülemez (Düzenle ve Otomatik Dağıt); yeni borç kartın dışında, bir kez sayılır
      ---
      duration_ms: 168.949297
      type: 'test'
      ...
    # Subtest: 3. tur: borcu olmayan caride (yalnız ödeme yapılmış) açılan kart sonradan kesilen faturayı yutmaz
    ok 23 - 3. tur: borcu olmayan caride (yalnız ödeme yapılmış) açılan kart sonradan kesilen faturayı yutmaz
      ---
      duration_ms: 142.367665
      type: 'test'
      ...
    # Subtest: 2. tur \#4: silinen Mevcut Borç kartı, taksitlendirdiği borç bu arada ödenmişse geri yüklenmez (ödenmiş fatura açılmaz)
    ok 24 - 2. tur \#4: silinen Mevcut Borç kartı, taksitlendirdiği borç bu arada ödenmişse geri yüklenmez (ödenmiş fatura açılmaz)
      ---
      duration_ms: 113.41424
      type: 'test'
      ...
    # Subtest: 3. tur: kartın kendi tahsilatı olan silinmiş kart, borç bu arada azaldıysa geri yüklenmez; borç varsa geri yüklenir
    ok 25 - 3. tur: kartın kendi tahsilatı olan silinmiş kart, borç bu arada azaldıysa geri yüklenmez; borç varsa geri yüklenir
      ---
      duration_ms: 280.869128
      type: 'test'
      ...
    1..25
ok 6 - 2.0.23 gözden geçirme: kapamanın kalan yolları
  ---
  duration_ms: 3543.449526
  type: 'suite'
  ...
# Subtest: KDV dahil fiyatta iskonto gösterimi (müşteri, 02.10.2026)
    # Subtest: 2.000 TL KDV dahil, %10 iskonto: Ara Toplam 1.666,67 − İskonto 166,67 = Matrah 1.500,00; KDV 300,00
    ok 1 - 2.000 TL KDV dahil, %10 iskonto: Ara Toplam 1.666,67 − İskonto 166,67 = Matrah 1.500,00; KDV 300,00
      ---
      duration_ms: 2.786916
      type: 'test'
      ...
    # Subtest: %20 iskonto: 1.666,67 − 333,34 = 1.333,33; KDV 266,67; toplam 1.600,00
    ok 2 - %20 iskonto: 1.666,67 − 333,34 = 1.333,33; KDV 266,67; toplam 1.600,00
      ---
      duration_ms: 0.327597
      type: 'test'
      ...
    # Subtest: satırlar her durumda kuruşu kuruşuna toplar (Ara Toplam − İskonto = Matrah); KDV hariçte değişiklik yok
    ok 3 - satırlar her durumda kuruşu kuruşuna toplar (Ara Toplam − İskonto = Matrah); KDV hariçte değişiklik yok
      ---
      duration_ms: 15.309017
      type: 'test'
      ...
    # Subtest: kayıtlı faturadan (TL ondalığı) aynı ayrım; UBL iskontosu da KDV hariç
    ok 4 - kayıtlı faturadan (TL ondalığı) aynı ayrım; UBL iskontosu da KDV hariç
      ---
      duration_ms: 1.815547
      type: 'test'
      ...
    1..4
ok 7 - KDV dahil fiyatta iskonto gösterimi (müşteri, 02.10.2026)
  ---
  duration_ms: 21.380114
  type: 'suite'
  ...
# Subtest: Kaydedilmiş faturayı düzenleme, yeni stok kartı, Stok Kodu (müşteri, 02.10.2026)
    # Subtest: Stok Kodu tekil: aynı kod ikinci ürüne verilmez (açarken ve düzeltirken)
    ok 1 - Stok Kodu tekil: aynı kod ikinci ürüne verilmez (açarken ve düzeltirken)
      ---
      duration_ms: 43.548318
      type: 'test'
      ...
    # Subtest: Faturada kodla arama: tam eşleşen Stok Kodu en üstte ve exact işaretli
    ok 2 - Faturada kodla arama: tam eşleşen Stok Kodu en üstte ve exact işaretli
      ---
      duration_ms: 12.837527
      type: 'test'
      ...
    # Subtest: Stoğa Mal Alışı: '+ Yeni Stok Kartı' kalemi kartı faturayla aynı işlemde açar, stoğa girer, maliyet alış fiyatı
    ok 3 - Stoğa Mal Alışı: '+ Yeni Stok Kartı' kalemi kartı faturayla aynı işlemde açar, stoğa girer, maliyet alış fiyatı
      ---
      duration_ms: 57.919364
      type: 'test'
      ...
    # Subtest: Düzenleme: aynı numara; stok, cari ve Kasa eskiyi bırakıp yeniye göre; işlem geçmişi
    ok 4 - Düzenleme: aynı numara; stok, cari ve Kasa eskiyi bırakıp yeniye göre; işlem geçmişi
      ---
      duration_ms: 130.551413
      type: 'test'
      ...
    # Subtest: Düzenleme taksitli faturada kartı yeniler; tahsilat varsa ve iadesi varsa engellenir
    ok 5 - Düzenleme taksitli faturada kartı yeniler; tahsilat varsa ve iadesi varsa engellenir
      ---
      duration_ms: 79.365496
      type: 'test'
      ...
    # Subtest: Düzenleme stok eksiye düşürecekse sorar (stock-negative), izin verilince yapar; tarih sırası korunur
    ok 6 - Düzenleme stok eksiye düşürecekse sorar (stock-negative), izin verilince yapar; tarih sırası korunur
      ---
      duration_ms: 67.765609
      type: 'test'
      ...
    # Subtest: Düzenleme çekli faturada: aynı çek (aynı seri no) yeniden yazılır; portföyde tek evrak; ciro edilmiş çek varken düzenleme durur
    ok 7 - Düzenleme çekli faturada: aynı çek (aynı seri no) yeniden yazılır; portföyde tek evrak; ciro edilmiş çek varken düzenleme durur
      ---
      duration_ms: 78.494017
      type: 'test'
      ...
    # Subtest: Fatura PDF'inde ayrı Stok Kodu kolonu, POS ödeme satırı ve Toplamlar düzeni (metin düzeyinde)
    ok 8 - Fatura PDF'inde ayrı Stok Kodu kolonu, POS ödeme satırı ve Toplamlar düzeni (metin düzeyinde)
      ---
      duration_ms: 86.229484
      type: 'test'
      ...
    1..8
ok 8 - Kaydedilmiş faturayı düzenleme, yeni stok kartı, Stok Kodu (müşteri, 02.10.2026)
  ---
  duration_ms: 1251.221345
  type: 'suite'
  ...
# Subtest: R5 — fazla tahsilatlı kartta iade iptali kartı faturanın açığına kadar büyütür
    # Subtest: satış 3.000 (peşin 1.000, taksit 2.000) → iade 2.400 → karta 500 tahsilat → iade İptal Et: açık 1.500 = kartın kalanı 1.500 = cari bakiye
    ok 1 - satış 3.000 (peşin 1.000, taksit 2.000) → iade 2.400 → karta 500 tahsilat → iade İptal Et: açık 1.500 = kartın kalanı 1.500 = cari bakiye
      ---
      duration_ms: 292.122657
      type: 'test'
      ...
    1..1
ok 9 - R5 — fazla tahsilatlı kartta iade iptali kartı faturanın açığına kadar büyütür
  ---
  duration_ms: 735.387906
  type: 'suite'
  ...
# Subtest: 2.1.0 Canlı Hata 2 — v2.0.26 verisinde yanlış büyümüş taksit kartlarının açılış onarımı
    # Subtest: yanlış kartlar (C, B, J) doğru kalana iner; D, E, A dokunulmaz; kilitli dönemdeki kart (KILIT) değişmez
    ok 1 - yanlış kartlar (C, B, J) doğru kalana iner; D, E, A dokunulmaz; kilitli dönemdeki kart (KILIT) değişmez
      ---
      duration_ms: 43.072544
      type: 'test'
      ...
    # Subtest: her değişiklik audit'te: plan.repaired, previous (toplam, kalan, taksitler) ve yeni kalan
    ok 2 - her değişiklik audit'te: plan.repaired, previous (toplam, kalan, taksitler) ve yeni kalan
      ---
      duration_ms: 0.720319
      type: 'test'
      ...
    # Subtest: raporlar onarılan kartla: Alacak Yaşlandırma, ANLIK DURUM Geciken Alacak, Geciken Taksitler, cari kartı
    ok 3 - raporlar onarılan kartla: Alacak Yaşlandırma, ANLIK DURUM Geciken Alacak, Geciken Taksitler, cari kartı
      ---
      duration_ms: 69.730916
      type: 'test'
      ...
    # Subtest: ikinci açılışta hiçbir şey değişmez (idempotent); kilitli kart yine listede
    ok 4 - ikinci açılışta hiçbir şey değişmez (idempotent); kilitli kart yine listede
      ---
      duration_ms: 158.087523
      type: 'test'
      ...
    # Subtest: onarılan kartta yeni işlem doğru: C'nin iadesi iptal edilince kart faturanın açığına (500) döner
    ok 5 - onarılan kartta yeni işlem doğru: C'nin iadesi iptal edilince kart faturanın açığına (500) döner
      ---
      duration_ms: 81.570239
      type: 'test'
      ...
    1..5
ok 10 - 2.1.0 Canlı Hata 2 — v2.0.26 verisinde yanlış büyümüş taksit kartlarının açılış onarımı
  ---
  duration_ms: 734.232786
  type: 'suite'
  ...
# Subtest: 2.1.0 Canlı Hata 2 — iade + peşin geri ödemesi taksit kartını büyütmez
    # Subtest: C: 1.000 (500 peşin, 500 taksit) → malın tamamı iade, 500 nakit geri → kart 0, cari 0, Kasa 0, gecikme yok
    ok 1 - C: 1.000 (500 peşin, 500 taksit) → malın tamamı iade, 500 nakit geri → kart 0, cari 0, Kasa 0, gecikme yok
      ---
      duration_ms: 589.229496
      type: 'test'
      ...
    # Subtest: C2: aynı akış 2 taksitle (vadeler geçmiş) → kart 0
    ok 2 - C2: aynı akış 2 taksitle (vadeler geçmiş) → kart 0
      ---
      duration_ms: 430.205487
      type: 'test'
      ...
    # Subtest: B: 1.000 (500 peşin) → 600 açık iade (cari −100) → 400 iade + 400 nakit geri → kart 0, cari −100
    ok 3 - B: 1.000 (500 peşin) → 600 açık iade (cari −100) → 400 iade + 400 nakit geri → kart 0, cari −100
      ---
      duration_ms: 492.157322
      type: 'test'
      ...
    # Subtest: A: 3.000 (2.000 peşin, 1.000 taksit) → 1 açık iade → karttan 1.500 (fazla) → 1 iade + 300 nakit geri → kart büyümez
    ok 4 - A: 3.000 (2.000 peşin, 1.000 taksit) → 1 açık iade → karttan 1.500 (fazla) → 1 iade + 300 nakit geri → kart büyümez
      ---
      duration_ms: 512.549363
      type: 'test'
      ...
    # Subtest: D (G1 korunur): peşinsiz 1.000 taksit → 400 iade + 400 nakit geri → kart 1.000 kalır
    ok 5 - D (G1 korunur): peşinsiz 1.000 taksit → 400 iade + 400 nakit geri → kart 1.000 kalır
      ---
      duration_ms: 392.542201
      type: 'test'
      ...
    # Subtest: E (korunur): 1.000 (500 peşin) → 300 iade + 300 nakit geri → kart 500 kalır
    ok 6 - E (korunur): 1.000 (500 peşin) → 300 iade + 300 nakit geri → kart 500 kalır
      ---
      duration_ms: 371.623486
      type: 'test'
      ...
    # Subtest: F: peşin çekle (500) alınmış; malın tamamı iade + 500 nakit geri → kart 0
    ok 7 - F: peşin çekle (500) alınmış; malın tamamı iade + 500 nakit geri → kart 0
      ---
      duration_ms: 407.750793
      type: 'test'
      ...
    # Subtest: G: peşin banka hesabına havale; tam iade + aynı hesaptan havale geri → kart 0, hesap bakiyesi eski hâline döner
    ok 8 - G: peşin banka hesabına havale; tam iade + aynı hesaptan havale geri → kart 0, hesap bakiyesi eski hâline döner
      ---
      duration_ms: 588.634043
      type: 'test'
      ...
    # Subtest: H: iki iade arka arkaya (500 + 250 nakit geri, 500 + 250 nakit geri) → önce 250, sonra 0
    ok 9 - H: iki iade arka arkaya (500 + 250 nakit geri, 500 + 250 nakit geri) → önce 250, sonra 0
      ---
      duration_ms: 674.555361
      type: 'test'
      ...
    # Subtest: H2: önce açık iade (500) sonra paralı iade (500 + 500 nakit geri) → kart 0
    ok 10 - H2: önce açık iade (500) sonra paralı iade (500 + 500 nakit geri) → kart 0
      ---
      duration_ms: 665.642873
      type: 'test'
      ...
    # Subtest: I: iade iptal edilince kart 500'e döner; yeniden kesilince 0; iade silinince yine 500
    ok 11 - I: iade iptal edilince kart 500'e döner; yeniden kesilince 0; iade silinince yine 500
      ---
      duration_ms: 886.862762
      type: 'test'
      ...
    # Subtest: J: kısmi tahsilatlı kart (400 peşin, 600 taksit, 300 tahsil) → tam iade + 700 nakit geri → kart 0
    ok 12 - J: kısmi tahsilatlı kart (400 peşin, 600 taksit, 300 tahsil) → tam iade + 700 nakit geri → kart 0
      ---
      duration_ms: 530.917506
      type: 'test'
      ...
    # Subtest: K (korunur): peşinli açık fatura + Mevcut Borç kartı (500) → 500 + 250 geri, 500 + 250 geri → kart 250, sonra 0
    ok 13 - K (korunur): peşinli açık fatura + Mevcut Borç kartı (500) → 500 + 250 geri, 500 + 250 geri → kart 250, sonra 0
      ---
      duration_ms: 557.743353
      type: 'test'
      ...
    # Subtest: Mutabakat Testi her senaryodan sonra tutarlı (C + B + A aynı şirkette)
    ok 14 - Mutabakat Testi her senaryodan sonra tutarlı (C + B + A aynı şirkette)
      ---
      duration_ms: 489.823308
      type: 'test'
      ...
    1..14
ok 11 - 2.1.0 Canlı Hata 2 — iade + peşin geri ödemesi taksit kartını büyütmez
  ---
  duration_ms: 7594.75022
  type: 'suite'
  ...
# Subtest: 2.0.24 iade → doğru taksit kartı
    # Subtest: taksitli fatura + caride başka açık borç: iade faturanın kendi kartını küçültür
    ok 1 - taksitli fatura + caride başka açık borç: iade faturanın kendi kartını küçültür
      ---
      duration_ms: 189.753165
      type: 'test'
      ...
    # Subtest: iki taksitli fatura: iade yalnız asıl faturanın kartını küçültür (daha yeni kart değil)
    ok 2 - iki taksitli fatura: iade yalnız asıl faturanın kartını küçültür (daha yeni kart değil)
      ---
      duration_ms: 191.88123
      type: 'test'
      ...
    # Subtest: iki Mevcut Borç kartı: iade, faturayı kapsayan kartı küçültür (2. tur \#5)
    ok 3 - iki Mevcut Borç kartı: iade, faturayı kapsayan kartı küçültür (2. tur \#5)
      ---
      duration_ms: 142.434516
      type: 'test'
      ...
    # Subtest: kısmen tahsil edilmiş kart: iade kalanı düşürür; kalanı aşan iade avans olur, kart sıfırlanır
    ok 4 - kısmen tahsil edilmiş kart: iade kalanı düşürür; kalanı aşan iade avans olur, kart sıfırlanır
      ---
      duration_ms: 102.978229
      type: 'test'
      ...
    # Subtest: iade iptali kartı geri büyütür (iade ile iptal birbirini götürür)
    ok 5 - iade iptali kartı geri büyütür (iade ile iptal birbirini götürür)
      ---
      duration_ms: 151.539881
      type: 'test'
      ...
    # Subtest: iade düzenlenince kart yeni iadeye göre: 1 → 2 → 1 adet
    ok 6 - iade düzenlenince kart yeni iadeye göre: 1 → 2 → 1 adet
      ---
      duration_ms: 187.186787
      type: 'test'
      ...
    # Subtest: Mevcut Borç kartında iade iptali kartı geri büyütür
    ok 7 - Mevcut Borç kartında iade iptali kartı geri büyütür
      ---
      duration_ms: 100.756438
      type: 'test'
      ...
    # Subtest: iade avansa taşmışken kart tahsilatı silinince/düzeltilince kartın kalanı faturanın açığına eşit kalır (mutabakat bulgusu)
    ok 8 - iade avansa taşmışken kart tahsilatı silinince/düzeltilince kartın kalanı faturanın açığına eşit kalır (mutabakat bulgusu)
      ---
      duration_ms: 174.464386
      type: 'test'
      ...
    # Subtest: G1: parası geri verilen iade kartı küçültmez (müşteri borcu değişmedi)
    ok 9 - G1: parası geri verilen iade kartı küçültmez (müşteri borcu değişmedi)
      ---
      duration_ms: 78.80742
      type: 'test'
      ...
    # Subtest: G1: karttan tahsilattan sonra paralı iade — kart borç kadar kalır
    ok 10 - G1: karttan tahsilattan sonra paralı iade — kart borç kadar kalır
      ---
      duration_ms: 90.262049
      type: 'test'
      ...
    # Subtest: G1: Mevcut Borç kartının kapsadığı faturadan paralı iade kartı küçültmez
    ok 11 - G1: Mevcut Borç kartının kapsadığı faturadan paralı iade kartı küçültmez
      ---
      duration_ms: 88.120999
      type: 'test'
      ...
    # Subtest: G2: kartın kapsadığı YENİ faturadan iade — yaşlandırma = bakiye (aynı borç iki kez sayılmaz)
    ok 12 - G2: kartın kapsadığı YENİ faturadan iade — yaşlandırma = bakiye (aynı borç iki kez sayılmaz)
      ---
      duration_ms: 158.298264
      type: 'test'
      ...
    # Subtest: G3: faturanın açığını aşan iade (avans) başka faturayı kapsayan kartı da küçültür — 2.0.23'teki gibi
    ok 13 - G3: faturanın açığını aşan iade (avans) başka faturayı kapsayan kartı da küçültür — 2.0.23'teki gibi
      ---
      duration_ms: 218.244779
      type: 'test'
      ...
    # Subtest: G4: karta sayılan çek karşılıksız / silinir / tutarı düzeltilir → kart = fatura açığı
    ok 14 - G4: karta sayılan çek karşılıksız / silinir / tutarı düzeltilir → kart = fatura açığı
      ---
      duration_ms: 226.444645
      type: 'test'
      ...
    1..14
ok 12 - 2.0.24 iade → doğru taksit kartı
  ---
  duration_ms: 2520.402091
  type: 'suite'
  ...
# Subtest: K1 — iade kapanışı: geri ödenen iade asıl faturayı kapatmaz, artan alacak iade belgesinin açığıdır
    # Subtest: N1: açık satış 600 → 240 iade + 240 nakit geri → fatura açığı 600, hayalet kapatan yok, iade açığı 0, cari 600, raporlar 600
    ok 1 - N1: açık satış 600 → 240 iade + 240 nakit geri → fatura açığı 600, hayalet kapatan yok, iade açığı 0, cari 600, raporlar 600
      ---
      duration_ms: 609.397322
      type: 'test'
      ...
    # Subtest: N2: alış 1.200 açık → 240 alıştan iade, tedarikçi 240 nakit geri öder → alış açığı 1.200, cari −1.200
    ok 2 - N2: alış 1.200 açık → 240 alıştan iade, tedarikçi 240 nakit geri öder → alış açığı 1.200, cari −1.200
      ---
      duration_ms: 407.802758
      type: 'test'
      ...
    # Subtest: N3: satış 600 (300 nakit peşin) → 240 iade + 240 nakit geri → açık 300 (= cari)
    ok 3 - N3: satış 600 (300 nakit peşin) → 240 iade + 240 nakit geri → açık 300 (= cari)
      ---
      duration_ms: 484.954327
      type: 'test'
      ...
    # Subtest: N4: KISMİ geri ödeme — satış 600 açık → 240 iade, 100 nakit geri → mahsup 140, açık 460 (= cari)
    ok 4 - N4: KISMİ geri ödeme — satış 600 açık → 240 iade, 100 nakit geri → mahsup 140, açık 460 (= cari)
      ---
      duration_ms: 566.008348
      type: 'test'
      ...
    # Subtest: N5 (korunur): satış 600 açık → 240 iade, geri ödenmez → açık 360 (= cari)
    ok 5 - N5 (korunur): satış 600 açık → 240 iade, geri ödenmez → açık 360 (= cari)
      ---
      duration_ms: 476.533853
      type: 'test'
      ...
    # Subtest: N6: satış 600 tamamı peşin → 240 iade açık → iade açığı 240 (müşteri alacaklı); Açık Faturalar'da borç 240
    ok 6 - N6: satış 600 tamamı peşin → 240 iade açık → iade açığı 240 (müşteri alacaklı); Açık Faturalar'da borç 240
      ---
      duration_ms: 417.136576
      type: 'test'
      ...
    # Subtest: N6b: alış 1.200 tamamı peşin → 240 alıştan iade açık → iade açığı 240 (tedarikçi borçlu); Açık Alacak 240
    ok 7 - N6b: alış 1.200 tamamı peşin → 240 alıştan iade açık → iade açığı 240 (tedarikçi borçlu); Açık Alacak 240
      ---
      duration_ms: 377.438761
      type: 'test'
      ...
    # Subtest: N7: hakemin en küçük senaryosu — alış 23,93 (20,99 × %5 iskonto, KDV %20 hariç), 9,84 peşin; tam iade açık → iade açığı 9,84
    ok 8 - N7: hakemin en küçük senaryosu — alış 23,93 (20,99 × %5 iskonto, KDV %20 hariç), 9,84 peşin; tam iade açık → iade açığı 9,84
      ---
      duration_ms: 354.670188
      type: 'test'
      ...
    # Subtest: N8: taksitli satış 600 (peşinsiz, 3 taksit) → 240 iade + 240 nakit geri → fatura açığı 600 = kart kalanı 600 = cari 600
    ok 9 - N8: taksitli satış 600 (peşinsiz, 3 taksit) → 240 iade + 240 nakit geri → fatura açığı 600 = kart kalanı 600 = cari 600
      ---
      duration_ms: 386.039877
      type: 'test'
      ...
    # Subtest: N9: iade iptal edilince ve silinince asıl fatura eski hâline (600) döner
    ok 10 - N9: iade iptal edilince ve silinince asıl fatura eski hâline (600) döner
      ---
      duration_ms: 471.750439
      type: 'test'
      ...
    # Subtest: N10: birden çok iade — satış 600 açık → R1 240 + 240 nakit geri, R2 120 açık → açık 480 (= cari)
    ok 11 - N10: birden çok iade — satış 600 açık → R1 240 + 240 nakit geri, R2 120 açık → açık 480 (= cari)
      ---
      duration_ms: 498.552054
      type: 'test'
      ...
    # Subtest: N11: R1 komşusu — eski açık satış F0 500 + F1 600; F1'den 240 iade + 240 geri → F0 500, F1 600; aynı caride açık alış 400 ödenmez
    ok 12 - N11: R1 komşusu — eski açık satış F0 500 + F1 600; F1'den 240 iade + 240 geri → F0 500, F1 600; aynı caride açık alış 400 ödenmez
      ---
      duration_ms: 503.594981
      type: 'test'
      ...
    # Subtest: N12: sıra — iade önce açık kaydedilir, Düzenle ile 240 nakit geri ödeme eklenir (açık 600), sonra kaldırılır (açık 360)
    ok 13 - N12: sıra — iade önce açık kaydedilir, Düzenle ile 240 nakit geri ödeme eklenir (açık 600), sonra kaldırılır (açık 360)
      ---
      duration_ms: 407.667871
      type: 'test'
      ...
    # Subtest: N13: açık iade (müşteri 240 alacaklı) sonradan cari kartından 240 nakit ödemeyle geri verilir → iade açığı 0, cari 0
    ok 14 - N13: açık iade (müşteri 240 alacaklı) sonradan cari kartından 240 nakit ödemeyle geri verilir → iade açığı 0, cari 0
      ---
      duration_ms: 421.390093
      type: 'test'
      ...
    # Subtest: N15: sıra — taksitli 3.000 (2.000 peşin) → R1 1.000 açık → karttan 1.500 (fazla) → R2 1.000 + 300 geri: iadeler bağlı ödemelerden SONRA mahsup
    ok 15 - N15: sıra — taksitli 3.000 (2.000 peşin) → R1 1.000 açık → karttan 1.500 (fazla) → R2 1.000 + 300 geri: iadeler bağlı ödemelerden SONRA mahsup
      ---
      duration_ms: 430.327576
      type: 'test'
      ...
    # Subtest: N16: Mevcut Borç kartı kapsadığı faturanın paralı iadesinde yalnız mahsup kadar küçülür (carinin başka açık borcu varken)
    ok 16 - N16: Mevcut Borç kartı kapsadığı faturanın paralı iadesinde yalnız mahsup kadar küçülür (carinin başka açık borcu varken)
      ---
      duration_ms: 438.284971
      type: 'test'
      ...
    # Subtest: N14: toplu yol (liste, 8'den çok cari) = fatura kartı; Σ işaretli belge açığı = cari bakiye
        # Subtest: liste ile kart aynı durum, ödenen ve açığı gösterir
        ok 1 - liste ile kart aynı durum, ödenen ve açığı gösterir
          ---
          duration_ms: 112.020358
          type: 'test'
          ...
        # Subtest: her caride Σ açık (satış + alıştan iade) − Σ açık (alış + satıştan iade) = cari bakiye (beklenen bakiyeler elle)
        ok 2 - her caride Σ açık (satış + alıştan iade) − Σ açık (alış + satıştan iade) = cari bakiye (beklenen bakiyeler elle)
          ---
          duration_ms: 26.448538
          type: 'test'
          ...
        1..2
    ok 17 - N14: toplu yol (liste, 8'den çok cari) = fatura kartı; Σ işaretli belge açığı = cari bakiye
      ---
      duration_ms: 1217.146747
      type: 'suite'
      ...
    1..17
ok 13 - K1 — iade kapanışı: geri ödenen iade asıl faturayı kapatmaz, artan alacak iade belgesinin açığıdır
  ---
  duration_ms: 8472.860146
  type: 'suite'
  ...
# Subtest: kapama, rastgele dizi (kisitli, tohum 7, 160 adım): liste = kart, değişmezler, yaşlandırma = bakiye
ok 14 - kapama, rastgele dizi (kisitli, tohum 7, 160 adım): liste = kart, değişmezler, yaşlandırma = bakiye
  ---
  duration_ms: 3120.110088
  type: 'test'
  ...
# Subtest: kapama, rastgele dizi (kisitli, tohum 11, 160 adım): liste = kart, değişmezler, yaşlandırma = bakiye
ok 15 - kapama, rastgele dizi (kisitli, tohum 11, 160 adım): liste = kart, değişmezler, yaşlandırma = bakiye
  ---
  duration_ms: 2654.402901
  type: 'test'
  ...
# Subtest: kapama, rastgele dizi (serbest, tohum 3, 200 adım): liste = kart, değişmezler
ok 16 - kapama, rastgele dizi (serbest, tohum 3, 200 adım): liste = kart, değişmezler
  ---
  duration_ms: 4478.007911
  type: 'test'
  ...
1..16
# tests 113
# suites 14
# pass 113
# fail 0
# cancelled 0
# skipped 0
# todo 0
# duration_ms 17764.289638
