
> destekofis@2.0.26 test:mutabakat
> node --disable-warning=ExperimentalWarning test/mutabakat/kos.mjs --islem 1000 --tohum 1 --tohumlar 4


Tohum 1: 1000 işlem, 1002 doğrulama, 266 beklenen ret (eksiye düşürme / aşım), eşzamanlı 60 istek · 142.0 sn
  Beklenen retler: period-locked 43, cash-negative 40, date-invalid 22, due-before-start 19, 400 15, date-missing 14, date-future 12, invoice-linked 9, issueDate 8, cheque-duplicate 8, refund-exceeds 8, cash-method 7, cash-blocked 6, vatRate 5, bank-similar 5, stock-negative 5, payment.rest 4, invoice-cancelled 4, cheque-due-before-issue 3, payment.cheques 3, cheque-moved 3, return-exceeds 3, chronology 3, plan-has-payments 2, bank-correct-type 2, return-before-original 2, cheque-not-in-portfolio 2, bank-already-reversed 2, 404 1, 409 1, bank-reversal-of-reversal 1, invoice-duplicate 1, bank-channel 1, bank-account-invalid 1, bank-before-opening 1
  İşlem türleri: alim 88, kasa 50, kayit-tahsil 23, satis 116, cari-duzelt 22, fatura-satis 60, kart-sil 7, banka-fis 36, cari 49, fatura-alis 54, fatura-taslak 16, taksit-tahsil 56, banka-duzelt 13, kart 31, fatura-hatasi 46, fatura-iptal 24, hareket-sil 11, vade-hatasi 20, kasa-sil 7, cek-ode 13, iade 30, kasa-duzelt 13, fatura-iade 26, tarih-hatasi 36, fatura-acid 21, cek-geri-al 12, kilit-ihlali 19, kayit-sil 8, banka-benzer 5, geri-yukle 13, banka-transfer 16, cek-tahsil 20, taksit-sil 9, fatura-bagli 4, kayit-duzelt 3, banka-transfer-ters 5, cari-sil 7, hareket-duzelt 9, banka-ters 7, kart-kapat 6
  Model: {"kasa":{"cash":"41272,36","bank":"554057,99","card":"41916,74"},"cariler":12,"urunler":10,"kartlar":40,"kasaHareketi":48,"bankaSatiri":91,"bankaTersKayit":25,"bankalarArasiTransfer":13,"cariHareketi":63,"stokHareketi":413,"taksitHareketi":40,"hesabaBagliModulHavalesi":72,"kurumsalKartaBagli":11,"kurumsalKartBakiyesi":"-130647,90"}
  Fatura: {"kesilen":139,"iptal":8,"taslak":0,"turler":{"sale":70,"purchase":49,"sale_return":19,"smm":3,"purchase_return":6},"cek":62} · seriler {"FIS2026":76,"IAD2026":12,"SMM2026":3} · tekil ETTN 147
  Mutabakat kapısı süresi: ortanca 21 ms, en çok 58 ms
  ✓ Her işlemden sonra Kasa, cariler, stok, taksit kartları, faturalar, çek/senet ve ana defter kuruşu kuruşuna tutarlı.

Tohum 2: 1000 işlem, 1002 doğrulama, 250 beklenen ret (eksiye düşürme / aşım), eşzamanlı 60 istek · 126.8 sn
  Beklenen retler: period-locked 41, cash-negative 36, due-before-start 23, date-invalid 23, 400 14, date-future 14, date-missing 14, invoice-cancelled 8, stock-negative 7, cheque-duplicate 7, lines 7, cash-method 6, payment.rest 5, bank-similar 5, return-before-original 4, payment.cheques 4, chronology 3, issueDate 3, 409 2, vatRate 2, originalId 2, invoice-has-returns 2, cheque-not-in-portfolio 2, refund-exceeds 2, invoice-duplicate 2, cheque-due-before-issue 2, cash-blocked 2, 404 1, bank-account-invalid 1, return-exceeds 1, bank-before-opening 1, bank-already-reversed 1, cheque-moved 1, payment-exceeds 1, bank-reversal-of-reversal 1
  İşlem türleri: alim 64, kasa 47, fatura-hatasi 48, cari 55, kayit-duzelt 15, fatura-acid 25, fatura-satis 65, vade-hatasi 25, iade 25, taksit-sil 19, banka-transfer 14, kayit-sil 11, fatura-iade 31, fatura-iptal 29, satis 96, kilit-ihlali 24, kayit-tahsil 20, taksit-tahsil 57, banka-fis 34, banka-duzelt 11, tarih-hatasi 40, fatura-alis 44, banka-ters 11, hareket-duzelt 13, hareket-sil 16, kart-sil 12, kasa-duzelt 13, cek-tahsil 12, cek-geri-al 11, cek-ode 13, kart 29, cari-sil 7, kasa-sil 10, fatura-taslak 14, kart-kapat 14, banka-transfer-ters 4, cari-duzelt 15, geri-yukle 11, banka-benzer 5, fatura-bagli 2
  Model: {"kasa":{"cash":"373232,49","bank":"-1099053,44","card":"36521,58"},"cariler":12,"urunler":10,"kartlar":36,"kasaHareketi":62,"bankaSatiri":67,"bankaTersKayit":20,"bankalarArasiTransfer":7,"cariHareketi":73,"stokHareketi":369,"taksitHareketi":35,"hesabaBagliModulHavalesi":56,"kurumsalKartaBagli":13,"kurumsalKartBakiyesi":"-133017,51"}
  Fatura: {"kesilen":144,"iptal":9,"taslak":2,"turler":{"smm":6,"sale":74,"purchase":43,"sale_return":19,"purchase_return":11},"cek":49} · seriler {"FIS2026":85,"SMM2026":6,"IAD2026":12} · tekil ETTN 155
  Mutabakat kapısı süresi: ortanca 21 ms, en çok 53 ms
  ✓ Her işlemden sonra Kasa, cariler, stok, taksit kartları, faturalar, çek/senet ve ana defter kuruşu kuruşuna tutarlı.

Tohum 3: 1000 işlem, 1002 doğrulama, 270 beklenen ret (eksiye düşürme / aşım), eşzamanlı 60 istek · 107.7 sn
  Beklenen retler: period-locked 53, cash-negative 41, date-invalid 19, date-missing 19, due-before-start 17, date-future 14, cash-blocked 14, invoice-linked 12, invoice-cancelled 10, refund-exceeds 9, stock-negative 7, cheque-duplicate 5, bank-similar 5, issueDate 5, payment.rest 5, 400 4, 404 3, cheque-due-before-issue 3, cash-method 3, 409 2, payment-exceeds 2, payment.cheques 2, return-exceeds 2, return-before-original 2, amount-precision 1, lines 1, invoice-has-returns 1, bank-channel 1, vatRate 1, originalId 1, bank-before-opening 1, bank-already-reversed 1, cheque-moved 1, chronology 1, cheque-not-in-portfolio 1, invoice-duplicate 1
  İşlem türleri: alim 66, kasa 54, cari 60, fatura-hatasi 41, fatura-iptal 27, satis 103, fatura-satis 64, hareket-duzelt 14, taksit-tahsil 47, fatura-alis 46, cek-tahsil 17, kayit-sil 9, geri-yukle 12, fatura-acid 13, tarih-hatasi 44, taksit-sil 17, banka-transfer-ters 6, kayit-tahsil 21, kasa-duzelt 21, banka-ters 17, cek-ode 17, fatura-iade 20, kayit-duzelt 13, vade-hatasi 16, iade 31, kart-kapat 10, banka-fis 31, cari-duzelt 30, kart-sil 15, kasa-sil 6, hareket-sil 8, banka-transfer 17, kart 27, cari-sil 12, kilit-ihlali 23, fatura-bagli 10, banka-benzer 6, cek-geri-al 5, fatura-taslak 9, banka-duzelt 6
  Model: {"kasa":{"cash":"153307,85","bank":"-244131,31","card":"254451,61"},"cariler":12,"urunler":10,"kartlar":40,"kasaHareketi":74,"bankaSatiri":84,"bankaTersKayit":25,"bankalarArasiTransfer":13,"cariHareketi":69,"stokHareketi":343,"taksitHareketi":22,"hesabaBagliModulHavalesi":66,"kurumsalKartaBagli":11,"kurumsalKartBakiyesi":"-152330,43"}
  Fatura: {"kesilen":119,"iptal":9,"taslak":1,"turler":{"sale":64,"purchase":40,"purchase_return":9,"sale_return":10,"smm":5},"cek":41} · seriler {"FIS2026":73,"IAD2026":4,"SMM2026":5} · tekil ETTN 129
  Mutabakat kapısı süresi: ortanca 19 ms, en çok 48 ms
  ✓ Her işlemden sonra Kasa, cariler, stok, taksit kartları, faturalar, çek/senet ve ana defter kuruşu kuruşuna tutarlı.

Tohum 4: 1000 işlem, 1002 doğrulama, 251 beklenen ret (eksiye düşürme / aşım), eşzamanlı 60 istek · 121.1 sn
  Beklenen retler: period-locked 44, date-invalid 24, date-future 22, due-before-start 19, date-missing 16, invoice-linked 15, cheque-duplicate 14, stock-negative 13, 400 11, cash-negative 8, bank-similar 7, invoice-cancelled 6, cash-method 5, vatRate 4, invoice-has-returns 4, payment-exceeds 4, payment.cheques 4, issueDate 4, amount-precision 3, refund-exceeds 3, chronology 2, bank-account-invalid 2, return-exceeds 2, payment.rest 2, bank-before-opening 2, return-before-original 2, cash-blocked 2, 404 1, 409 1, bank-already-reversed 1, originalId 1, cheque-due-before-issue 1, bank-correct-type 1, cheque-not-in-portfolio 1
  İşlem türleri: alim 52, kasa 50, cari-duzelt 25, fatura-satis 71, fatura-acid 31, kilit-ihlali 27, fatura-alis 37, taksit-tahsil 50, banka-transfer 23, hareket-duzelt 18, kart 36, fatura-iade 23, cari 62, satis 85, tarih-hatasi 47, fatura-hatasi 43, kayit-sil 12, kayit-duzelt 11, fatura-taslak 15, fatura-iptal 30, taksit-sil 16, banka-fis 27, hareket-sil 4, iade 23, kasa-duzelt 19, banka-benzer 8, banka-ters 13, kayit-tahsil 29, vade-hatasi 24, cek-ode 14, banka-duzelt 8, cek-geri-al 8, cek-tahsil 11, cari-sil 8, geri-yukle 5, kart-sil 12, kasa-sil 15, fatura-bagli 6, kart-kapat 8, banka-transfer-ters 5
  Model: {"kasa":{"cash":"411418,85","bank":"-485299,26","card":"402783,81"},"cariler":12,"urunler":10,"kartlar":48,"kasaHareketi":59,"bankaSatiri":88,"bankaTersKayit":26,"bankalarArasiTransfer":16,"cariHareketi":76,"stokHareketi":329,"taksitHareketi":31,"hesabaBagliModulHavalesi":55,"kurumsalKartaBagli":6,"kurumsalKartBakiyesi":"-152501,38"}
  Fatura: {"kesilen":127,"iptal":9,"taslak":3,"turler":{"purchase":37,"purchase_return":10,"sale":71,"sale_return":12,"smm":6},"cek":46} · seriler {"FIS2026":81,"IAD2026":5,"SMM2026":6} · tekil ETTN 139
  Mutabakat kapısı süresi: ortanca 19 ms, en çok 52 ms
  ✓ Her işlemden sonra Kasa, cariler, stok, taksit kartları, faturalar, çek/senet ve ana defter kuruşu kuruşuna tutarlı.
