TAP version 13
# (node:1629) ExperimentalWarning: SQLite is an experimental feature and might change at any time
# (Use `node --trace-warnings ...` to show where the warning was created)
# Subtest: m2 Vade Takip kaynak adları: istemci sunucuyla aynı (fatura dahil)
    # Subtest: sunucunun her kaynağının istemcide adı var; 'invoice' adı PDF/Excel'deki gibi
    ok 1 - sunucunun her kaynağının istemcide adı var; 'invoice' adı PDF/Excel'deki gibi
      ---
      duration_ms: 1.907046
      type: 'test'
      ...
    1..1
ok 1 - m2 Vade Takip kaynak adları: istemci sunucuyla aynı (fatura dahil)
  ---
  duration_ms: 2.834286
  type: 'suite'
  ...
# Subtest: m6 + m7 Nakit Akış PDF alt başlığı ve Vade Takip banka satırı yetkisi (gerçek v2.0.23 verisi)
    # Subtest: ön koşul: yönetici Vade Takip'te nakit ve hesapsız eski banka satırını görür (bağımsız defter)
    ok 1 - ön koşul: yönetici Vade Takip'te nakit ve hesapsız eski banka satırını görür (bağımsız defter)
      ---
      duration_ms: 8.939532
      type: 'test'
      ...
    # Subtest: m7 API: banka yetkisiz kişi Kasa satırını görür, hesapsız eski banka satırını görmez (süzgeçli ve süzgeçsiz)
    ok 2 - m7 API: banka yetkisiz kişi Kasa satırını görür, hesapsız eski banka satırını görmez (süzgeçli ve süzgeçsiz)
      ---
      duration_ms: 20.100708
      type: 'test'
      ...
    # Subtest: m7 PDF ve Excel: banka yetkisiz kişinin dışa aktarımında da eski banka satırı yok
    ok 3 - m7 PDF ve Excel: banka yetkisiz kişinin dışa aktarımında da eski banka satırı yok
      ---
      duration_ms: 38.798361
      type: 'test'
      ...
    # Subtest: m7 aşırı düzeltme yok: banka yetkili avukat eski banka satırını görür; Nakit Akış ucu banka yetkisiz kişiye kapalı kalır
    ok 4 - m7 aşırı düzeltme yok: banka yetkili avukat eski banka satırını görür; Nakit Akış ucu banka yetkisiz kişiye kapalı kalır
      ---
      duration_ms: 7.657232
      type: 'test'
      ...
    # Subtest: m6 Nakit Akış PDF alt başlığı kesilmez (başlangıç tanımı tam)
    ok 5 - m6 Nakit Akış PDF alt başlığı kesilmez (başlangıç tanımı tam)
      ---
      duration_ms: 46.334059
      type: 'test'
      ...
    1..5
ok 2 - m6 + m7 Nakit Akış PDF alt başlığı ve Vade Takip banka satırı yetkisi (gerçek v2.0.23 verisi)
  ---
  duration_ms: 1281.668005
  type: 'suite'
  ...
1..2
# tests 6
# suites 2
# pass 6
# fail 0
# cancelled 0
# skipped 0
# todo 0
# duration_ms 1732.093526
