TAP version 13
# Subtest: otomatik güncelleme — gerçek süreçlerle
    # Subtest: S1 açılışta: yeni sürüm varken servis açılır, kimse kullanmıyor → kendiliğinden kurulur; yedek alınır, veriler aynı
    ok 1 - S1 açılışta: yeni sürüm varken servis açılır, kimse kullanmıyor → kendiliğinden kurulur; yedek alınır, veriler aynı
      ---
      duration_ms: 1916.762674
      type: 'test'
      ...
    # Subtest: S2 kullanıcı çalışırken (mesai içi) bulunan sürüm KURULMAZ, 'hazır' görünür; etkinlik kesilince boşta süresi dolunca kurulur
    ok 2 - S2 kullanıcı çalışırken (mesai içi) bulunan sürüm KURULMAZ, 'hazır' görünür; etkinlik kesilince boşta süresi dolunca kurulur
      ---
      duration_ms: 18657.208242
      type: 'test'
      ...
    # Subtest: S4 mesai dışı (sunucunun gerçek saati; mesai dışındaki bir saat dilimi): kullanıcı çalışırken de kurulur
    ok 3 - S4 mesai dışı (sunucunun gerçek saati; mesai dışındaki bir saat dilimi): kullanıcı çalışırken de kurulur
      ---
      duration_ms: 2540.22544
      type: 'test'
      ...
    # Subtest: S5 'kendiliğinden kur' kapalı: açılışta ve periyodik denetlenir, 'hazır' görünür, boşta ve mesai dışında da KURULMAZ; Şimdi Güncelle ile kurulur
    ok 4 - S5 'kendiliğinden kur' kapalı: açılışta ve periyodik denetlenir, 'hazır' görünür, boşta ve mesai dışında da KURULMAZ; Şimdi Güncelle ile kurulur
      ---
      duration_ms: 7636.685733
      type: 'test'
      ...
    1..4
ok 1 - otomatik güncelleme — gerçek süreçlerle
  ---
  duration_ms: 30752.507381
  type: 'suite'
  ...
1..1
# tests 4
# suites 1
# pass 4
# fail 0
# cancelled 0
# skipped 0
# todo 0
# duration_ms 32124.545298
