TAP version 13
# Subtest: güncelleyici: zaman aşımı, per_page, yeniden deneme, yedek yol
    # Subtest: varsayılan istek zaman aşımı 30 sn; liste isteği per_page=10
    ok 1 - varsayılan istek zaman aşımı 30 sn; liste isteği per_page=10
      ---
      duration_ms: 32.636002
      type: 'test'
      ...
    # Subtest: elle denetim (attempts: 3): ilk iki istek ağ hatası, üçüncüsü sürümü bulur
    ok 2 - elle denetim (attempts: 3): ilk iki istek ağ hatası, üçüncüsü sürümü bulur
      ---
      duration_ms: 27.566249
      type: 'test'
      ...
    # Subtest: API erişilemezse (5xx / istek sınırı) yedek yol: releases/latest/download bildirgesi okunur ve paket oradan iner
    ok 3 - API erişilemezse (5xx / istek sınırı) yedek yol: releases/latest/download bildirgesi okunur ve paket oradan iner
      ---
      duration_ms: 57.252843
      type: 'test'
      ...
    1..3
ok 1 - güncelleyici: zaman aşımı, per_page, yeniden deneme, yedek yol
  ---
  duration_ms: 689.458262
  type: 'suite'
  ...
# Subtest: orkestratör: periyodik denetim ve mesai içinde erteleme
    # Subtest: servis açıkken 6 saatte bir denetim (sahte süre: 30 ms + kayma)
    ok 1 - servis açıkken 6 saatte bir denetim (sahte süre: 30 ms + kayma)
      ---
      duration_ms: 162.609822
      type: 'test'
      ...
    # Subtest: mesai içinde ve kullanıcı çalışırken bulunan sürüm kurulmaz, 'hazır' olarak bekler; mesai dışında kurulur
    ok 2 - mesai içinde ve kullanıcı çalışırken bulunan sürüm kurulmaz, 'hazır' olarak bekler; mesai dışında kurulur
      ---
      duration_ms: 1.602969
      type: 'test'
      ...
    # Subtest: kendiliğinden kur KAPALIYKEN de açılışta ve 6 saatte bir denetlenir; bulunan sürüm kurulmaz, 'hazır' görünür
    ok 3 - kendiliğinden kur KAPALIYKEN de açılışta ve 6 saatte bir denetlenir; bulunan sürüm kurulmaz, 'hazır' görünür
      ---
      duration_ms: 142.135506
      type: 'test'
      ...
    # Subtest: ertelenmiş sürüm, yönetici bu arada 'kendiliğinden kur'u kapatırsa saatlik bakışta kurulmaz
    ok 4 - ertelenmiş sürüm, yönetici bu arada 'kendiliğinden kur'u kapatırsa saatlik bakışta kurulmaz
      ---
      duration_ms: 152.029962
      type: 'test'
      ...
    # Subtest: elle denetim 3 deneme ister; mesai dışı tanımı: hafta içi 20:00–07:00 ve hafta sonu
    ok 5 - elle denetim 3 deneme ister; mesai dışı tanımı: hafta içi 20:00–07:00 ve hafta sonu
      ---
      duration_ms: 1.042619
      type: 'test'
      ...
    1..5
ok 2 - orkestratör: periyodik denetim ve mesai içinde erteleme
  ---
  duration_ms: 460.401577
  type: 'suite'
  ...
# Subtest: servis yöneticisi (supervisor)
    # Subtest: bakım sayfası markalı, otomatik yenilenen bir HTML üretir
    ok 1 - bakım sayfası markalı, otomatik yenilenen bir HTML üretir
      ---
      duration_ms: 0.923614
      type: 'test'
      ...
    # Subtest: istekleri uygulamaya iletir; oturum çerezi ve istemci IP'si korunur
    ok 2 - istekleri uygulamaya iletir; oturum çerezi ve istemci IP'si korunur
      ---
      duration_ms: 88.931845
      type: 'test'
      ...
    # Subtest: canlı olay akışını (SSE) kapıdan geçirir; tarayıcı kapanınca uygulama tarafı da kapanır
    ok 3 - canlı olay akışını (SSE) kapıdan geçirir; tarayıcı kapanınca uygulama tarafı da kapanır
      ---
      duration_ms: 71.253556
      type: 'test'
      ...
    # Subtest: UDP keşif sinyaline sunucu adresiyle yanıt verir
    ok 4 - UDP keşif sinyaline sunucu adresiyle yanıt verir
      ---
      duration_ms: 802.088966
      type: 'test'
      ...
    # Subtest: uygulama çökerse bakım yanıtı verir ve kendini yeniden başlatır
    ok 5 - uygulama çökerse bakım yanıtı verir ve kendini yeniden başlatır
      ---
      duration_ms: 1553.684834
      type: 'test'
      ...
    # Subtest: güncelleme kipinde kullanıcıya 'Sistem güncelleniyor' sayfası gösterir
    ok 6 - güncelleme kipinde kullanıcıya 'Sistem güncelleniyor' sayfası gösterir
      ---
      duration_ms: 551.833092
      type: 'test'
      ...
    1..6
ok 3 - servis yöneticisi (supervisor)
  ---
  duration_ms: 3745.870388
  type: 'suite'
  ...
# Subtest: servis günlükleri
    # Subtest: nssm'in kenara ayırdığı eski günlüklerden yalnızca en yeni 10 tanesi kalır
    ok 1 - nssm'in kenara ayırdığı eski günlüklerden yalnızca en yeni 10 tanesi kalır
      ---
      duration_ms: 6.380507
      type: 'test'
      ...
    1..1
ok 4 - servis günlükleri
  ---
  duration_ms: 6.878685
  type: 'suite'
  ...
# Subtest: öksüz süreç koruması
    # Subtest: servis yöneticisi zorla kapatılınca uygulama da kapanır
    ok 1 - servis yöneticisi zorla kapatılınca uygulama da kapanır
      ---
      duration_ms: 7463.953823
      type: 'test'
      ...
    1..1
ok 5 - öksüz süreç koruması
  ---
  duration_ms: 7464.347451
  type: 'suite'
  ...
# Subtest: otomatik güncelleme akışı
    # Subtest: açılışta yeni sürüm indirilir, bakım sayfası gösterilir, yeni sürüme geçilir; veriler korunur
    ok 1 - açılışta yeni sürüm indirilir, bakım sayfası gösterilir, yeni sürüme geçilir; veriler korunur
      ---
      duration_ms: 3851.891891
      type: 'test'
      ...
    # Subtest: yeni sürüm açılamazsa veritabanı ve sürüm geri alınır; o sürüm bir daha denenmez
    ok 2 - yeni sürüm açılamazsa veritabanı ve sürüm geri alınır; o sürüm bir daha denenmez
      ---
      duration_ms: 2085.009542
      type: 'test'
      ...
    # Subtest: otomatik güncelleme kapalıyken yönetici panelinden denetlenip kurulabilir
    ok 3 - otomatik güncelleme kapalıyken yönetici panelinden denetlenip kurulabilir
      ---
      duration_ms: 4877.936921
      type: 'test'
      ...
    # Subtest: elektrik kesintisinden kalan onaylanmamış sürüm açılışta denenir, açılmazsa önceki sürüme dönülür
    ok 4 - elektrik kesintisinden kalan onaylanmamış sürüm açılışta denenir, açılmazsa önceki sürüme dönülür
      ---
      duration_ms: 958.595251
      type: 'test'
      ...
    # Subtest: güncelleme sunucusuna ulaşılamazsa uygulama normal açılır
    ok 5 - güncelleme sunucusuna ulaşılamazsa uygulama normal açılır
      ---
      duration_ms: 711.097231
      type: 'test'
      ...
    1..5
ok 6 - otomatik güncelleme akışı
  ---
  duration_ms: 12486.239363
  type: 'suite'
  ...
# Subtest: yazım düzeni: başlıklarda her sözcüğün ilk harfi büyük
    # Subtest: arayüz dosyalarında kurala uymayan ad yok
    ok 1 - arayüz dosyalarında kurala uymayan ad yok
      ---
      duration_ms: 64.116112
      type: 'test'
      ...
    # Subtest: rapor, PDF ve Excel başlıklarında kurala uymayan ad yok
    ok 2 - rapor, PDF ve Excel başlıklarında kurala uymayan ad yok
      ---
      duration_ms: 26.701189
      type: 'test'
      ...
    1..2
ok 7 - yazım düzeni: başlıklarda her sözcüğün ilk harfi büyük
  ---
  duration_ms: 92.067153
  type: 'suite'
  ...
1..7
# tests 23
# suites 7
# pass 23
# fail 0
# cancelled 0
# skipped 0
# todo 0
# duration_ms 26383.566026
